Copyright 1986-2022 Xilinx, Inc. All Rights Reserved. Copyright 2022-2024 Advanced Micro Devices, Inc. All Rights Reserved.
---------------------------------------------------------------------------------------------------------------------------------------------
| Tool Version : Vivado v.2024.2 (lin64) Build 5239630 Fri Nov 08 22:34:34 MST 2024
| Date         : Mon Apr 13 20:28:18 2026
| Host         : aleem-Latitude-5480 running 64-bit Ubuntu 24.04.4 LTS
| Command      : report_control_sets -verbose -file ./synth_v3_timing_output/control_sets.rpt
| Design       : streaming_attention_v3
| Device       : xc7z020
---------------------------------------------------------------------------------------------------------------------------------------------

Control Set Information

Table of Contents
-----------------
1. Summary
2. Histogram
3. Flip-Flop Distribution
4. Detailed Control Set Information

1. Summary
----------

+----------------------------------------------------------+-------+
|                          Status                          | Count |
+----------------------------------------------------------+-------+
| Total control sets                                       |    69 |
|    Minimum number of control sets                        |    69 |
|    Addition due to synthesis replication                 |     0 |
|    Addition due to physical synthesis replication        |     0 |
| Unused register locations in slices containing registers |    84 |
+----------------------------------------------------------+-------+
* Control sets can be merged at opt_design using control_set_merge or merge_equivalent_drivers
** Run report_qor_suggestions for automated merging and remapping suggestions


2. Histogram
------------

+--------------------+-------+
|       Fanout       | Count |
+--------------------+-------+
| Total control sets |    69 |
| >= 0 to < 4        |     0 |
| >= 4 to < 6        |     2 |
| >= 6 to < 8        |     0 |
| >= 8 to < 10       |     0 |
| >= 10 to < 12      |     1 |
| >= 12 to < 14      |     0 |
| >= 14 to < 16      |     1 |
| >= 16              |    65 |
+--------------------+-------+
* Control sets can be remapped at either synth_design or opt_design


3. Flip-Flop Distribution
-------------------------

+--------------+-----------------------+------------------------+-----------------+--------------+
| Clock Enable | Synchronous Set/Reset | Asynchronous Set/Reset | Total Registers | Total Slices |
+--------------+-----------------------+------------------------+-----------------+--------------+
| No           | No                    | No                     |               0 |            0 |
| No           | No                    | Yes                    |              10 |            0 |
| No           | Yes                   | No                     |               0 |            0 |
| Yes          | No                    | No                     |               0 |            0 |
| Yes          | No                    | Yes                    |            1514 |            0 |
| Yes          | Yes                   | No                     |               0 |            0 |
+--------------+-----------------------+------------------------+-----------------+--------------+


4. Detailed Control Set Information
-----------------------------------

+--------------+-------------------------------------------+----------------------+------------------+----------------+--------------+
| Clock Signal |               Enable Signal               |   Set/Reset Signal   | Slice Load Count | Bel Load Count | Bels / Slice |
+--------------+-------------------------------------------+----------------------+------------------+----------------+--------------+
|  clk         | softmax_inst/FSM_onehot_state_reg[2]_0[0] | softmax_inst/rst_n_0 |                0 |              4 |           NA |
|  clk         | query_idx[3]_i_1_n_0                      | softmax_inst/rst_n_0 |                0 |              4 |           NA |
|  clk         |                                           | softmax_inst/rst_n_0 |                0 |             10 |           NA |
|  clk         | softmax_inst/E[0]                         | softmax_inst/rst_n_0 |                0 |             14 |           NA |
|  clk         | elem_idx[5]_i_1_n_0                       | softmax_inst/rst_n_0 |                0 |             20 |           NA |
|  clk         | softmax_inst/elem_idx_reg[1]_rep__1[0]    | softmax_inst/rst_n_0 |                0 |             23 |           NA |
|  clk         | softmax_inst/FSM_onehot_state_reg[9]_0[0] | softmax_inst/rst_n_0 |                0 |             23 |           NA |
|  clk         | softmax_inst/elem_idx_reg[4]_4[0]         | softmax_inst/rst_n_0 |                0 |             23 |           NA |
|  clk         | softmax_inst/FSM_onehot_state_reg[9]_1[0] | softmax_inst/rst_n_0 |                0 |             23 |           NA |
|  clk         | softmax_inst/valid_reg_4[0]               | softmax_inst/rst_n_0 |                0 |             23 |           NA |
|  clk         | softmax_inst/elem_idx_reg[4]_5[0]         | softmax_inst/rst_n_0 |                0 |             23 |           NA |
|  clk         | softmax_inst/elem_idx_reg[3]_4[0]         | softmax_inst/rst_n_0 |                0 |             23 |           NA |
|  clk         | softmax_inst/elem_idx_reg[0]_rep__2[0]    | softmax_inst/rst_n_0 |                0 |             23 |           NA |
|  clk         | softmax_inst/valid_reg_8[0]               | softmax_inst/rst_n_0 |                0 |             23 |           NA |
|  clk         | softmax_inst/elem_idx_reg[3]_2[0]         | softmax_inst/rst_n_0 |                0 |             23 |           NA |
|  clk         | softmax_inst/valid_reg_7[0]               | softmax_inst/rst_n_0 |                0 |             23 |           NA |
|  clk         | softmax_inst/elem_idx_reg[4]_6[0]         | softmax_inst/rst_n_0 |                0 |             23 |           NA |
|  clk         | softmax_inst/elem_idx_reg[0]_rep_1[0]     | softmax_inst/rst_n_0 |                0 |             23 |           NA |
|  clk         | softmax_inst/elem_idx_reg[4]_13[0]        | softmax_inst/rst_n_0 |                0 |             23 |           NA |
|  clk         | softmax_inst/elem_idx_reg[3]_5[0]         | softmax_inst/rst_n_0 |                0 |             23 |           NA |
|  clk         | softmax_inst/elem_idx_reg[1]_rep__2_0[0]  | softmax_inst/rst_n_0 |                0 |             23 |           NA |
|  clk         | softmax_inst/elem_idx_reg[0]_rep_0[0]     | softmax_inst/rst_n_0 |                0 |             23 |           NA |
|  clk         | softmax_inst/elem_idx_reg[4]_3[0]         | softmax_inst/rst_n_0 |                0 |             23 |           NA |
|  clk         | softmax_inst/FSM_onehot_state_reg[9][0]   | softmax_inst/rst_n_0 |                0 |             23 |           NA |
|  clk         | softmax_inst/elem_idx_reg[5][0]           | softmax_inst/rst_n_0 |                0 |             23 |           NA |
|  clk         | softmax_inst/valid_reg_3[0]               | softmax_inst/rst_n_0 |                0 |             23 |           NA |
|  clk         | softmax_inst/elem_idx_reg[3]_0[0]         | softmax_inst/rst_n_0 |                0 |             23 |           NA |
|  clk         | softmax_inst/valid_reg_0[0]               | softmax_inst/rst_n_0 |                0 |             23 |           NA |
|  clk         | softmax_inst/elem_idx_reg[5]_0[0]         | softmax_inst/rst_n_0 |                0 |             23 |           NA |
|  clk         | softmax_inst/valid_reg_1[0]               | softmax_inst/rst_n_0 |                0 |             23 |           NA |
|  clk         | softmax_inst/elem_idx_reg[1]_rep[0]       | softmax_inst/rst_n_0 |                0 |             23 |           NA |
|  clk         | softmax_inst/elem_idx_reg[0]_rep[0]       | softmax_inst/rst_n_0 |                0 |             23 |           NA |
|  clk         | softmax_inst/valid_reg_2[0]               | softmax_inst/rst_n_0 |                0 |             23 |           NA |
|  clk         | softmax_inst/elem_idx_reg[0]_rep__2_0[0]  | softmax_inst/rst_n_0 |                0 |             23 |           NA |
|  clk         | softmax_inst/elem_idx_reg[1]_rep__2[0]    | softmax_inst/rst_n_0 |                0 |             23 |           NA |
|  clk         | softmax_inst/elem_idx_reg[3]_3[0]         | softmax_inst/rst_n_0 |                0 |             23 |           NA |
|  clk         | softmax_inst/elem_idx_reg[4]_7[0]         | softmax_inst/rst_n_0 |                0 |             23 |           NA |
|  clk         | softmax_inst/elem_idx_reg[2]_rep__0[0]    | softmax_inst/rst_n_0 |                0 |             23 |           NA |
|  clk         | softmax_inst/elem_idx_reg[4][0]           | softmax_inst/rst_n_0 |                0 |             23 |           NA |
|  clk         | softmax_inst/elem_idx_reg[2]_rep__0_10[0] | softmax_inst/rst_n_0 |                0 |             23 |           NA |
|  clk         | softmax_inst/elem_idx_reg[2]_rep__0_5[0]  | softmax_inst/rst_n_0 |                0 |             23 |           NA |
|  clk         | softmax_inst/elem_idx_reg[4]_11[0]        | softmax_inst/rst_n_0 |                0 |             23 |           NA |
|  clk         | softmax_inst/elem_idx_reg[4]_1[0]         | softmax_inst/rst_n_0 |                0 |             23 |           NA |
|  clk         | softmax_inst/elem_idx_reg[5]_2[0]         | softmax_inst/rst_n_0 |                0 |             23 |           NA |
|  clk         | softmax_inst/elem_idx_reg[4]_10[0]        | softmax_inst/rst_n_0 |                0 |             23 |           NA |
|  clk         | softmax_inst/valid_reg_5[0]               | softmax_inst/rst_n_0 |                0 |             23 |           NA |
|  clk         | softmax_inst/elem_idx_reg[2]_rep__0_2[0]  | softmax_inst/rst_n_0 |                0 |             23 |           NA |
|  clk         | softmax_inst/elem_idx_reg[2]_rep__0_9[0]  | softmax_inst/rst_n_0 |                0 |             23 |           NA |
|  clk         | softmax_inst/elem_idx_reg[3]_1[0]         | softmax_inst/rst_n_0 |                0 |             23 |           NA |
|  clk         | softmax_inst/elem_idx_reg[5]_1[0]         | softmax_inst/rst_n_0 |                0 |             23 |           NA |
|  clk         | softmax_inst/elem_idx_reg[2]_rep[0]       | softmax_inst/rst_n_0 |                0 |             23 |           NA |
|  clk         | softmax_inst/elem_idx_reg[2]_rep__0_1[0]  | softmax_inst/rst_n_0 |                0 |             23 |           NA |
|  clk         | softmax_inst/elem_idx_reg[6][0]           | softmax_inst/rst_n_0 |                0 |             23 |           NA |
|  clk         | softmax_inst/elem_idx_reg[2]_rep__0_7[0]  | softmax_inst/rst_n_0 |                0 |             23 |           NA |
|  clk         | softmax_inst/elem_idx_reg[2]_rep__0_11[0] | softmax_inst/rst_n_0 |                0 |             23 |           NA |
|  clk         | softmax_inst/elem_idx_reg[2]_rep__0_3[0]  | softmax_inst/rst_n_0 |                0 |             23 |           NA |
|  clk         | softmax_inst/elem_idx_reg[0]_rep_2[0]     | softmax_inst/rst_n_0 |                0 |             23 |           NA |
|  clk         | softmax_inst/elem_idx_reg[2]_rep__0_4[0]  | softmax_inst/rst_n_0 |                0 |             23 |           NA |
|  clk         | softmax_inst/elem_idx_reg[4]_12[0]        | softmax_inst/rst_n_0 |                0 |             23 |           NA |
|  clk         | softmax_inst/elem_idx_reg[2]_rep__0_8[0]  | softmax_inst/rst_n_0 |                0 |             23 |           NA |
|  clk         | softmax_inst/elem_idx_reg[4]_0[0]         | softmax_inst/rst_n_0 |                0 |             23 |           NA |
|  clk         | softmax_inst/elem_idx_reg[2]_rep__0_12[0] | softmax_inst/rst_n_0 |                0 |             23 |           NA |
|  clk         | softmax_inst/elem_idx_reg[2]_rep__0_0[0]  | softmax_inst/rst_n_0 |                0 |             23 |           NA |
|  clk         | softmax_inst/elem_idx_reg[4]_2[0]         | softmax_inst/rst_n_0 |                0 |             23 |           NA |
|  clk         | softmax_inst/elem_idx_reg[4]_8[0]         | softmax_inst/rst_n_0 |                0 |             23 |           NA |
|  clk         | softmax_inst/valid_reg_6[0]               | softmax_inst/rst_n_0 |                0 |             23 |           NA |
|  clk         | softmax_inst/elem_idx_reg[2]_rep__0_6[0]  | softmax_inst/rst_n_0 |                0 |             23 |           NA |
|  clk         | softmax_inst/FSM_onehot_state_reg[9]_2[0] | softmax_inst/rst_n_0 |                0 |             23 |           NA |
|  clk         | softmax_inst/elem_idx_reg[4]_9[0]         | softmax_inst/rst_n_0 |                0 |             23 |           NA |
+--------------+-------------------------------------------+----------------------+------------------+----------------+--------------+


