Copyright 1986-2022 Xilinx, Inc. All Rights Reserved. Copyright 2022-2024 Advanced Micro Devices, Inc. All Rights Reserved.
-----------------------------------------------------------------------------------------------------------------------------------------------------------------------------------
| Tool Version : Vivado v.2024.2 (lin64) Build 5239630 Fri Nov 08 22:34:34 MST 2024
| Date         : Mon Apr 13 20:28:13 2026
| Host         : aleem-Latitude-5480 running 64-bit Ubuntu 24.04.4 LTS
| Command      : report_timing -max_paths 20 -nworst 1 -delay_type max -sort_by slack -path_type full -input_pins -routable_nets -file ./synth_v3_timing_output/critical_paths.rpt
| Design       : streaming_attention_v3
| Device       : 7z020-clg400
| Speed File   : -1  PRODUCTION 1.12 2019-11-22
| Design State : Synthesized
-----------------------------------------------------------------------------------------------------------------------------------------------------------------------------------

Timing Report

Slack (VIOLATED) :        -1.342ns  (required time - arrival time)
  Source:                 v_data[7]
                            (input port clocked by clk  {rise@0.000ns fall@5.000ns period=10.000ns})
  Destination:            output_row_reg[63][21]/D
                            (rising edge-triggered cell FDCE clocked by clk  {rise@0.000ns fall@5.000ns period=10.000ns})
  Path Group:             clk
  Path Type:              Setup (Max at Slow Process Corner)
  Requirement:            10.000ns  (clk rise@10.000ns - clk rise@0.000ns)
  Data Path Delay:        9.108ns  (logic 6.669ns (73.224%)  route 2.439ns (26.776%))
  Logic Levels:           6  (CARRY4=2 DSP48E1=2 LUT2=1 LUT4=1)
  Input Delay:            3.000ns
  Clock Path Skew:        0.924ns (DCD - SCD + CPR)
    Destination Clock Delay (DCD):    0.924ns = ( 10.924 - 10.000 ) 
    Source Clock Delay      (SCD):    0.000ns
    Clock Pessimism Removal (CPR):    0.000ns
  Clock Uncertainty:      0.235ns  ((TSJ^2 + TIJ^2)^1/2 + DJ) / 2 + PE + UU
    Total System Jitter     (TSJ):    0.071ns
    Total Input Jitter      (TIJ):    0.000ns
    Discrete Jitter          (DJ):    0.000ns
    Phase Error              (PE):    0.000ns
    User Uncertainty         (UU):    0.200ns

    Location             Delay type                Incr(ns)  Path(ns)    Netlist Resource(s)
  -------------------------------------------------------------------    -------------------
                         (clock clk rise edge)        0.000     0.000 r  
                         propagated clock network latency
                                                      0.000     0.000    
                         input delay                  3.000     3.000    
                                                      0.000     3.000 r  v_data[7] (IN)
                         net (fo=21, unset)           0.973     3.973    v_data[7]
                                                                      r  p_1_out/B[17]
                         DSP48E1 (Prop_dsp48e1_B[17]_PCOUT[47])
                                                      3.851     7.824 r  p_1_out/PCOUT[47]
                         net (fo=1, unplaced)         0.055     7.879    p_1_out_n_106
                                                                      r  p_1_out__0/PCIN[47]
                         DSP48E1 (Prop_dsp48e1_PCIN[47]_P[0])
                                                      1.518     9.397 r  p_1_out__0/P[0]
                         net (fo=3, unplaced)         0.800    10.197    p_0_in[17]
                                                                      r  output_row[63][19]_i_5/I1
                         LUT2 (Prop_lut2_I1_O)        0.124    10.321 r  output_row[63][19]_i_5/O
                         net (fo=1, unplaced)         0.000    10.321    output_row[63][19]_i_5_n_0
                                                                      r  output_row_reg[63][19]_i_2/S[1]
                         CARRY4 (Prop_carry4_S[1]_CO[3])
                                                      0.533    10.854 r  output_row_reg[63][19]_i_2/CO[3]
                         net (fo=1, unplaced)         0.000    10.854    output_row_reg[63][19]_i_2_n_0
                                                                      r  output_row_reg[63][22]_i_3/CI
                         CARRY4 (Prop_carry4_CI_O[1])
                                                      0.337    11.191 r  output_row_reg[63][22]_i_3/O[1]
                         net (fo=1, unplaced)         0.611    11.802    data0[21]
                                                                      r  output_row[63][21]_i_1/I0
                         LUT4 (Prop_lut4_I0_O)        0.306    12.108 r  output_row[63][21]_i_1/O
                         net (fo=1, unplaced)         0.000    12.108    output_row[63][21]_i_1_n_0
                         FDCE                                         r  output_row_reg[63][21]/D
  -------------------------------------------------------------------    -------------------

                         (clock clk rise edge)       10.000    10.000 r  
                         propagated clock network latency
                                                      0.924    10.924    
                         clock pessimism              0.000    10.924    
                         clock uncertainty           -0.235    10.689    
                         FDCE (Setup_fdce_C_D)        0.077    10.766    output_row_reg[63][21]
  -------------------------------------------------------------------
                         required time                         10.766    
                         arrival time                         -12.108    
  -------------------------------------------------------------------
                         slack                                 -1.342    

Slack (VIOLATED) :        -1.134ns  (required time - arrival time)
  Source:                 v_data[7]
                            (input port clocked by clk  {rise@0.000ns fall@5.000ns period=10.000ns})
  Destination:            output_row_reg[0][19]/D
                            (rising edge-triggered cell FDCE clocked by clk  {rise@0.000ns fall@5.000ns period=10.000ns})
  Path Group:             clk
  Path Type:              Setup (Max at Slow Process Corner)
  Requirement:            10.000ns  (clk rise@10.000ns - clk rise@0.000ns)
  Data Path Delay:        8.900ns  (logic 6.443ns (72.396%)  route 2.457ns (27.604%))
  Logic Levels:           5  (CARRY4=1 DSP48E1=2 LUT2=1 LUT6=1)
  Input Delay:            3.000ns
  Clock Path Skew:        0.924ns (DCD - SCD + CPR)
    Destination Clock Delay (DCD):    0.924ns = ( 10.924 - 10.000 ) 
    Source Clock Delay      (SCD):    0.000ns
    Clock Pessimism Removal (CPR):    0.000ns
  Clock Uncertainty:      0.235ns  ((TSJ^2 + TIJ^2)^1/2 + DJ) / 2 + PE + UU
    Total System Jitter     (TSJ):    0.071ns
    Total Input Jitter      (TIJ):    0.000ns
    Discrete Jitter          (DJ):    0.000ns
    Phase Error              (PE):    0.000ns
    User Uncertainty         (UU):    0.200ns

    Location             Delay type                Incr(ns)  Path(ns)    Netlist Resource(s)
  -------------------------------------------------------------------    -------------------
                         (clock clk rise edge)        0.000     0.000 r  
                         propagated clock network latency
                                                      0.000     0.000    
                         input delay                  3.000     3.000    
                                                      0.000     3.000 r  v_data[7] (IN)
                         net (fo=21, unset)           0.973     3.973    v_data[7]
                                                                      r  p_1_out/B[17]
                         DSP48E1 (Prop_dsp48e1_B[17]_PCOUT[47])
                                                      3.851     7.824 r  p_1_out/PCOUT[47]
                         net (fo=1, unplaced)         0.055     7.879    p_1_out_n_106
                                                                      r  p_1_out__0/PCIN[47]
                         DSP48E1 (Prop_dsp48e1_PCIN[47]_P[0])
                                                      1.518     9.397 r  p_1_out__0/P[0]
                         net (fo=3, unplaced)         0.800    10.197    p_0_in[17]
                                                                      r  output_row[1][19]_i_5/I5
                         LUT6 (Prop_lut6_I5_O)        0.124    10.321 r  output_row[1][19]_i_5/O
                         net (fo=1, unplaced)         0.000    10.321    output_row[1][19]_i_5_n_0
                                                                      r  output_row_reg[1][19]_i_2/S[1]
                         CARRY4 (Prop_carry4_S[1]_O[3])
                                                      0.643    10.964 r  output_row_reg[1][19]_i_2/O[3]
                         net (fo=2, unplaced)         0.629    11.593    data1[19]
                                                                      r  output_row[1][19]_i_1/I1
                         LUT2 (Prop_lut2_I1_O)        0.307    11.900 r  output_row[1][19]_i_1/O
                         net (fo=63, unplaced)        0.000    11.900    output_row[1][19]_i_1_n_0
                         FDCE                                         r  output_row_reg[0][19]/D
  -------------------------------------------------------------------    -------------------

                         (clock clk rise edge)       10.000    10.000 r  
                         propagated clock network latency
                                                      0.924    10.924    
                         clock pessimism              0.000    10.924    
                         clock uncertainty           -0.235    10.689    
                         FDCE (Setup_fdce_C_D)        0.077    10.766    output_row_reg[0][19]
  -------------------------------------------------------------------
                         required time                         10.766    
                         arrival time                         -11.900    
  -------------------------------------------------------------------
                         slack                                 -1.134    

Slack (VIOLATED) :        -1.134ns  (required time - arrival time)
  Source:                 v_data[7]
                            (input port clocked by clk  {rise@0.000ns fall@5.000ns period=10.000ns})
  Destination:            output_row_reg[10][19]/D
                            (rising edge-triggered cell FDCE clocked by clk  {rise@0.000ns fall@5.000ns period=10.000ns})
  Path Group:             clk
  Path Type:              Setup (Max at Slow Process Corner)
  Requirement:            10.000ns  (clk rise@10.000ns - clk rise@0.000ns)
  Data Path Delay:        8.900ns  (logic 6.443ns (72.396%)  route 2.457ns (27.604%))
  Logic Levels:           5  (CARRY4=1 DSP48E1=2 LUT2=1 LUT6=1)
  Input Delay:            3.000ns
  Clock Path Skew:        0.924ns (DCD - SCD + CPR)
    Destination Clock Delay (DCD):    0.924ns = ( 10.924 - 10.000 ) 
    Source Clock Delay      (SCD):    0.000ns
    Clock Pessimism Removal (CPR):    0.000ns
  Clock Uncertainty:      0.235ns  ((TSJ^2 + TIJ^2)^1/2 + DJ) / 2 + PE + UU
    Total System Jitter     (TSJ):    0.071ns
    Total Input Jitter      (TIJ):    0.000ns
    Discrete Jitter          (DJ):    0.000ns
    Phase Error              (PE):    0.000ns
    User Uncertainty         (UU):    0.200ns

    Location             Delay type                Incr(ns)  Path(ns)    Netlist Resource(s)
  -------------------------------------------------------------------    -------------------
                         (clock clk rise edge)        0.000     0.000 r  
                         propagated clock network latency
                                                      0.000     0.000    
                         input delay                  3.000     3.000    
                                                      0.000     3.000 r  v_data[7] (IN)
                         net (fo=21, unset)           0.973     3.973    v_data[7]
                                                                      r  p_1_out/B[17]
                         DSP48E1 (Prop_dsp48e1_B[17]_PCOUT[47])
                                                      3.851     7.824 r  p_1_out/PCOUT[47]
                         net (fo=1, unplaced)         0.055     7.879    p_1_out_n_106
                                                                      r  p_1_out__0/PCIN[47]
                         DSP48E1 (Prop_dsp48e1_PCIN[47]_P[0])
                                                      1.518     9.397 r  p_1_out__0/P[0]
                         net (fo=3, unplaced)         0.800    10.197    p_0_in[17]
                                                                      r  output_row[1][19]_i_5/I5
                         LUT6 (Prop_lut6_I5_O)        0.124    10.321 r  output_row[1][19]_i_5/O
                         net (fo=1, unplaced)         0.000    10.321    output_row[1][19]_i_5_n_0
                                                                      r  output_row_reg[1][19]_i_2/S[1]
                         CARRY4 (Prop_carry4_S[1]_O[3])
                                                      0.643    10.964 r  output_row_reg[1][19]_i_2/O[3]
                         net (fo=2, unplaced)         0.629    11.593    data1[19]
                                                                      r  output_row[1][19]_i_1/I1
                         LUT2 (Prop_lut2_I1_O)        0.307    11.900 r  output_row[1][19]_i_1/O
                         net (fo=63, unplaced)        0.000    11.900    output_row[1][19]_i_1_n_0
                         FDCE                                         r  output_row_reg[10][19]/D
  -------------------------------------------------------------------    -------------------

                         (clock clk rise edge)       10.000    10.000 r  
                         propagated clock network latency
                                                      0.924    10.924    
                         clock pessimism              0.000    10.924    
                         clock uncertainty           -0.235    10.689    
                         FDCE (Setup_fdce_C_D)        0.077    10.766    output_row_reg[10][19]
  -------------------------------------------------------------------
                         required time                         10.766    
                         arrival time                         -11.900    
  -------------------------------------------------------------------
                         slack                                 -1.134    

Slack (VIOLATED) :        -1.134ns  (required time - arrival time)
  Source:                 v_data[7]
                            (input port clocked by clk  {rise@0.000ns fall@5.000ns period=10.000ns})
  Destination:            output_row_reg[11][19]/D
                            (rising edge-triggered cell FDCE clocked by clk  {rise@0.000ns fall@5.000ns period=10.000ns})
  Path Group:             clk
  Path Type:              Setup (Max at Slow Process Corner)
  Requirement:            10.000ns  (clk rise@10.000ns - clk rise@0.000ns)
  Data Path Delay:        8.900ns  (logic 6.443ns (72.396%)  route 2.457ns (27.604%))
  Logic Levels:           5  (CARRY4=1 DSP48E1=2 LUT2=1 LUT6=1)
  Input Delay:            3.000ns
  Clock Path Skew:        0.924ns (DCD - SCD + CPR)
    Destination Clock Delay (DCD):    0.924ns = ( 10.924 - 10.000 ) 
    Source Clock Delay      (SCD):    0.000ns
    Clock Pessimism Removal (CPR):    0.000ns
  Clock Uncertainty:      0.235ns  ((TSJ^2 + TIJ^2)^1/2 + DJ) / 2 + PE + UU
    Total System Jitter     (TSJ):    0.071ns
    Total Input Jitter      (TIJ):    0.000ns
    Discrete Jitter          (DJ):    0.000ns
    Phase Error              (PE):    0.000ns
    User Uncertainty         (UU):    0.200ns

    Location             Delay type                Incr(ns)  Path(ns)    Netlist Resource(s)
  -------------------------------------------------------------------    -------------------
                         (clock clk rise edge)        0.000     0.000 r  
                         propagated clock network latency
                                                      0.000     0.000    
                         input delay                  3.000     3.000    
                                                      0.000     3.000 r  v_data[7] (IN)
                         net (fo=21, unset)           0.973     3.973    v_data[7]
                                                                      r  p_1_out/B[17]
                         DSP48E1 (Prop_dsp48e1_B[17]_PCOUT[47])
                                                      3.851     7.824 r  p_1_out/PCOUT[47]
                         net (fo=1, unplaced)         0.055     7.879    p_1_out_n_106
                                                                      r  p_1_out__0/PCIN[47]
                         DSP48E1 (Prop_dsp48e1_PCIN[47]_P[0])
                                                      1.518     9.397 r  p_1_out__0/P[0]
                         net (fo=3, unplaced)         0.800    10.197    p_0_in[17]
                                                                      r  output_row[1][19]_i_5/I5
                         LUT6 (Prop_lut6_I5_O)        0.124    10.321 r  output_row[1][19]_i_5/O
                         net (fo=1, unplaced)         0.000    10.321    output_row[1][19]_i_5_n_0
                                                                      r  output_row_reg[1][19]_i_2/S[1]
                         CARRY4 (Prop_carry4_S[1]_O[3])
                                                      0.643    10.964 r  output_row_reg[1][19]_i_2/O[3]
                         net (fo=2, unplaced)         0.629    11.593    data1[19]
                                                                      r  output_row[1][19]_i_1/I1
                         LUT2 (Prop_lut2_I1_O)        0.307    11.900 r  output_row[1][19]_i_1/O
                         net (fo=63, unplaced)        0.000    11.900    output_row[1][19]_i_1_n_0
                         FDCE                                         r  output_row_reg[11][19]/D
  -------------------------------------------------------------------    -------------------

                         (clock clk rise edge)       10.000    10.000 r  
                         propagated clock network latency
                                                      0.924    10.924    
                         clock pessimism              0.000    10.924    
                         clock uncertainty           -0.235    10.689    
                         FDCE (Setup_fdce_C_D)        0.077    10.766    output_row_reg[11][19]
  -------------------------------------------------------------------
                         required time                         10.766    
                         arrival time                         -11.900    
  -------------------------------------------------------------------
                         slack                                 -1.134    

Slack (VIOLATED) :        -1.134ns  (required time - arrival time)
  Source:                 v_data[7]
                            (input port clocked by clk  {rise@0.000ns fall@5.000ns period=10.000ns})
  Destination:            output_row_reg[12][19]/D
                            (rising edge-triggered cell FDCE clocked by clk  {rise@0.000ns fall@5.000ns period=10.000ns})
  Path Group:             clk
  Path Type:              Setup (Max at Slow Process Corner)
  Requirement:            10.000ns  (clk rise@10.000ns - clk rise@0.000ns)
  Data Path Delay:        8.900ns  (logic 6.443ns (72.396%)  route 2.457ns (27.604%))
  Logic Levels:           5  (CARRY4=1 DSP48E1=2 LUT2=1 LUT6=1)
  Input Delay:            3.000ns
  Clock Path Skew:        0.924ns (DCD - SCD + CPR)
    Destination Clock Delay (DCD):    0.924ns = ( 10.924 - 10.000 ) 
    Source Clock Delay      (SCD):    0.000ns
    Clock Pessimism Removal (CPR):    0.000ns
  Clock Uncertainty:      0.235ns  ((TSJ^2 + TIJ^2)^1/2 + DJ) / 2 + PE + UU
    Total System Jitter     (TSJ):    0.071ns
    Total Input Jitter      (TIJ):    0.000ns
    Discrete Jitter          (DJ):    0.000ns
    Phase Error              (PE):    0.000ns
    User Uncertainty         (UU):    0.200ns

    Location             Delay type                Incr(ns)  Path(ns)    Netlist Resource(s)
  -------------------------------------------------------------------    -------------------
                         (clock clk rise edge)        0.000     0.000 r  
                         propagated clock network latency
                                                      0.000     0.000    
                         input delay                  3.000     3.000    
                                                      0.000     3.000 r  v_data[7] (IN)
                         net (fo=21, unset)           0.973     3.973    v_data[7]
                                                                      r  p_1_out/B[17]
                         DSP48E1 (Prop_dsp48e1_B[17]_PCOUT[47])
                                                      3.851     7.824 r  p_1_out/PCOUT[47]
                         net (fo=1, unplaced)         0.055     7.879    p_1_out_n_106
                                                                      r  p_1_out__0/PCIN[47]
                         DSP48E1 (Prop_dsp48e1_PCIN[47]_P[0])
                                                      1.518     9.397 r  p_1_out__0/P[0]
                         net (fo=3, unplaced)         0.800    10.197    p_0_in[17]
                                                                      r  output_row[1][19]_i_5/I5
                         LUT6 (Prop_lut6_I5_O)        0.124    10.321 r  output_row[1][19]_i_5/O
                         net (fo=1, unplaced)         0.000    10.321    output_row[1][19]_i_5_n_0
                                                                      r  output_row_reg[1][19]_i_2/S[1]
                         CARRY4 (Prop_carry4_S[1]_O[3])
                                                      0.643    10.964 r  output_row_reg[1][19]_i_2/O[3]
                         net (fo=2, unplaced)         0.629    11.593    data1[19]
                                                                      r  output_row[1][19]_i_1/I1
                         LUT2 (Prop_lut2_I1_O)        0.307    11.900 r  output_row[1][19]_i_1/O
                         net (fo=63, unplaced)        0.000    11.900    output_row[1][19]_i_1_n_0
                         FDCE                                         r  output_row_reg[12][19]/D
  -------------------------------------------------------------------    -------------------

                         (clock clk rise edge)       10.000    10.000 r  
                         propagated clock network latency
                                                      0.924    10.924    
                         clock pessimism              0.000    10.924    
                         clock uncertainty           -0.235    10.689    
                         FDCE (Setup_fdce_C_D)        0.077    10.766    output_row_reg[12][19]
  -------------------------------------------------------------------
                         required time                         10.766    
                         arrival time                         -11.900    
  -------------------------------------------------------------------
                         slack                                 -1.134    

Slack (VIOLATED) :        -1.134ns  (required time - arrival time)
  Source:                 v_data[7]
                            (input port clocked by clk  {rise@0.000ns fall@5.000ns period=10.000ns})
  Destination:            output_row_reg[13][19]/D
                            (rising edge-triggered cell FDCE clocked by clk  {rise@0.000ns fall@5.000ns period=10.000ns})
  Path Group:             clk
  Path Type:              Setup (Max at Slow Process Corner)
  Requirement:            10.000ns  (clk rise@10.000ns - clk rise@0.000ns)
  Data Path Delay:        8.900ns  (logic 6.443ns (72.396%)  route 2.457ns (27.604%))
  Logic Levels:           5  (CARRY4=1 DSP48E1=2 LUT2=1 LUT6=1)
  Input Delay:            3.000ns
  Clock Path Skew:        0.924ns (DCD - SCD + CPR)
    Destination Clock Delay (DCD):    0.924ns = ( 10.924 - 10.000 ) 
    Source Clock Delay      (SCD):    0.000ns
    Clock Pessimism Removal (CPR):    0.000ns
  Clock Uncertainty:      0.235ns  ((TSJ^2 + TIJ^2)^1/2 + DJ) / 2 + PE + UU
    Total System Jitter     (TSJ):    0.071ns
    Total Input Jitter      (TIJ):    0.000ns
    Discrete Jitter          (DJ):    0.000ns
    Phase Error              (PE):    0.000ns
    User Uncertainty         (UU):    0.200ns

    Location             Delay type                Incr(ns)  Path(ns)    Netlist Resource(s)
  -------------------------------------------------------------------    -------------------
                         (clock clk rise edge)        0.000     0.000 r  
                         propagated clock network latency
                                                      0.000     0.000    
                         input delay                  3.000     3.000    
                                                      0.000     3.000 r  v_data[7] (IN)
                         net (fo=21, unset)           0.973     3.973    v_data[7]
                                                                      r  p_1_out/B[17]
                         DSP48E1 (Prop_dsp48e1_B[17]_PCOUT[47])
                                                      3.851     7.824 r  p_1_out/PCOUT[47]
                         net (fo=1, unplaced)         0.055     7.879    p_1_out_n_106
                                                                      r  p_1_out__0/PCIN[47]
                         DSP48E1 (Prop_dsp48e1_PCIN[47]_P[0])
                                                      1.518     9.397 r  p_1_out__0/P[0]
                         net (fo=3, unplaced)         0.800    10.197    p_0_in[17]
                                                                      r  output_row[1][19]_i_5/I5
                         LUT6 (Prop_lut6_I5_O)        0.124    10.321 r  output_row[1][19]_i_5/O
                         net (fo=1, unplaced)         0.000    10.321    output_row[1][19]_i_5_n_0
                                                                      r  output_row_reg[1][19]_i_2/S[1]
                         CARRY4 (Prop_carry4_S[1]_O[3])
                                                      0.643    10.964 r  output_row_reg[1][19]_i_2/O[3]
                         net (fo=2, unplaced)         0.629    11.593    data1[19]
                                                                      r  output_row[1][19]_i_1/I1
                         LUT2 (Prop_lut2_I1_O)        0.307    11.900 r  output_row[1][19]_i_1/O
                         net (fo=63, unplaced)        0.000    11.900    output_row[1][19]_i_1_n_0
                         FDCE                                         r  output_row_reg[13][19]/D
  -------------------------------------------------------------------    -------------------

                         (clock clk rise edge)       10.000    10.000 r  
                         propagated clock network latency
                                                      0.924    10.924    
                         clock pessimism              0.000    10.924    
                         clock uncertainty           -0.235    10.689    
                         FDCE (Setup_fdce_C_D)        0.077    10.766    output_row_reg[13][19]
  -------------------------------------------------------------------
                         required time                         10.766    
                         arrival time                         -11.900    
  -------------------------------------------------------------------
                         slack                                 -1.134    

Slack (VIOLATED) :        -1.134ns  (required time - arrival time)
  Source:                 v_data[7]
                            (input port clocked by clk  {rise@0.000ns fall@5.000ns period=10.000ns})
  Destination:            output_row_reg[14][19]/D
                            (rising edge-triggered cell FDCE clocked by clk  {rise@0.000ns fall@5.000ns period=10.000ns})
  Path Group:             clk
  Path Type:              Setup (Max at Slow Process Corner)
  Requirement:            10.000ns  (clk rise@10.000ns - clk rise@0.000ns)
  Data Path Delay:        8.900ns  (logic 6.443ns (72.396%)  route 2.457ns (27.604%))
  Logic Levels:           5  (CARRY4=1 DSP48E1=2 LUT2=1 LUT6=1)
  Input Delay:            3.000ns
  Clock Path Skew:        0.924ns (DCD - SCD + CPR)
    Destination Clock Delay (DCD):    0.924ns = ( 10.924 - 10.000 ) 
    Source Clock Delay      (SCD):    0.000ns
    Clock Pessimism Removal (CPR):    0.000ns
  Clock Uncertainty:      0.235ns  ((TSJ^2 + TIJ^2)^1/2 + DJ) / 2 + PE + UU
    Total System Jitter     (TSJ):    0.071ns
    Total Input Jitter      (TIJ):    0.000ns
    Discrete Jitter          (DJ):    0.000ns
    Phase Error              (PE):    0.000ns
    User Uncertainty         (UU):    0.200ns

    Location             Delay type                Incr(ns)  Path(ns)    Netlist Resource(s)
  -------------------------------------------------------------------    -------------------
                         (clock clk rise edge)        0.000     0.000 r  
                         propagated clock network latency
                                                      0.000     0.000    
                         input delay                  3.000     3.000    
                                                      0.000     3.000 r  v_data[7] (IN)
                         net (fo=21, unset)           0.973     3.973    v_data[7]
                                                                      r  p_1_out/B[17]
                         DSP48E1 (Prop_dsp48e1_B[17]_PCOUT[47])
                                                      3.851     7.824 r  p_1_out/PCOUT[47]
                         net (fo=1, unplaced)         0.055     7.879    p_1_out_n_106
                                                                      r  p_1_out__0/PCIN[47]
                         DSP48E1 (Prop_dsp48e1_PCIN[47]_P[0])
                                                      1.518     9.397 r  p_1_out__0/P[0]
                         net (fo=3, unplaced)         0.800    10.197    p_0_in[17]
                                                                      r  output_row[1][19]_i_5/I5
                         LUT6 (Prop_lut6_I5_O)        0.124    10.321 r  output_row[1][19]_i_5/O
                         net (fo=1, unplaced)         0.000    10.321    output_row[1][19]_i_5_n_0
                                                                      r  output_row_reg[1][19]_i_2/S[1]
                         CARRY4 (Prop_carry4_S[1]_O[3])
                                                      0.643    10.964 r  output_row_reg[1][19]_i_2/O[3]
                         net (fo=2, unplaced)         0.629    11.593    data1[19]
                                                                      r  output_row[1][19]_i_1/I1
                         LUT2 (Prop_lut2_I1_O)        0.307    11.900 r  output_row[1][19]_i_1/O
                         net (fo=63, unplaced)        0.000    11.900    output_row[1][19]_i_1_n_0
                         FDCE                                         r  output_row_reg[14][19]/D
  -------------------------------------------------------------------    -------------------

                         (clock clk rise edge)       10.000    10.000 r  
                         propagated clock network latency
                                                      0.924    10.924    
                         clock pessimism              0.000    10.924    
                         clock uncertainty           -0.235    10.689    
                         FDCE (Setup_fdce_C_D)        0.077    10.766    output_row_reg[14][19]
  -------------------------------------------------------------------
                         required time                         10.766    
                         arrival time                         -11.900    
  -------------------------------------------------------------------
                         slack                                 -1.134    

Slack (VIOLATED) :        -1.134ns  (required time - arrival time)
  Source:                 v_data[7]
                            (input port clocked by clk  {rise@0.000ns fall@5.000ns period=10.000ns})
  Destination:            output_row_reg[15][19]/D
                            (rising edge-triggered cell FDCE clocked by clk  {rise@0.000ns fall@5.000ns period=10.000ns})
  Path Group:             clk
  Path Type:              Setup (Max at Slow Process Corner)
  Requirement:            10.000ns  (clk rise@10.000ns - clk rise@0.000ns)
  Data Path Delay:        8.900ns  (logic 6.443ns (72.396%)  route 2.457ns (27.604%))
  Logic Levels:           5  (CARRY4=1 DSP48E1=2 LUT2=1 LUT6=1)
  Input Delay:            3.000ns
  Clock Path Skew:        0.924ns (DCD - SCD + CPR)
    Destination Clock Delay (DCD):    0.924ns = ( 10.924 - 10.000 ) 
    Source Clock Delay      (SCD):    0.000ns
    Clock Pessimism Removal (CPR):    0.000ns
  Clock Uncertainty:      0.235ns  ((TSJ^2 + TIJ^2)^1/2 + DJ) / 2 + PE + UU
    Total System Jitter     (TSJ):    0.071ns
    Total Input Jitter      (TIJ):    0.000ns
    Discrete Jitter          (DJ):    0.000ns
    Phase Error              (PE):    0.000ns
    User Uncertainty         (UU):    0.200ns

    Location             Delay type                Incr(ns)  Path(ns)    Netlist Resource(s)
  -------------------------------------------------------------------    -------------------
                         (clock clk rise edge)        0.000     0.000 r  
                         propagated clock network latency
                                                      0.000     0.000    
                         input delay                  3.000     3.000    
                                                      0.000     3.000 r  v_data[7] (IN)
                         net (fo=21, unset)           0.973     3.973    v_data[7]
                                                                      r  p_1_out/B[17]
                         DSP48E1 (Prop_dsp48e1_B[17]_PCOUT[47])
                                                      3.851     7.824 r  p_1_out/PCOUT[47]
                         net (fo=1, unplaced)         0.055     7.879    p_1_out_n_106
                                                                      r  p_1_out__0/PCIN[47]
                         DSP48E1 (Prop_dsp48e1_PCIN[47]_P[0])
                                                      1.518     9.397 r  p_1_out__0/P[0]
                         net (fo=3, unplaced)         0.800    10.197    p_0_in[17]
                                                                      r  output_row[1][19]_i_5/I5
                         LUT6 (Prop_lut6_I5_O)        0.124    10.321 r  output_row[1][19]_i_5/O
                         net (fo=1, unplaced)         0.000    10.321    output_row[1][19]_i_5_n_0
                                                                      r  output_row_reg[1][19]_i_2/S[1]
                         CARRY4 (Prop_carry4_S[1]_O[3])
                                                      0.643    10.964 r  output_row_reg[1][19]_i_2/O[3]
                         net (fo=2, unplaced)         0.629    11.593    data1[19]
                                                                      r  output_row[1][19]_i_1/I1
                         LUT2 (Prop_lut2_I1_O)        0.307    11.900 r  output_row[1][19]_i_1/O
                         net (fo=63, unplaced)        0.000    11.900    output_row[1][19]_i_1_n_0
                         FDCE                                         r  output_row_reg[15][19]/D
  -------------------------------------------------------------------    -------------------

                         (clock clk rise edge)       10.000    10.000 r  
                         propagated clock network latency
                                                      0.924    10.924    
                         clock pessimism              0.000    10.924    
                         clock uncertainty           -0.235    10.689    
                         FDCE (Setup_fdce_C_D)        0.077    10.766    output_row_reg[15][19]
  -------------------------------------------------------------------
                         required time                         10.766    
                         arrival time                         -11.900    
  -------------------------------------------------------------------
                         slack                                 -1.134    

Slack (VIOLATED) :        -1.134ns  (required time - arrival time)
  Source:                 v_data[7]
                            (input port clocked by clk  {rise@0.000ns fall@5.000ns period=10.000ns})
  Destination:            output_row_reg[16][19]/D
                            (rising edge-triggered cell FDCE clocked by clk  {rise@0.000ns fall@5.000ns period=10.000ns})
  Path Group:             clk
  Path Type:              Setup (Max at Slow Process Corner)
  Requirement:            10.000ns  (clk rise@10.000ns - clk rise@0.000ns)
  Data Path Delay:        8.900ns  (logic 6.443ns (72.396%)  route 2.457ns (27.604%))
  Logic Levels:           5  (CARRY4=1 DSP48E1=2 LUT2=1 LUT6=1)
  Input Delay:            3.000ns
  Clock Path Skew:        0.924ns (DCD - SCD + CPR)
    Destination Clock Delay (DCD):    0.924ns = ( 10.924 - 10.000 ) 
    Source Clock Delay      (SCD):    0.000ns
    Clock Pessimism Removal (CPR):    0.000ns
  Clock Uncertainty:      0.235ns  ((TSJ^2 + TIJ^2)^1/2 + DJ) / 2 + PE + UU
    Total System Jitter     (TSJ):    0.071ns
    Total Input Jitter      (TIJ):    0.000ns
    Discrete Jitter          (DJ):    0.000ns
    Phase Error              (PE):    0.000ns
    User Uncertainty         (UU):    0.200ns

    Location             Delay type                Incr(ns)  Path(ns)    Netlist Resource(s)
  -------------------------------------------------------------------    -------------------
                         (clock clk rise edge)        0.000     0.000 r  
                         propagated clock network latency
                                                      0.000     0.000    
                         input delay                  3.000     3.000    
                                                      0.000     3.000 r  v_data[7] (IN)
                         net (fo=21, unset)           0.973     3.973    v_data[7]
                                                                      r  p_1_out/B[17]
                         DSP48E1 (Prop_dsp48e1_B[17]_PCOUT[47])
                                                      3.851     7.824 r  p_1_out/PCOUT[47]
                         net (fo=1, unplaced)         0.055     7.879    p_1_out_n_106
                                                                      r  p_1_out__0/PCIN[47]
                         DSP48E1 (Prop_dsp48e1_PCIN[47]_P[0])
                                                      1.518     9.397 r  p_1_out__0/P[0]
                         net (fo=3, unplaced)         0.800    10.197    p_0_in[17]
                                                                      r  output_row[1][19]_i_5/I5
                         LUT6 (Prop_lut6_I5_O)        0.124    10.321 r  output_row[1][19]_i_5/O
                         net (fo=1, unplaced)         0.000    10.321    output_row[1][19]_i_5_n_0
                                                                      r  output_row_reg[1][19]_i_2/S[1]
                         CARRY4 (Prop_carry4_S[1]_O[3])
                                                      0.643    10.964 r  output_row_reg[1][19]_i_2/O[3]
                         net (fo=2, unplaced)         0.629    11.593    data1[19]
                                                                      r  output_row[1][19]_i_1/I1
                         LUT2 (Prop_lut2_I1_O)        0.307    11.900 r  output_row[1][19]_i_1/O
                         net (fo=63, unplaced)        0.000    11.900    output_row[1][19]_i_1_n_0
                         FDCE                                         r  output_row_reg[16][19]/D
  -------------------------------------------------------------------    -------------------

                         (clock clk rise edge)       10.000    10.000 r  
                         propagated clock network latency
                                                      0.924    10.924    
                         clock pessimism              0.000    10.924    
                         clock uncertainty           -0.235    10.689    
                         FDCE (Setup_fdce_C_D)        0.077    10.766    output_row_reg[16][19]
  -------------------------------------------------------------------
                         required time                         10.766    
                         arrival time                         -11.900    
  -------------------------------------------------------------------
                         slack                                 -1.134    

Slack (VIOLATED) :        -1.134ns  (required time - arrival time)
  Source:                 v_data[7]
                            (input port clocked by clk  {rise@0.000ns fall@5.000ns period=10.000ns})
  Destination:            output_row_reg[17][19]/D
                            (rising edge-triggered cell FDCE clocked by clk  {rise@0.000ns fall@5.000ns period=10.000ns})
  Path Group:             clk
  Path Type:              Setup (Max at Slow Process Corner)
  Requirement:            10.000ns  (clk rise@10.000ns - clk rise@0.000ns)
  Data Path Delay:        8.900ns  (logic 6.443ns (72.396%)  route 2.457ns (27.604%))
  Logic Levels:           5  (CARRY4=1 DSP48E1=2 LUT2=1 LUT6=1)
  Input Delay:            3.000ns
  Clock Path Skew:        0.924ns (DCD - SCD + CPR)
    Destination Clock Delay (DCD):    0.924ns = ( 10.924 - 10.000 ) 
    Source Clock Delay      (SCD):    0.000ns
    Clock Pessimism Removal (CPR):    0.000ns
  Clock Uncertainty:      0.235ns  ((TSJ^2 + TIJ^2)^1/2 + DJ) / 2 + PE + UU
    Total System Jitter     (TSJ):    0.071ns
    Total Input Jitter      (TIJ):    0.000ns
    Discrete Jitter          (DJ):    0.000ns
    Phase Error              (PE):    0.000ns
    User Uncertainty         (UU):    0.200ns

    Location             Delay type                Incr(ns)  Path(ns)    Netlist Resource(s)
  -------------------------------------------------------------------    -------------------
                         (clock clk rise edge)        0.000     0.000 r  
                         propagated clock network latency
                                                      0.000     0.000    
                         input delay                  3.000     3.000    
                                                      0.000     3.000 r  v_data[7] (IN)
                         net (fo=21, unset)           0.973     3.973    v_data[7]
                                                                      r  p_1_out/B[17]
                         DSP48E1 (Prop_dsp48e1_B[17]_PCOUT[47])
                                                      3.851     7.824 r  p_1_out/PCOUT[47]
                         net (fo=1, unplaced)         0.055     7.879    p_1_out_n_106
                                                                      r  p_1_out__0/PCIN[47]
                         DSP48E1 (Prop_dsp48e1_PCIN[47]_P[0])
                                                      1.518     9.397 r  p_1_out__0/P[0]
                         net (fo=3, unplaced)         0.800    10.197    p_0_in[17]
                                                                      r  output_row[1][19]_i_5/I5
                         LUT6 (Prop_lut6_I5_O)        0.124    10.321 r  output_row[1][19]_i_5/O
                         net (fo=1, unplaced)         0.000    10.321    output_row[1][19]_i_5_n_0
                                                                      r  output_row_reg[1][19]_i_2/S[1]
                         CARRY4 (Prop_carry4_S[1]_O[3])
                                                      0.643    10.964 r  output_row_reg[1][19]_i_2/O[3]
                         net (fo=2, unplaced)         0.629    11.593    data1[19]
                                                                      r  output_row[1][19]_i_1/I1
                         LUT2 (Prop_lut2_I1_O)        0.307    11.900 r  output_row[1][19]_i_1/O
                         net (fo=63, unplaced)        0.000    11.900    output_row[1][19]_i_1_n_0
                         FDCE                                         r  output_row_reg[17][19]/D
  -------------------------------------------------------------------    -------------------

                         (clock clk rise edge)       10.000    10.000 r  
                         propagated clock network latency
                                                      0.924    10.924    
                         clock pessimism              0.000    10.924    
                         clock uncertainty           -0.235    10.689    
                         FDCE (Setup_fdce_C_D)        0.077    10.766    output_row_reg[17][19]
  -------------------------------------------------------------------
                         required time                         10.766    
                         arrival time                         -11.900    
  -------------------------------------------------------------------
                         slack                                 -1.134    

Slack (VIOLATED) :        -1.134ns  (required time - arrival time)
  Source:                 v_data[7]
                            (input port clocked by clk  {rise@0.000ns fall@5.000ns period=10.000ns})
  Destination:            output_row_reg[18][19]/D
                            (rising edge-triggered cell FDCE clocked by clk  {rise@0.000ns fall@5.000ns period=10.000ns})
  Path Group:             clk
  Path Type:              Setup (Max at Slow Process Corner)
  Requirement:            10.000ns  (clk rise@10.000ns - clk rise@0.000ns)
  Data Path Delay:        8.900ns  (logic 6.443ns (72.396%)  route 2.457ns (27.604%))
  Logic Levels:           5  (CARRY4=1 DSP48E1=2 LUT2=1 LUT6=1)
  Input Delay:            3.000ns
  Clock Path Skew:        0.924ns (DCD - SCD + CPR)
    Destination Clock Delay (DCD):    0.924ns = ( 10.924 - 10.000 ) 
    Source Clock Delay      (SCD):    0.000ns
    Clock Pessimism Removal (CPR):    0.000ns
  Clock Uncertainty:      0.235ns  ((TSJ^2 + TIJ^2)^1/2 + DJ) / 2 + PE + UU
    Total System Jitter     (TSJ):    0.071ns
    Total Input Jitter      (TIJ):    0.000ns
    Discrete Jitter          (DJ):    0.000ns
    Phase Error              (PE):    0.000ns
    User Uncertainty         (UU):    0.200ns

    Location             Delay type                Incr(ns)  Path(ns)    Netlist Resource(s)
  -------------------------------------------------------------------    -------------------
                         (clock clk rise edge)        0.000     0.000 r  
                         propagated clock network latency
                                                      0.000     0.000    
                         input delay                  3.000     3.000    
                                                      0.000     3.000 r  v_data[7] (IN)
                         net (fo=21, unset)           0.973     3.973    v_data[7]
                                                                      r  p_1_out/B[17]
                         DSP48E1 (Prop_dsp48e1_B[17]_PCOUT[47])
                                                      3.851     7.824 r  p_1_out/PCOUT[47]
                         net (fo=1, unplaced)         0.055     7.879    p_1_out_n_106
                                                                      r  p_1_out__0/PCIN[47]
                         DSP48E1 (Prop_dsp48e1_PCIN[47]_P[0])
                                                      1.518     9.397 r  p_1_out__0/P[0]
                         net (fo=3, unplaced)         0.800    10.197    p_0_in[17]
                                                                      r  output_row[1][19]_i_5/I5
                         LUT6 (Prop_lut6_I5_O)        0.124    10.321 r  output_row[1][19]_i_5/O
                         net (fo=1, unplaced)         0.000    10.321    output_row[1][19]_i_5_n_0
                                                                      r  output_row_reg[1][19]_i_2/S[1]
                         CARRY4 (Prop_carry4_S[1]_O[3])
                                                      0.643    10.964 r  output_row_reg[1][19]_i_2/O[3]
                         net (fo=2, unplaced)         0.629    11.593    data1[19]
                                                                      r  output_row[1][19]_i_1/I1
                         LUT2 (Prop_lut2_I1_O)        0.307    11.900 r  output_row[1][19]_i_1/O
                         net (fo=63, unplaced)        0.000    11.900    output_row[1][19]_i_1_n_0
                         FDCE                                         r  output_row_reg[18][19]/D
  -------------------------------------------------------------------    -------------------

                         (clock clk rise edge)       10.000    10.000 r  
                         propagated clock network latency
                                                      0.924    10.924    
                         clock pessimism              0.000    10.924    
                         clock uncertainty           -0.235    10.689    
                         FDCE (Setup_fdce_C_D)        0.077    10.766    output_row_reg[18][19]
  -------------------------------------------------------------------
                         required time                         10.766    
                         arrival time                         -11.900    
  -------------------------------------------------------------------
                         slack                                 -1.134    

Slack (VIOLATED) :        -1.134ns  (required time - arrival time)
  Source:                 v_data[7]
                            (input port clocked by clk  {rise@0.000ns fall@5.000ns period=10.000ns})
  Destination:            output_row_reg[19][19]/D
                            (rising edge-triggered cell FDCE clocked by clk  {rise@0.000ns fall@5.000ns period=10.000ns})
  Path Group:             clk
  Path Type:              Setup (Max at Slow Process Corner)
  Requirement:            10.000ns  (clk rise@10.000ns - clk rise@0.000ns)
  Data Path Delay:        8.900ns  (logic 6.443ns (72.396%)  route 2.457ns (27.604%))
  Logic Levels:           5  (CARRY4=1 DSP48E1=2 LUT2=1 LUT6=1)
  Input Delay:            3.000ns
  Clock Path Skew:        0.924ns (DCD - SCD + CPR)
    Destination Clock Delay (DCD):    0.924ns = ( 10.924 - 10.000 ) 
    Source Clock Delay      (SCD):    0.000ns
    Clock Pessimism Removal (CPR):    0.000ns
  Clock Uncertainty:      0.235ns  ((TSJ^2 + TIJ^2)^1/2 + DJ) / 2 + PE + UU
    Total System Jitter     (TSJ):    0.071ns
    Total Input Jitter      (TIJ):    0.000ns
    Discrete Jitter          (DJ):    0.000ns
    Phase Error              (PE):    0.000ns
    User Uncertainty         (UU):    0.200ns

    Location             Delay type                Incr(ns)  Path(ns)    Netlist Resource(s)
  -------------------------------------------------------------------    -------------------
                         (clock clk rise edge)        0.000     0.000 r  
                         propagated clock network latency
                                                      0.000     0.000    
                         input delay                  3.000     3.000    
                                                      0.000     3.000 r  v_data[7] (IN)
                         net (fo=21, unset)           0.973     3.973    v_data[7]
                                                                      r  p_1_out/B[17]
                         DSP48E1 (Prop_dsp48e1_B[17]_PCOUT[47])
                                                      3.851     7.824 r  p_1_out/PCOUT[47]
                         net (fo=1, unplaced)         0.055     7.879    p_1_out_n_106
                                                                      r  p_1_out__0/PCIN[47]
                         DSP48E1 (Prop_dsp48e1_PCIN[47]_P[0])
                                                      1.518     9.397 r  p_1_out__0/P[0]
                         net (fo=3, unplaced)         0.800    10.197    p_0_in[17]
                                                                      r  output_row[1][19]_i_5/I5
                         LUT6 (Prop_lut6_I5_O)        0.124    10.321 r  output_row[1][19]_i_5/O
                         net (fo=1, unplaced)         0.000    10.321    output_row[1][19]_i_5_n_0
                                                                      r  output_row_reg[1][19]_i_2/S[1]
                         CARRY4 (Prop_carry4_S[1]_O[3])
                                                      0.643    10.964 r  output_row_reg[1][19]_i_2/O[3]
                         net (fo=2, unplaced)         0.629    11.593    data1[19]
                                                                      r  output_row[1][19]_i_1/I1
                         LUT2 (Prop_lut2_I1_O)        0.307    11.900 r  output_row[1][19]_i_1/O
                         net (fo=63, unplaced)        0.000    11.900    output_row[1][19]_i_1_n_0
                         FDCE                                         r  output_row_reg[19][19]/D
  -------------------------------------------------------------------    -------------------

                         (clock clk rise edge)       10.000    10.000 r  
                         propagated clock network latency
                                                      0.924    10.924    
                         clock pessimism              0.000    10.924    
                         clock uncertainty           -0.235    10.689    
                         FDCE (Setup_fdce_C_D)        0.077    10.766    output_row_reg[19][19]
  -------------------------------------------------------------------
                         required time                         10.766    
                         arrival time                         -11.900    
  -------------------------------------------------------------------
                         slack                                 -1.134    

Slack (VIOLATED) :        -1.134ns  (required time - arrival time)
  Source:                 v_data[7]
                            (input port clocked by clk  {rise@0.000ns fall@5.000ns period=10.000ns})
  Destination:            output_row_reg[1][19]/D
                            (rising edge-triggered cell FDCE clocked by clk  {rise@0.000ns fall@5.000ns period=10.000ns})
  Path Group:             clk
  Path Type:              Setup (Max at Slow Process Corner)
  Requirement:            10.000ns  (clk rise@10.000ns - clk rise@0.000ns)
  Data Path Delay:        8.900ns  (logic 6.443ns (72.396%)  route 2.457ns (27.604%))
  Logic Levels:           5  (CARRY4=1 DSP48E1=2 LUT2=1 LUT6=1)
  Input Delay:            3.000ns
  Clock Path Skew:        0.924ns (DCD - SCD + CPR)
    Destination Clock Delay (DCD):    0.924ns = ( 10.924 - 10.000 ) 
    Source Clock Delay      (SCD):    0.000ns
    Clock Pessimism Removal (CPR):    0.000ns
  Clock Uncertainty:      0.235ns  ((TSJ^2 + TIJ^2)^1/2 + DJ) / 2 + PE + UU
    Total System Jitter     (TSJ):    0.071ns
    Total Input Jitter      (TIJ):    0.000ns
    Discrete Jitter          (DJ):    0.000ns
    Phase Error              (PE):    0.000ns
    User Uncertainty         (UU):    0.200ns

    Location             Delay type                Incr(ns)  Path(ns)    Netlist Resource(s)
  -------------------------------------------------------------------    -------------------
                         (clock clk rise edge)        0.000     0.000 r  
                         propagated clock network latency
                                                      0.000     0.000    
                         input delay                  3.000     3.000    
                                                      0.000     3.000 r  v_data[7] (IN)
                         net (fo=21, unset)           0.973     3.973    v_data[7]
                                                                      r  p_1_out/B[17]
                         DSP48E1 (Prop_dsp48e1_B[17]_PCOUT[47])
                                                      3.851     7.824 r  p_1_out/PCOUT[47]
                         net (fo=1, unplaced)         0.055     7.879    p_1_out_n_106
                                                                      r  p_1_out__0/PCIN[47]
                         DSP48E1 (Prop_dsp48e1_PCIN[47]_P[0])
                                                      1.518     9.397 r  p_1_out__0/P[0]
                         net (fo=3, unplaced)         0.800    10.197    p_0_in[17]
                                                                      r  output_row[1][19]_i_5/I5
                         LUT6 (Prop_lut6_I5_O)        0.124    10.321 r  output_row[1][19]_i_5/O
                         net (fo=1, unplaced)         0.000    10.321    output_row[1][19]_i_5_n_0
                                                                      r  output_row_reg[1][19]_i_2/S[1]
                         CARRY4 (Prop_carry4_S[1]_O[3])
                                                      0.643    10.964 r  output_row_reg[1][19]_i_2/O[3]
                         net (fo=2, unplaced)         0.629    11.593    data1[19]
                                                                      r  output_row[1][19]_i_1/I1
                         LUT2 (Prop_lut2_I1_O)        0.307    11.900 r  output_row[1][19]_i_1/O
                         net (fo=63, unplaced)        0.000    11.900    output_row[1][19]_i_1_n_0
                         FDCE                                         r  output_row_reg[1][19]/D
  -------------------------------------------------------------------    -------------------

                         (clock clk rise edge)       10.000    10.000 r  
                         propagated clock network latency
                                                      0.924    10.924    
                         clock pessimism              0.000    10.924    
                         clock uncertainty           -0.235    10.689    
                         FDCE (Setup_fdce_C_D)        0.077    10.766    output_row_reg[1][19]
  -------------------------------------------------------------------
                         required time                         10.766    
                         arrival time                         -11.900    
  -------------------------------------------------------------------
                         slack                                 -1.134    

Slack (VIOLATED) :        -1.134ns  (required time - arrival time)
  Source:                 v_data[7]
                            (input port clocked by clk  {rise@0.000ns fall@5.000ns period=10.000ns})
  Destination:            output_row_reg[20][19]/D
                            (rising edge-triggered cell FDCE clocked by clk  {rise@0.000ns fall@5.000ns period=10.000ns})
  Path Group:             clk
  Path Type:              Setup (Max at Slow Process Corner)
  Requirement:            10.000ns  (clk rise@10.000ns - clk rise@0.000ns)
  Data Path Delay:        8.900ns  (logic 6.443ns (72.396%)  route 2.457ns (27.604%))
  Logic Levels:           5  (CARRY4=1 DSP48E1=2 LUT2=1 LUT6=1)
  Input Delay:            3.000ns
  Clock Path Skew:        0.924ns (DCD - SCD + CPR)
    Destination Clock Delay (DCD):    0.924ns = ( 10.924 - 10.000 ) 
    Source Clock Delay      (SCD):    0.000ns
    Clock Pessimism Removal (CPR):    0.000ns
  Clock Uncertainty:      0.235ns  ((TSJ^2 + TIJ^2)^1/2 + DJ) / 2 + PE + UU
    Total System Jitter     (TSJ):    0.071ns
    Total Input Jitter      (TIJ):    0.000ns
    Discrete Jitter          (DJ):    0.000ns
    Phase Error              (PE):    0.000ns
    User Uncertainty         (UU):    0.200ns

    Location             Delay type                Incr(ns)  Path(ns)    Netlist Resource(s)
  -------------------------------------------------------------------    -------------------
                         (clock clk rise edge)        0.000     0.000 r  
                         propagated clock network latency
                                                      0.000     0.000    
                         input delay                  3.000     3.000    
                                                      0.000     3.000 r  v_data[7] (IN)
                         net (fo=21, unset)           0.973     3.973    v_data[7]
                                                                      r  p_1_out/B[17]
                         DSP48E1 (Prop_dsp48e1_B[17]_PCOUT[47])
                                                      3.851     7.824 r  p_1_out/PCOUT[47]
                         net (fo=1, unplaced)         0.055     7.879    p_1_out_n_106
                                                                      r  p_1_out__0/PCIN[47]
                         DSP48E1 (Prop_dsp48e1_PCIN[47]_P[0])
                                                      1.518     9.397 r  p_1_out__0/P[0]
                         net (fo=3, unplaced)         0.800    10.197    p_0_in[17]
                                                                      r  output_row[1][19]_i_5/I5
                         LUT6 (Prop_lut6_I5_O)        0.124    10.321 r  output_row[1][19]_i_5/O
                         net (fo=1, unplaced)         0.000    10.321    output_row[1][19]_i_5_n_0
                                                                      r  output_row_reg[1][19]_i_2/S[1]
                         CARRY4 (Prop_carry4_S[1]_O[3])
                                                      0.643    10.964 r  output_row_reg[1][19]_i_2/O[3]
                         net (fo=2, unplaced)         0.629    11.593    data1[19]
                                                                      r  output_row[1][19]_i_1/I1
                         LUT2 (Prop_lut2_I1_O)        0.307    11.900 r  output_row[1][19]_i_1/O
                         net (fo=63, unplaced)        0.000    11.900    output_row[1][19]_i_1_n_0
                         FDCE                                         r  output_row_reg[20][19]/D
  -------------------------------------------------------------------    -------------------

                         (clock clk rise edge)       10.000    10.000 r  
                         propagated clock network latency
                                                      0.924    10.924    
                         clock pessimism              0.000    10.924    
                         clock uncertainty           -0.235    10.689    
                         FDCE (Setup_fdce_C_D)        0.077    10.766    output_row_reg[20][19]
  -------------------------------------------------------------------
                         required time                         10.766    
                         arrival time                         -11.900    
  -------------------------------------------------------------------
                         slack                                 -1.134    

Slack (VIOLATED) :        -1.134ns  (required time - arrival time)
  Source:                 v_data[7]
                            (input port clocked by clk  {rise@0.000ns fall@5.000ns period=10.000ns})
  Destination:            output_row_reg[21][19]/D
                            (rising edge-triggered cell FDCE clocked by clk  {rise@0.000ns fall@5.000ns period=10.000ns})
  Path Group:             clk
  Path Type:              Setup (Max at Slow Process Corner)
  Requirement:            10.000ns  (clk rise@10.000ns - clk rise@0.000ns)
  Data Path Delay:        8.900ns  (logic 6.443ns (72.396%)  route 2.457ns (27.604%))
  Logic Levels:           5  (CARRY4=1 DSP48E1=2 LUT2=1 LUT6=1)
  Input Delay:            3.000ns
  Clock Path Skew:        0.924ns (DCD - SCD + CPR)
    Destination Clock Delay (DCD):    0.924ns = ( 10.924 - 10.000 ) 
    Source Clock Delay      (SCD):    0.000ns
    Clock Pessimism Removal (CPR):    0.000ns
  Clock Uncertainty:      0.235ns  ((TSJ^2 + TIJ^2)^1/2 + DJ) / 2 + PE + UU
    Total System Jitter     (TSJ):    0.071ns
    Total Input Jitter      (TIJ):    0.000ns
    Discrete Jitter          (DJ):    0.000ns
    Phase Error              (PE):    0.000ns
    User Uncertainty         (UU):    0.200ns

    Location             Delay type                Incr(ns)  Path(ns)    Netlist Resource(s)
  -------------------------------------------------------------------    -------------------
                         (clock clk rise edge)        0.000     0.000 r  
                         propagated clock network latency
                                                      0.000     0.000    
                         input delay                  3.000     3.000    
                                                      0.000     3.000 r  v_data[7] (IN)
                         net (fo=21, unset)           0.973     3.973    v_data[7]
                                                                      r  p_1_out/B[17]
                         DSP48E1 (Prop_dsp48e1_B[17]_PCOUT[47])
                                                      3.851     7.824 r  p_1_out/PCOUT[47]
                         net (fo=1, unplaced)         0.055     7.879    p_1_out_n_106
                                                                      r  p_1_out__0/PCIN[47]
                         DSP48E1 (Prop_dsp48e1_PCIN[47]_P[0])
                                                      1.518     9.397 r  p_1_out__0/P[0]
                         net (fo=3, unplaced)         0.800    10.197    p_0_in[17]
                                                                      r  output_row[1][19]_i_5/I5
                         LUT6 (Prop_lut6_I5_O)        0.124    10.321 r  output_row[1][19]_i_5/O
                         net (fo=1, unplaced)         0.000    10.321    output_row[1][19]_i_5_n_0
                                                                      r  output_row_reg[1][19]_i_2/S[1]
                         CARRY4 (Prop_carry4_S[1]_O[3])
                                                      0.643    10.964 r  output_row_reg[1][19]_i_2/O[3]
                         net (fo=2, unplaced)         0.629    11.593    data1[19]
                                                                      r  output_row[1][19]_i_1/I1
                         LUT2 (Prop_lut2_I1_O)        0.307    11.900 r  output_row[1][19]_i_1/O
                         net (fo=63, unplaced)        0.000    11.900    output_row[1][19]_i_1_n_0
                         FDCE                                         r  output_row_reg[21][19]/D
  -------------------------------------------------------------------    -------------------

                         (clock clk rise edge)       10.000    10.000 r  
                         propagated clock network latency
                                                      0.924    10.924    
                         clock pessimism              0.000    10.924    
                         clock uncertainty           -0.235    10.689    
                         FDCE (Setup_fdce_C_D)        0.077    10.766    output_row_reg[21][19]
  -------------------------------------------------------------------
                         required time                         10.766    
                         arrival time                         -11.900    
  -------------------------------------------------------------------
                         slack                                 -1.134    

Slack (VIOLATED) :        -1.134ns  (required time - arrival time)
  Source:                 v_data[7]
                            (input port clocked by clk  {rise@0.000ns fall@5.000ns period=10.000ns})
  Destination:            output_row_reg[22][19]/D
                            (rising edge-triggered cell FDCE clocked by clk  {rise@0.000ns fall@5.000ns period=10.000ns})
  Path Group:             clk
  Path Type:              Setup (Max at Slow Process Corner)
  Requirement:            10.000ns  (clk rise@10.000ns - clk rise@0.000ns)
  Data Path Delay:        8.900ns  (logic 6.443ns (72.396%)  route 2.457ns (27.604%))
  Logic Levels:           5  (CARRY4=1 DSP48E1=2 LUT2=1 LUT6=1)
  Input Delay:            3.000ns
  Clock Path Skew:        0.924ns (DCD - SCD + CPR)
    Destination Clock Delay (DCD):    0.924ns = ( 10.924 - 10.000 ) 
    Source Clock Delay      (SCD):    0.000ns
    Clock Pessimism Removal (CPR):    0.000ns
  Clock Uncertainty:      0.235ns  ((TSJ^2 + TIJ^2)^1/2 + DJ) / 2 + PE + UU
    Total System Jitter     (TSJ):    0.071ns
    Total Input Jitter      (TIJ):    0.000ns
    Discrete Jitter          (DJ):    0.000ns
    Phase Error              (PE):    0.000ns
    User Uncertainty         (UU):    0.200ns

    Location             Delay type                Incr(ns)  Path(ns)    Netlist Resource(s)
  -------------------------------------------------------------------    -------------------
                         (clock clk rise edge)        0.000     0.000 r  
                         propagated clock network latency
                                                      0.000     0.000    
                         input delay                  3.000     3.000    
                                                      0.000     3.000 r  v_data[7] (IN)
                         net (fo=21, unset)           0.973     3.973    v_data[7]
                                                                      r  p_1_out/B[17]
                         DSP48E1 (Prop_dsp48e1_B[17]_PCOUT[47])
                                                      3.851     7.824 r  p_1_out/PCOUT[47]
                         net (fo=1, unplaced)         0.055     7.879    p_1_out_n_106
                                                                      r  p_1_out__0/PCIN[47]
                         DSP48E1 (Prop_dsp48e1_PCIN[47]_P[0])
                                                      1.518     9.397 r  p_1_out__0/P[0]
                         net (fo=3, unplaced)         0.800    10.197    p_0_in[17]
                                                                      r  output_row[1][19]_i_5/I5
                         LUT6 (Prop_lut6_I5_O)        0.124    10.321 r  output_row[1][19]_i_5/O
                         net (fo=1, unplaced)         0.000    10.321    output_row[1][19]_i_5_n_0
                                                                      r  output_row_reg[1][19]_i_2/S[1]
                         CARRY4 (Prop_carry4_S[1]_O[3])
                                                      0.643    10.964 r  output_row_reg[1][19]_i_2/O[3]
                         net (fo=2, unplaced)         0.629    11.593    data1[19]
                                                                      r  output_row[1][19]_i_1/I1
                         LUT2 (Prop_lut2_I1_O)        0.307    11.900 r  output_row[1][19]_i_1/O
                         net (fo=63, unplaced)        0.000    11.900    output_row[1][19]_i_1_n_0
                         FDCE                                         r  output_row_reg[22][19]/D
  -------------------------------------------------------------------    -------------------

                         (clock clk rise edge)       10.000    10.000 r  
                         propagated clock network latency
                                                      0.924    10.924    
                         clock pessimism              0.000    10.924    
                         clock uncertainty           -0.235    10.689    
                         FDCE (Setup_fdce_C_D)        0.077    10.766    output_row_reg[22][19]
  -------------------------------------------------------------------
                         required time                         10.766    
                         arrival time                         -11.900    
  -------------------------------------------------------------------
                         slack                                 -1.134    

Slack (VIOLATED) :        -1.134ns  (required time - arrival time)
  Source:                 v_data[7]
                            (input port clocked by clk  {rise@0.000ns fall@5.000ns period=10.000ns})
  Destination:            output_row_reg[23][19]/D
                            (rising edge-triggered cell FDCE clocked by clk  {rise@0.000ns fall@5.000ns period=10.000ns})
  Path Group:             clk
  Path Type:              Setup (Max at Slow Process Corner)
  Requirement:            10.000ns  (clk rise@10.000ns - clk rise@0.000ns)
  Data Path Delay:        8.900ns  (logic 6.443ns (72.396%)  route 2.457ns (27.604%))
  Logic Levels:           5  (CARRY4=1 DSP48E1=2 LUT2=1 LUT6=1)
  Input Delay:            3.000ns
  Clock Path Skew:        0.924ns (DCD - SCD + CPR)
    Destination Clock Delay (DCD):    0.924ns = ( 10.924 - 10.000 ) 
    Source Clock Delay      (SCD):    0.000ns
    Clock Pessimism Removal (CPR):    0.000ns
  Clock Uncertainty:      0.235ns  ((TSJ^2 + TIJ^2)^1/2 + DJ) / 2 + PE + UU
    Total System Jitter     (TSJ):    0.071ns
    Total Input Jitter      (TIJ):    0.000ns
    Discrete Jitter          (DJ):    0.000ns
    Phase Error              (PE):    0.000ns
    User Uncertainty         (UU):    0.200ns

    Location             Delay type                Incr(ns)  Path(ns)    Netlist Resource(s)
  -------------------------------------------------------------------    -------------------
                         (clock clk rise edge)        0.000     0.000 r  
                         propagated clock network latency
                                                      0.000     0.000    
                         input delay                  3.000     3.000    
                                                      0.000     3.000 r  v_data[7] (IN)
                         net (fo=21, unset)           0.973     3.973    v_data[7]
                                                                      r  p_1_out/B[17]
                         DSP48E1 (Prop_dsp48e1_B[17]_PCOUT[47])
                                                      3.851     7.824 r  p_1_out/PCOUT[47]
                         net (fo=1, unplaced)         0.055     7.879    p_1_out_n_106
                                                                      r  p_1_out__0/PCIN[47]
                         DSP48E1 (Prop_dsp48e1_PCIN[47]_P[0])
                                                      1.518     9.397 r  p_1_out__0/P[0]
                         net (fo=3, unplaced)         0.800    10.197    p_0_in[17]
                                                                      r  output_row[1][19]_i_5/I5
                         LUT6 (Prop_lut6_I5_O)        0.124    10.321 r  output_row[1][19]_i_5/O
                         net (fo=1, unplaced)         0.000    10.321    output_row[1][19]_i_5_n_0
                                                                      r  output_row_reg[1][19]_i_2/S[1]
                         CARRY4 (Prop_carry4_S[1]_O[3])
                                                      0.643    10.964 r  output_row_reg[1][19]_i_2/O[3]
                         net (fo=2, unplaced)         0.629    11.593    data1[19]
                                                                      r  output_row[1][19]_i_1/I1
                         LUT2 (Prop_lut2_I1_O)        0.307    11.900 r  output_row[1][19]_i_1/O
                         net (fo=63, unplaced)        0.000    11.900    output_row[1][19]_i_1_n_0
                         FDCE                                         r  output_row_reg[23][19]/D
  -------------------------------------------------------------------    -------------------

                         (clock clk rise edge)       10.000    10.000 r  
                         propagated clock network latency
                                                      0.924    10.924    
                         clock pessimism              0.000    10.924    
                         clock uncertainty           -0.235    10.689    
                         FDCE (Setup_fdce_C_D)        0.077    10.766    output_row_reg[23][19]
  -------------------------------------------------------------------
                         required time                         10.766    
                         arrival time                         -11.900    
  -------------------------------------------------------------------
                         slack                                 -1.134    

Slack (VIOLATED) :        -1.134ns  (required time - arrival time)
  Source:                 v_data[7]
                            (input port clocked by clk  {rise@0.000ns fall@5.000ns period=10.000ns})
  Destination:            output_row_reg[24][19]/D
                            (rising edge-triggered cell FDCE clocked by clk  {rise@0.000ns fall@5.000ns period=10.000ns})
  Path Group:             clk
  Path Type:              Setup (Max at Slow Process Corner)
  Requirement:            10.000ns  (clk rise@10.000ns - clk rise@0.000ns)
  Data Path Delay:        8.900ns  (logic 6.443ns (72.396%)  route 2.457ns (27.604%))
  Logic Levels:           5  (CARRY4=1 DSP48E1=2 LUT2=1 LUT6=1)
  Input Delay:            3.000ns
  Clock Path Skew:        0.924ns (DCD - SCD + CPR)
    Destination Clock Delay (DCD):    0.924ns = ( 10.924 - 10.000 ) 
    Source Clock Delay      (SCD):    0.000ns
    Clock Pessimism Removal (CPR):    0.000ns
  Clock Uncertainty:      0.235ns  ((TSJ^2 + TIJ^2)^1/2 + DJ) / 2 + PE + UU
    Total System Jitter     (TSJ):    0.071ns
    Total Input Jitter      (TIJ):    0.000ns
    Discrete Jitter          (DJ):    0.000ns
    Phase Error              (PE):    0.000ns
    User Uncertainty         (UU):    0.200ns

    Location             Delay type                Incr(ns)  Path(ns)    Netlist Resource(s)
  -------------------------------------------------------------------    -------------------
                         (clock clk rise edge)        0.000     0.000 r  
                         propagated clock network latency
                                                      0.000     0.000    
                         input delay                  3.000     3.000    
                                                      0.000     3.000 r  v_data[7] (IN)
                         net (fo=21, unset)           0.973     3.973    v_data[7]
                                                                      r  p_1_out/B[17]
                         DSP48E1 (Prop_dsp48e1_B[17]_PCOUT[47])
                                                      3.851     7.824 r  p_1_out/PCOUT[47]
                         net (fo=1, unplaced)         0.055     7.879    p_1_out_n_106
                                                                      r  p_1_out__0/PCIN[47]
                         DSP48E1 (Prop_dsp48e1_PCIN[47]_P[0])
                                                      1.518     9.397 r  p_1_out__0/P[0]
                         net (fo=3, unplaced)         0.800    10.197    p_0_in[17]
                                                                      r  output_row[1][19]_i_5/I5
                         LUT6 (Prop_lut6_I5_O)        0.124    10.321 r  output_row[1][19]_i_5/O
                         net (fo=1, unplaced)         0.000    10.321    output_row[1][19]_i_5_n_0
                                                                      r  output_row_reg[1][19]_i_2/S[1]
                         CARRY4 (Prop_carry4_S[1]_O[3])
                                                      0.643    10.964 r  output_row_reg[1][19]_i_2/O[3]
                         net (fo=2, unplaced)         0.629    11.593    data1[19]
                                                                      r  output_row[1][19]_i_1/I1
                         LUT2 (Prop_lut2_I1_O)        0.307    11.900 r  output_row[1][19]_i_1/O
                         net (fo=63, unplaced)        0.000    11.900    output_row[1][19]_i_1_n_0
                         FDCE                                         r  output_row_reg[24][19]/D
  -------------------------------------------------------------------    -------------------

                         (clock clk rise edge)       10.000    10.000 r  
                         propagated clock network latency
                                                      0.924    10.924    
                         clock pessimism              0.000    10.924    
                         clock uncertainty           -0.235    10.689    
                         FDCE (Setup_fdce_C_D)        0.077    10.766    output_row_reg[24][19]
  -------------------------------------------------------------------
                         required time                         10.766    
                         arrival time                         -11.900    
  -------------------------------------------------------------------
                         slack                                 -1.134    

Slack (VIOLATED) :        -1.134ns  (required time - arrival time)
  Source:                 v_data[7]
                            (input port clocked by clk  {rise@0.000ns fall@5.000ns period=10.000ns})
  Destination:            output_row_reg[25][19]/D
                            (rising edge-triggered cell FDCE clocked by clk  {rise@0.000ns fall@5.000ns period=10.000ns})
  Path Group:             clk
  Path Type:              Setup (Max at Slow Process Corner)
  Requirement:            10.000ns  (clk rise@10.000ns - clk rise@0.000ns)
  Data Path Delay:        8.900ns  (logic 6.443ns (72.396%)  route 2.457ns (27.604%))
  Logic Levels:           5  (CARRY4=1 DSP48E1=2 LUT2=1 LUT6=1)
  Input Delay:            3.000ns
  Clock Path Skew:        0.924ns (DCD - SCD + CPR)
    Destination Clock Delay (DCD):    0.924ns = ( 10.924 - 10.000 ) 
    Source Clock Delay      (SCD):    0.000ns
    Clock Pessimism Removal (CPR):    0.000ns
  Clock Uncertainty:      0.235ns  ((TSJ^2 + TIJ^2)^1/2 + DJ) / 2 + PE + UU
    Total System Jitter     (TSJ):    0.071ns
    Total Input Jitter      (TIJ):    0.000ns
    Discrete Jitter          (DJ):    0.000ns
    Phase Error              (PE):    0.000ns
    User Uncertainty         (UU):    0.200ns

    Location             Delay type                Incr(ns)  Path(ns)    Netlist Resource(s)
  -------------------------------------------------------------------    -------------------
                         (clock clk rise edge)        0.000     0.000 r  
                         propagated clock network latency
                                                      0.000     0.000    
                         input delay                  3.000     3.000    
                                                      0.000     3.000 r  v_data[7] (IN)
                         net (fo=21, unset)           0.973     3.973    v_data[7]
                                                                      r  p_1_out/B[17]
                         DSP48E1 (Prop_dsp48e1_B[17]_PCOUT[47])
                                                      3.851     7.824 r  p_1_out/PCOUT[47]
                         net (fo=1, unplaced)         0.055     7.879    p_1_out_n_106
                                                                      r  p_1_out__0/PCIN[47]
                         DSP48E1 (Prop_dsp48e1_PCIN[47]_P[0])
                                                      1.518     9.397 r  p_1_out__0/P[0]
                         net (fo=3, unplaced)         0.800    10.197    p_0_in[17]
                                                                      r  output_row[1][19]_i_5/I5
                         LUT6 (Prop_lut6_I5_O)        0.124    10.321 r  output_row[1][19]_i_5/O
                         net (fo=1, unplaced)         0.000    10.321    output_row[1][19]_i_5_n_0
                                                                      r  output_row_reg[1][19]_i_2/S[1]
                         CARRY4 (Prop_carry4_S[1]_O[3])
                                                      0.643    10.964 r  output_row_reg[1][19]_i_2/O[3]
                         net (fo=2, unplaced)         0.629    11.593    data1[19]
                                                                      r  output_row[1][19]_i_1/I1
                         LUT2 (Prop_lut2_I1_O)        0.307    11.900 r  output_row[1][19]_i_1/O
                         net (fo=63, unplaced)        0.000    11.900    output_row[1][19]_i_1_n_0
                         FDCE                                         r  output_row_reg[25][19]/D
  -------------------------------------------------------------------    -------------------

                         (clock clk rise edge)       10.000    10.000 r  
                         propagated clock network latency
                                                      0.924    10.924    
                         clock pessimism              0.000    10.924    
                         clock uncertainty           -0.235    10.689    
                         FDCE (Setup_fdce_C_D)        0.077    10.766    output_row_reg[25][19]
  -------------------------------------------------------------------
                         required time                         10.766    
                         arrival time                         -11.900    
  -------------------------------------------------------------------
                         slack                                 -1.134    

Slack (VIOLATED) :        -1.134ns  (required time - arrival time)
  Source:                 v_data[7]
                            (input port clocked by clk  {rise@0.000ns fall@5.000ns period=10.000ns})
  Destination:            output_row_reg[26][19]/D
                            (rising edge-triggered cell FDCE clocked by clk  {rise@0.000ns fall@5.000ns period=10.000ns})
  Path Group:             clk
  Path Type:              Setup (Max at Slow Process Corner)
  Requirement:            10.000ns  (clk rise@10.000ns - clk rise@0.000ns)
  Data Path Delay:        8.900ns  (logic 6.443ns (72.396%)  route 2.457ns (27.604%))
  Logic Levels:           5  (CARRY4=1 DSP48E1=2 LUT2=1 LUT6=1)
  Input Delay:            3.000ns
  Clock Path Skew:        0.924ns (DCD - SCD + CPR)
    Destination Clock Delay (DCD):    0.924ns = ( 10.924 - 10.000 ) 
    Source Clock Delay      (SCD):    0.000ns
    Clock Pessimism Removal (CPR):    0.000ns
  Clock Uncertainty:      0.235ns  ((TSJ^2 + TIJ^2)^1/2 + DJ) / 2 + PE + UU
    Total System Jitter     (TSJ):    0.071ns
    Total Input Jitter      (TIJ):    0.000ns
    Discrete Jitter          (DJ):    0.000ns
    Phase Error              (PE):    0.000ns
    User Uncertainty         (UU):    0.200ns

    Location             Delay type                Incr(ns)  Path(ns)    Netlist Resource(s)
  -------------------------------------------------------------------    -------------------
                         (clock clk rise edge)        0.000     0.000 r  
                         propagated clock network latency
                                                      0.000     0.000    
                         input delay                  3.000     3.000    
                                                      0.000     3.000 r  v_data[7] (IN)
                         net (fo=21, unset)           0.973     3.973    v_data[7]
                                                                      r  p_1_out/B[17]
                         DSP48E1 (Prop_dsp48e1_B[17]_PCOUT[47])
                                                      3.851     7.824 r  p_1_out/PCOUT[47]
                         net (fo=1, unplaced)         0.055     7.879    p_1_out_n_106
                                                                      r  p_1_out__0/PCIN[47]
                         DSP48E1 (Prop_dsp48e1_PCIN[47]_P[0])
                                                      1.518     9.397 r  p_1_out__0/P[0]
                         net (fo=3, unplaced)         0.800    10.197    p_0_in[17]
                                                                      r  output_row[1][19]_i_5/I5
                         LUT6 (Prop_lut6_I5_O)        0.124    10.321 r  output_row[1][19]_i_5/O
                         net (fo=1, unplaced)         0.000    10.321    output_row[1][19]_i_5_n_0
                                                                      r  output_row_reg[1][19]_i_2/S[1]
                         CARRY4 (Prop_carry4_S[1]_O[3])
                                                      0.643    10.964 r  output_row_reg[1][19]_i_2/O[3]
                         net (fo=2, unplaced)         0.629    11.593    data1[19]
                                                                      r  output_row[1][19]_i_1/I1
                         LUT2 (Prop_lut2_I1_O)        0.307    11.900 r  output_row[1][19]_i_1/O
                         net (fo=63, unplaced)        0.000    11.900    output_row[1][19]_i_1_n_0
                         FDCE                                         r  output_row_reg[26][19]/D
  -------------------------------------------------------------------    -------------------

                         (clock clk rise edge)       10.000    10.000 r  
                         propagated clock network latency
                                                      0.924    10.924    
                         clock pessimism              0.000    10.924    
                         clock uncertainty           -0.235    10.689    
                         FDCE (Setup_fdce_C_D)        0.077    10.766    output_row_reg[26][19]
  -------------------------------------------------------------------
                         required time                         10.766    
                         arrival time                         -11.900    
  -------------------------------------------------------------------
                         slack                                 -1.134    




