Copyright 1986-2022 Xilinx, Inc. All Rights Reserved. Copyright 2022-2024 Advanced Micro Devices, Inc. All Rights Reserved.
---------------------------------------------------------------------------------------------------------------------------------------------
| Tool Version : Vivado v.2024.2 (lin64) Build 5239630 Fri Nov 08 22:34:34 MST 2024
| Date         : Mon Apr 13 20:28:18 2026
| Host         : aleem-Latitude-5480 running 64-bit Ubuntu 24.04.4 LTS
| Command      : report_high_fanout_nets -timing -load_types -max_nets 50 -file ./synth_v3_timing_output/high_fanout_nets.rpt
| Design       : streaming_attention_v3
| Device       : xc7z020
---------------------------------------------------------------------------------------------------------------------------------------------

High Fan-out Nets Information

1. Fanout Summary
-----------------

+-------------------------------------------+--------+-------------+-----------------+-----------------+--------------+-----------+--------------+-------+
| Net Name                                  | Fanout | Driver Type | Worst Slack(ns) | Worst Delay(ns) | Clock Enable | Set/Reset | Data & Other | Clock |
+-------------------------------------------+--------+-------------+-----------------+-----------------+--------------+-----------+--------------+-------+
| softmax_inst/rst_n_0                      |   1524 | LUT1        |             inf |           0.776 |            0 |      1524 |            0 |     0 |
| out_addr[3]                               |    151 | FDCE        |           2.367 |           0.741 |            0 |         0 |          151 |     0 |
| elem_idx_reg[0]_rep__3_n_0                |    111 | FDCE        |           2.053 |           0.965 |            0 |         0 |          111 |     0 |
| elem_idx_reg[0]_rep_n_0                   |    111 | FDCE        |           3.772 |           0.965 |            0 |         0 |          111 |     0 |
| elem_idx_reg[0]_rep__0_n_0                |    111 | FDCE        |           2.053 |           0.965 |            0 |         0 |          111 |     0 |
| elem_idx_reg[0]_rep__2_n_0                |    111 | FDCE        |           2.053 |           0.470 |            0 |         0 |          111 |     0 |
| elem_idx_reg[0]_rep__1_n_0                |    111 | FDCE        |           2.053 |           0.965 |            0 |         0 |          111 |     0 |
| elem_idx_reg[1]_rep__2_n_0                |    110 | FDCE        |           3.596 |           0.666 |            0 |         0 |          110 |     0 |
| elem_idx_reg[1]_rep__1_n_0                |    110 | FDCE        |           1.857 |           0.666 |            0 |         0 |          110 |     0 |
| elem_idx_reg[1]_rep_n_0                   |    110 | FDCE        |           1.857 |           0.666 |            0 |         0 |          110 |     0 |
| elem_idx_reg[1]_rep__0_n_0                |    110 | FDCE        |           1.857 |           0.666 |            0 |         0 |          110 |     0 |
| elem_idx_reg[1]_rep__3_n_0                |    110 | FDCE        |           3.576 |           0.806 |            0 |         0 |          110 |     0 |
| out_addr[4]                               |    109 | FDCE        |           3.099 |           0.806 |            0 |         0 |          109 |     0 |
| FSM_onehot_state_reg_n_0_[9]              |    103 | FDCE        |           2.941 |           0.965 |            0 |         0 |          103 |     0 |
| elem_idx_reg[2]_rep__0_n_0                |     96 | FDCE        |           2.248 |           0.335 |            0 |         0 |           96 |     0 |
| elem_idx_reg[2]_rep_n_0                   |     96 | FDCE        |           3.967 |           0.965 |            0 |         0 |           96 |     0 |
| elem_idx_reg[2]_rep__1_n_0                |     96 | FDCE        |           2.248 |           0.335 |            0 |         0 |           96 |     0 |
| out_addr[5]                               |     74 | FDCE        |           2.949 |           0.965 |            0 |         0 |           74 |     0 |
| output_row[1][1]_i_1_n_0                  |     63 | LUT2        |           1.157 |           0.000 |            0 |         0 |           63 |     0 |
| output_row[1][17]_i_1_n_0                 |     63 | LUT2        |          -0.414 |           0.000 |            0 |         0 |           63 |     0 |
| output_row[1][16]_i_1_n_0                 |     63 | LUT2        |           0.471 |           0.000 |            0 |         0 |           63 |     0 |
| output_row[1][20]_i_1_n_0                 |     63 | LUT2        |          -0.937 |           0.000 |            0 |         0 |           63 |     0 |
| output_row[1][8]_i_1_n_0                  |     63 | LUT2        |           0.705 |           0.000 |            0 |         0 |           63 |     0 |
| output_row[1][21]_i_1_n_0                 |     63 | LUT2        |          -1.054 |           0.000 |            0 |         0 |           63 |     0 |
| output_row[1][15]_i_1_n_0                 |     63 | LUT2        |           0.170 |           0.000 |            0 |         0 |           63 |     0 |
| output_row[1][18]_i_1_n_0                 |     63 | LUT2        |          -0.897 |           0.000 |            0 |         0 |           63 |     0 |
| output_row[1][14]_i_1_n_0                 |     63 | LUT2        |           0.417 |           0.000 |            0 |         0 |           63 |     0 |
| output_row[1][7]_i_1_n_0                  |     63 | LUT2        |           0.404 |           0.000 |            0 |         0 |           63 |     0 |
| output_row[1][19]_i_1_n_0                 |     63 | LUT2        |          -1.134 |           0.000 |            0 |         0 |           63 |     0 |
| output_row[1][6]_i_1_n_0                  |     63 | LUT2        |           0.651 |           0.000 |            0 |         0 |           63 |     0 |
| output_row[1][10]_i_1_n_0                 |     63 | LUT2        |           0.534 |           0.000 |            0 |         0 |           63 |     0 |
| output_row[1][0]_i_1_n_0                  |     63 | LUT2        |           1.344 |           0.000 |            0 |         0 |           63 |     0 |
| output_row[1][9]_i_1_n_0                  |     63 | LUT2        |           0.588 |           0.000 |            0 |         0 |           63 |     0 |
| output_row[1][3]_i_1_n_0                  |     63 | LUT2        |           0.634 |           0.000 |            0 |         0 |           63 |     0 |
| output_row[1][11]_i_1_n_0                 |     63 | LUT2        |           0.287 |           0.000 |            0 |         0 |           63 |     0 |
| output_row[1][13]_i_1_n_0                 |     63 | LUT2        |           0.471 |           0.000 |            0 |         0 |           63 |     0 |
| output_row[1][2]_i_1_n_0                  |     63 | LUT2        |           0.871 |           0.000 |            0 |         0 |           63 |     0 |
| output_row[1][12]_i_1_n_0                 |     63 | LUT2        |           0.588 |           0.000 |            0 |         0 |           63 |     0 |
| output_row[1][4]_i_1_n_0                  |     63 | LUT2        |           0.822 |           0.000 |            0 |         0 |           63 |     0 |
| output_row[1][5]_i_1_n_0                  |     63 | LUT2        |           0.705 |           0.000 |            0 |         0 |           63 |     0 |
| output_row[1][22]_i_2_n_0                 |     63 | LUT2        |          -1.108 |           0.000 |            0 |         0 |           63 |     0 |
| softmax_inst/key_idx[3]_i_4_n_0           |     57 | LUT2        |           6.462 |           0.902 |            0 |         0 |           57 |     0 |
| elem_idx_reg_n_0_[6]                      |     50 | FDCE        |           2.959 |           0.965 |            0 |         0 |           50 |     0 |
| softmax_inst/elem_idx_reg[0]_rep__1       |     27 | LUT6        |           6.367 |           0.902 |            0 |         0 |           27 |     0 |
| FSM_onehot_state_reg_n_0_[2]              |     26 | FDCE        |           3.056 |           0.965 |            0 |         0 |           26 |     0 |
| FSM_onehot_state_reg_n_0_[4]              |     25 | FDCE        |           2.976 |           0.965 |            0 |         0 |           25 |     0 |
| softmax_inst/elem_idx_reg[3]_5[0]         |     23 | LUT6        |           6.764 |           0.473 |           23 |         0 |            0 |     0 |
| softmax_inst/elem_idx_reg[2]_rep__0_9[0]  |     23 | LUT6        |           6.582 |           0.473 |           23 |         0 |            0 |     0 |
| softmax_inst/elem_idx_reg[2]_rep__0_8[0]  |     23 | LUT6        |           6.570 |           0.473 |           23 |         0 |            0 |     0 |
| softmax_inst/FSM_onehot_state_reg[9]_2[0] |     23 | LUT6        |           6.771 |           0.473 |           23 |         0 |            0 |     0 |
+-------------------------------------------+--------+-------------+-----------------+-----------------+--------------+-----------+--------------+-------+


