Copyright 1986-2022 Xilinx, Inc. All Rights Reserved. Copyright 2022-2024 Advanced Micro Devices, Inc. All Rights Reserved.
----------------------------------------------------------------------------------------------------------------------------------------------------------------------------------------------
| Tool Version : Vivado v.2024.2 (lin64) Build 5239630 Fri Nov 08 22:34:34 MST 2024
| Date         : Mon Apr 13 20:28:13 2026
| Host         : aleem-Latitude-5480 running 64-bit Ubuntu 24.04.4 LTS
| Command      : report_timing_summary -delay_type max -report_unconstrained -check_timing_verbose -max_paths 10 -input_pins -routable_nets -file ./synth_v3_timing_output/timing_summary.rpt
| Design       : streaming_attention_v3
| Device       : 7z020-clg400
| Speed File   : -1  PRODUCTION 1.12 2019-11-22
| Design State : Synthesized
----------------------------------------------------------------------------------------------------------------------------------------------------------------------------------------------

Timing Summary Report

------------------------------------------------------------------------------------------------
| Timer Settings
| --------------
------------------------------------------------------------------------------------------------

  Enable Multi Corner Analysis               :  Yes
  Enable Pessimism Removal                   :  Yes
  Pessimism Removal Resolution               :  Nearest Common Node
  Enable Input Delay Default Clock           :  No
  Enable Preset / Clear Arcs                 :  No
  Disable Flight Delays                      :  No
  Ignore I/O Paths                           :  No
  Timing Early Launch at Borrowing Latches   :  No
  Borrow Time for Max Delay Exceptions       :  Yes
  Merge Timing Exceptions                    :  Yes
  Inter-SLR Compensation                     :  Conservative

  Corner  Analyze    Analyze    
  Name    Max Paths  Min Paths  
  ------  ---------  ---------  
  Slow    Yes        Yes        
  Fast    Yes        Yes        


------------------------------------------------------------------------------------------------
| Report Methodology
| ------------------
------------------------------------------------------------------------------------------------

No report available as report_methodology has not been run prior. Run report_methodology on the current design for the summary of methodology violations.



check_timing report

Table of Contents
-----------------
1. checking no_clock (0)
2. checking constant_clock (0)
3. checking pulse_width_clock (0)
4. checking unconstrained_internal_endpoints (0)
5. checking no_input_delay (0)
6. checking no_output_delay (0)
7. checking multiple_clock (0)
8. checking generated_clocks (0)
9. checking loops (0)
10. checking partial_input_delay (29)
11. checking partial_output_delay (0)
12. checking latch_loops (0)

1. checking no_clock (0)
------------------------
 There are 0 register/latch pins with no clock.


2. checking constant_clock (0)
------------------------------
 There are 0 register/latch pins with constant_clock.


3. checking pulse_width_clock (0)
---------------------------------
 There are 0 register/latch pins which need pulse_width check


4. checking unconstrained_internal_endpoints (0)
------------------------------------------------
 There are 0 pins that are not constrained for maximum delay.

 There are 0 pins that are not constrained for maximum delay due to constant clock.


5. checking no_input_delay (0)
------------------------------
 There are 0 input ports with no input delay specified.

 There are 0 input ports with no input delay but user has a false path constraint.


6. checking no_output_delay (0)
-------------------------------
 There are 0 ports with no output delay specified.

 There are 0 ports with no output delay but user has a false path constraint

 There are 0 ports with no output delay but with a timing clock defined on it or propagating through it


7. checking multiple_clock (0)
------------------------------
 There are 0 register/latch pins with multiple clocks.


8. checking generated_clocks (0)
--------------------------------
 There are 0 generated clocks that are not connected to a clock source.


9. checking loops (0)
---------------------
 There are 0 combinational loops in the design.


10. checking partial_input_delay (29)
-------------------------------------
 There are 29 input ports with partial input delay specified. (HIGH)

k_data[0]
k_data[1]
k_data[2]
k_data[3]
k_data[4]
k_data[5]
k_data[6]
k_data[7]
q_data[0]
q_data[1]
q_data[2]
q_data[3]
q_data[4]
q_data[5]
q_data[6]
q_data[7]
rst_n
scale_shift[0]
scale_shift[1]
scale_shift[2]
start
v_data[0]
v_data[1]
v_data[2]
v_data[3]
v_data[4]
v_data[5]
v_data[6]
v_data[7]


11. checking partial_output_delay (0)
-------------------------------------
 There are 0 ports with partial output delay specified.


12. checking latch_loops (0)
----------------------------
 There are 0 combinational latch loops in the design through latch input



------------------------------------------------------------------------------------------------
| Design Timing Summary
| ---------------------
------------------------------------------------------------------------------------------------

    WNS(ns)      TNS(ns)  TNS Failing Endpoints  TNS Total Endpoints     WPWS(ns)     TPWS(ns)  TPWS Failing Endpoints  TPWS Total Endpoints  
    -------      -------  ---------------------  -------------------     --------     --------  ----------------------  --------------------  
     -1.342     -355.432                    384                 3092        4.500        0.000                       0                  1524  


Timing constraints are not met.


------------------------------------------------------------------------------------------------
| Clock Summary
| -------------
------------------------------------------------------------------------------------------------

Clock  Waveform(ns)       Period(ns)      Frequency(MHz)
-----  ------------       ----------      --------------
clk    {0.000 5.000}      10.000          100.000         


------------------------------------------------------------------------------------------------
| Intra Clock Table
| -----------------
------------------------------------------------------------------------------------------------

Clock             WNS(ns)      TNS(ns)  TNS Failing Endpoints  TNS Total Endpoints     WPWS(ns)     TPWS(ns)  TPWS Failing Endpoints  TPWS Total Endpoints  
-----             -------      -------  ---------------------  -------------------     --------     --------  ----------------------  --------------------  
clk                -1.342     -355.432                    384                 3092        4.500        0.000                       0                  1524  


------------------------------------------------------------------------------------------------
| Inter Clock Table
| -----------------
------------------------------------------------------------------------------------------------

From Clock    To Clock          WNS(ns)      TNS(ns)  TNS Failing Endpoints  TNS Total Endpoints  
----------    --------          -------      -------  ---------------------  -------------------  


------------------------------------------------------------------------------------------------
| Other Path Groups Table
| -----------------------
------------------------------------------------------------------------------------------------

Path Group    From Clock    To Clock          WNS(ns)      TNS(ns)  TNS Failing Endpoints  TNS Total Endpoints  
----------    ----------    --------          -------      -------  ---------------------  -------------------  


------------------------------------------------------------------------------------------------
| User Ignored Path Table
| -----------------------
------------------------------------------------------------------------------------------------

Path Group    From Clock    To Clock    
----------    ----------    --------    
(none)                      clk           


------------------------------------------------------------------------------------------------
| Unconstrained Path Table
| ------------------------
------------------------------------------------------------------------------------------------

Path Group    From Clock    To Clock    
----------    ----------    --------    


------------------------------------------------------------------------------------------------
| Timing Details
| --------------
------------------------------------------------------------------------------------------------


---------------------------------------------------------------------------------------------------
From Clock:  clk
  To Clock:  clk

Setup :          384  Failing Endpoints,  Worst Slack       -1.342ns,  Total Violation     -355.432ns
Hold  :           NA  Failing Endpoints,  Worst Slack           NA  ,  Total Violation           NA
PW    :            0  Failing Endpoints,  Worst Slack        4.500ns,  Total Violation        0.000ns
---------------------------------------------------------------------------------------------------


Max Delay Paths
--------------------------------------------------------------------------------------
Slack (VIOLATED) :        -1.342ns  (required time - arrival time)
  Source:                 v_data[7]
                            (input port clocked by clk  {rise@0.000ns fall@5.000ns period=10.000ns})
  Destination:            output_row_reg[63][21]/D
                            (rising edge-triggered cell FDCE clocked by clk  {rise@0.000ns fall@5.000ns period=10.000ns})
  Path Group:             clk
  Path Type:              Setup (Max at Slow Process Corner)
  Requirement:            10.000ns  (clk rise@10.000ns - clk rise@0.000ns)
  Data Path Delay:        9.108ns  (logic 6.669ns (73.224%)  route 2.439ns (26.776%))
  Logic Levels:           6  (CARRY4=2 DSP48E1=2 LUT2=1 LUT4=1)
  Input Delay:            3.000ns
  Clock Path Skew:        0.924ns (DCD - SCD + CPR)
    Destination Clock Delay (DCD):    0.924ns = ( 10.924 - 10.000 ) 
    Source Clock Delay      (SCD):    0.000ns
    Clock Pessimism Removal (CPR):    0.000ns
  Clock Uncertainty:      0.235ns  ((TSJ^2 + TIJ^2)^1/2 + DJ) / 2 + PE + UU
    Total System Jitter     (TSJ):    0.071ns
    Total Input Jitter      (TIJ):    0.000ns
    Discrete Jitter          (DJ):    0.000ns
    Phase Error              (PE):    0.000ns
    User Uncertainty         (UU):    0.200ns

    Location             Delay type                Incr(ns)  Path(ns)    Netlist Resource(s)
  -------------------------------------------------------------------    -------------------
                         (clock clk rise edge)        0.000     0.000 r  
                         input delay                  3.000     3.000    
                                                      0.000     3.000 r  v_data[7] (IN)
                         net (fo=21, unset)           0.973     3.973    v_data[7]
                                                                      r  p_1_out/B[17]
                         DSP48E1 (Prop_dsp48e1_B[17]_PCOUT[47])
                                                      3.851     7.824 r  p_1_out/PCOUT[47]
                         net (fo=1, unplaced)         0.055     7.879    p_1_out_n_106
                                                                      r  p_1_out__0/PCIN[47]
                         DSP48E1 (Prop_dsp48e1_PCIN[47]_P[0])
                                                      1.518     9.397 r  p_1_out__0/P[0]
                         net (fo=3, unplaced)         0.800    10.197    p_0_in[17]
                                                                      r  output_row[63][19]_i_5/I1
                         LUT2 (Prop_lut2_I1_O)        0.124    10.321 r  output_row[63][19]_i_5/O
                         net (fo=1, unplaced)         0.000    10.321    output_row[63][19]_i_5_n_0
                                                                      r  output_row_reg[63][19]_i_2/S[1]
                         CARRY4 (Prop_carry4_S[1]_CO[3])
                                                      0.533    10.854 r  output_row_reg[63][19]_i_2/CO[3]
                         net (fo=1, unplaced)         0.000    10.854    output_row_reg[63][19]_i_2_n_0
                                                                      r  output_row_reg[63][22]_i_3/CI
                         CARRY4 (Prop_carry4_CI_O[1])
                                                      0.337    11.191 r  output_row_reg[63][22]_i_3/O[1]
                         net (fo=1, unplaced)         0.611    11.802    data0[21]
                                                                      r  output_row[63][21]_i_1/I0
                         LUT4 (Prop_lut4_I0_O)        0.306    12.108 r  output_row[63][21]_i_1/O
                         net (fo=1, unplaced)         0.000    12.108    output_row[63][21]_i_1_n_0
                         FDCE                                         r  output_row_reg[63][21]/D
  -------------------------------------------------------------------    -------------------

                         (clock clk rise edge)       10.000    10.000 r  
                                                      0.000    10.000 r  clk (IN)
                         net (fo=1523, unset)         0.924    10.924    clk
                         FDCE                                         r  output_row_reg[63][21]/C
                         clock pessimism              0.000    10.924    
                         clock uncertainty           -0.235    10.689    
                         FDCE (Setup_fdce_C_D)        0.077    10.766    output_row_reg[63][21]
  -------------------------------------------------------------------
                         required time                         10.766    
                         arrival time                         -12.108    
  -------------------------------------------------------------------
                         slack                                 -1.342    

Slack (VIOLATED) :        -1.134ns  (required time - arrival time)
  Source:                 v_data[7]
                            (input port clocked by clk  {rise@0.000ns fall@5.000ns period=10.000ns})
  Destination:            output_row_reg[0][19]/D
                            (rising edge-triggered cell FDCE clocked by clk  {rise@0.000ns fall@5.000ns period=10.000ns})
  Path Group:             clk
  Path Type:              Setup (Max at Slow Process Corner)
  Requirement:            10.000ns  (clk rise@10.000ns - clk rise@0.000ns)
  Data Path Delay:        8.900ns  (logic 6.443ns (72.396%)  route 2.457ns (27.604%))
  Logic Levels:           5  (CARRY4=1 DSP48E1=2 LUT2=1 LUT6=1)
  Input Delay:            3.000ns
  Clock Path Skew:        0.924ns (DCD - SCD + CPR)
    Destination Clock Delay (DCD):    0.924ns = ( 10.924 - 10.000 ) 
    Source Clock Delay      (SCD):    0.000ns
    Clock Pessimism Removal (CPR):    0.000ns
  Clock Uncertainty:      0.235ns  ((TSJ^2 + TIJ^2)^1/2 + DJ) / 2 + PE + UU
    Total System Jitter     (TSJ):    0.071ns
    Total Input Jitter      (TIJ):    0.000ns
    Discrete Jitter          (DJ):    0.000ns
    Phase Error              (PE):    0.000ns
    User Uncertainty         (UU):    0.200ns

    Location             Delay type                Incr(ns)  Path(ns)    Netlist Resource(s)
  -------------------------------------------------------------------    -------------------
                         (clock clk rise edge)        0.000     0.000 r  
                         input delay                  3.000     3.000    
                                                      0.000     3.000 r  v_data[7] (IN)
                         net (fo=21, unset)           0.973     3.973    v_data[7]
                                                                      r  p_1_out/B[17]
                         DSP48E1 (Prop_dsp48e1_B[17]_PCOUT[47])
                                                      3.851     7.824 r  p_1_out/PCOUT[47]
                         net (fo=1, unplaced)         0.055     7.879    p_1_out_n_106
                                                                      r  p_1_out__0/PCIN[47]
                         DSP48E1 (Prop_dsp48e1_PCIN[47]_P[0])
                                                      1.518     9.397 r  p_1_out__0/P[0]
                         net (fo=3, unplaced)         0.800    10.197    p_0_in[17]
                                                                      r  output_row[1][19]_i_5/I5
                         LUT6 (Prop_lut6_I5_O)        0.124    10.321 r  output_row[1][19]_i_5/O
                         net (fo=1, unplaced)         0.000    10.321    output_row[1][19]_i_5_n_0
                                                                      r  output_row_reg[1][19]_i_2/S[1]
                         CARRY4 (Prop_carry4_S[1]_O[3])
                                                      0.643    10.964 r  output_row_reg[1][19]_i_2/O[3]
                         net (fo=2, unplaced)         0.629    11.593    data1[19]
                                                                      r  output_row[1][19]_i_1/I1
                         LUT2 (Prop_lut2_I1_O)        0.307    11.900 r  output_row[1][19]_i_1/O
                         net (fo=63, unplaced)        0.000    11.900    output_row[1][19]_i_1_n_0
                         FDCE                                         r  output_row_reg[0][19]/D
  -------------------------------------------------------------------    -------------------

                         (clock clk rise edge)       10.000    10.000 r  
                                                      0.000    10.000 r  clk (IN)
                         net (fo=1523, unset)         0.924    10.924    clk
                         FDCE                                         r  output_row_reg[0][19]/C
                         clock pessimism              0.000    10.924    
                         clock uncertainty           -0.235    10.689    
                         FDCE (Setup_fdce_C_D)        0.077    10.766    output_row_reg[0][19]
  -------------------------------------------------------------------
                         required time                         10.766    
                         arrival time                         -11.900    
  -------------------------------------------------------------------
                         slack                                 -1.134    

Slack (VIOLATED) :        -1.134ns  (required time - arrival time)
  Source:                 v_data[7]
                            (input port clocked by clk  {rise@0.000ns fall@5.000ns period=10.000ns})
  Destination:            output_row_reg[10][19]/D
                            (rising edge-triggered cell FDCE clocked by clk  {rise@0.000ns fall@5.000ns period=10.000ns})
  Path Group:             clk
  Path Type:              Setup (Max at Slow Process Corner)
  Requirement:            10.000ns  (clk rise@10.000ns - clk rise@0.000ns)
  Data Path Delay:        8.900ns  (logic 6.443ns (72.396%)  route 2.457ns (27.604%))
  Logic Levels:           5  (CARRY4=1 DSP48E1=2 LUT2=1 LUT6=1)
  Input Delay:            3.000ns
  Clock Path Skew:        0.924ns (DCD - SCD + CPR)
    Destination Clock Delay (DCD):    0.924ns = ( 10.924 - 10.000 ) 
    Source Clock Delay      (SCD):    0.000ns
    Clock Pessimism Removal (CPR):    0.000ns
  Clock Uncertainty:      0.235ns  ((TSJ^2 + TIJ^2)^1/2 + DJ) / 2 + PE + UU
    Total System Jitter     (TSJ):    0.071ns
    Total Input Jitter      (TIJ):    0.000ns
    Discrete Jitter          (DJ):    0.000ns
    Phase Error              (PE):    0.000ns
    User Uncertainty         (UU):    0.200ns

    Location             Delay type                Incr(ns)  Path(ns)    Netlist Resource(s)
  -------------------------------------------------------------------    -------------------
                         (clock clk rise edge)        0.000     0.000 r  
                         input delay                  3.000     3.000    
                                                      0.000     3.000 r  v_data[7] (IN)
                         net (fo=21, unset)           0.973     3.973    v_data[7]
                                                                      r  p_1_out/B[17]
                         DSP48E1 (Prop_dsp48e1_B[17]_PCOUT[47])
                                                      3.851     7.824 r  p_1_out/PCOUT[47]
                         net (fo=1, unplaced)         0.055     7.879    p_1_out_n_106
                                                                      r  p_1_out__0/PCIN[47]
                         DSP48E1 (Prop_dsp48e1_PCIN[47]_P[0])
                                                      1.518     9.397 r  p_1_out__0/P[0]
                         net (fo=3, unplaced)         0.800    10.197    p_0_in[17]
                                                                      r  output_row[1][19]_i_5/I5
                         LUT6 (Prop_lut6_I5_O)        0.124    10.321 r  output_row[1][19]_i_5/O
                         net (fo=1, unplaced)         0.000    10.321    output_row[1][19]_i_5_n_0
                                                                      r  output_row_reg[1][19]_i_2/S[1]
                         CARRY4 (Prop_carry4_S[1]_O[3])
                                                      0.643    10.964 r  output_row_reg[1][19]_i_2/O[3]
                         net (fo=2, unplaced)         0.629    11.593    data1[19]
                                                                      r  output_row[1][19]_i_1/I1
                         LUT2 (Prop_lut2_I1_O)        0.307    11.900 r  output_row[1][19]_i_1/O
                         net (fo=63, unplaced)        0.000    11.900    output_row[1][19]_i_1_n_0
                         FDCE                                         r  output_row_reg[10][19]/D
  -------------------------------------------------------------------    -------------------

                         (clock clk rise edge)       10.000    10.000 r  
                                                      0.000    10.000 r  clk (IN)
                         net (fo=1523, unset)         0.924    10.924    clk
                         FDCE                                         r  output_row_reg[10][19]/C
                         clock pessimism              0.000    10.924    
                         clock uncertainty           -0.235    10.689    
                         FDCE (Setup_fdce_C_D)        0.077    10.766    output_row_reg[10][19]
  -------------------------------------------------------------------
                         required time                         10.766    
                         arrival time                         -11.900    
  -------------------------------------------------------------------
                         slack                                 -1.134    

Slack (VIOLATED) :        -1.134ns  (required time - arrival time)
  Source:                 v_data[7]
                            (input port clocked by clk  {rise@0.000ns fall@5.000ns period=10.000ns})
  Destination:            output_row_reg[11][19]/D
                            (rising edge-triggered cell FDCE clocked by clk  {rise@0.000ns fall@5.000ns period=10.000ns})
  Path Group:             clk
  Path Type:              Setup (Max at Slow Process Corner)
  Requirement:            10.000ns  (clk rise@10.000ns - clk rise@0.000ns)
  Data Path Delay:        8.900ns  (logic 6.443ns (72.396%)  route 2.457ns (27.604%))
  Logic Levels:           5  (CARRY4=1 DSP48E1=2 LUT2=1 LUT6=1)
  Input Delay:            3.000ns
  Clock Path Skew:        0.924ns (DCD - SCD + CPR)
    Destination Clock Delay (DCD):    0.924ns = ( 10.924 - 10.000 ) 
    Source Clock Delay      (SCD):    0.000ns
    Clock Pessimism Removal (CPR):    0.000ns
  Clock Uncertainty:      0.235ns  ((TSJ^2 + TIJ^2)^1/2 + DJ) / 2 + PE + UU
    Total System Jitter     (TSJ):    0.071ns
    Total Input Jitter      (TIJ):    0.000ns
    Discrete Jitter          (DJ):    0.000ns
    Phase Error              (PE):    0.000ns
    User Uncertainty         (UU):    0.200ns

    Location             Delay type                Incr(ns)  Path(ns)    Netlist Resource(s)
  -------------------------------------------------------------------    -------------------
                         (clock clk rise edge)        0.000     0.000 r  
                         input delay                  3.000     3.000    
                                                      0.000     3.000 r  v_data[7] (IN)
                         net (fo=21, unset)           0.973     3.973    v_data[7]
                                                                      r  p_1_out/B[17]
                         DSP48E1 (Prop_dsp48e1_B[17]_PCOUT[47])
                                                      3.851     7.824 r  p_1_out/PCOUT[47]
                         net (fo=1, unplaced)         0.055     7.879    p_1_out_n_106
                                                                      r  p_1_out__0/PCIN[47]
                         DSP48E1 (Prop_dsp48e1_PCIN[47]_P[0])
                                                      1.518     9.397 r  p_1_out__0/P[0]
                         net (fo=3, unplaced)         0.800    10.197    p_0_in[17]
                                                                      r  output_row[1][19]_i_5/I5
                         LUT6 (Prop_lut6_I5_O)        0.124    10.321 r  output_row[1][19]_i_5/O
                         net (fo=1, unplaced)         0.000    10.321    output_row[1][19]_i_5_n_0
                                                                      r  output_row_reg[1][19]_i_2/S[1]
                         CARRY4 (Prop_carry4_S[1]_O[3])
                                                      0.643    10.964 r  output_row_reg[1][19]_i_2/O[3]
                         net (fo=2, unplaced)         0.629    11.593    data1[19]
                                                                      r  output_row[1][19]_i_1/I1
                         LUT2 (Prop_lut2_I1_O)        0.307    11.900 r  output_row[1][19]_i_1/O
                         net (fo=63, unplaced)        0.000    11.900    output_row[1][19]_i_1_n_0
                         FDCE                                         r  output_row_reg[11][19]/D
  -------------------------------------------------------------------    -------------------

                         (clock clk rise edge)       10.000    10.000 r  
                                                      0.000    10.000 r  clk (IN)
                         net (fo=1523, unset)         0.924    10.924    clk
                         FDCE                                         r  output_row_reg[11][19]/C
                         clock pessimism              0.000    10.924    
                         clock uncertainty           -0.235    10.689    
                         FDCE (Setup_fdce_C_D)        0.077    10.766    output_row_reg[11][19]
  -------------------------------------------------------------------
                         required time                         10.766    
                         arrival time                         -11.900    
  -------------------------------------------------------------------
                         slack                                 -1.134    

Slack (VIOLATED) :        -1.134ns  (required time - arrival time)
  Source:                 v_data[7]
                            (input port clocked by clk  {rise@0.000ns fall@5.000ns period=10.000ns})
  Destination:            output_row_reg[12][19]/D
                            (rising edge-triggered cell FDCE clocked by clk  {rise@0.000ns fall@5.000ns period=10.000ns})
  Path Group:             clk
  Path Type:              Setup (Max at Slow Process Corner)
  Requirement:            10.000ns  (clk rise@10.000ns - clk rise@0.000ns)
  Data Path Delay:        8.900ns  (logic 6.443ns (72.396%)  route 2.457ns (27.604%))
  Logic Levels:           5  (CARRY4=1 DSP48E1=2 LUT2=1 LUT6=1)
  Input Delay:            3.000ns
  Clock Path Skew:        0.924ns (DCD - SCD + CPR)
    Destination Clock Delay (DCD):    0.924ns = ( 10.924 - 10.000 ) 
    Source Clock Delay      (SCD):    0.000ns
    Clock Pessimism Removal (CPR):    0.000ns
  Clock Uncertainty:      0.235ns  ((TSJ^2 + TIJ^2)^1/2 + DJ) / 2 + PE + UU
    Total System Jitter     (TSJ):    0.071ns
    Total Input Jitter      (TIJ):    0.000ns
    Discrete Jitter          (DJ):    0.000ns
    Phase Error              (PE):    0.000ns
    User Uncertainty         (UU):    0.200ns

    Location             Delay type                Incr(ns)  Path(ns)    Netlist Resource(s)
  -------------------------------------------------------------------    -------------------
                         (clock clk rise edge)        0.000     0.000 r  
                         input delay                  3.000     3.000    
                                                      0.000     3.000 r  v_data[7] (IN)
                         net (fo=21, unset)           0.973     3.973    v_data[7]
                                                                      r  p_1_out/B[17]
                         DSP48E1 (Prop_dsp48e1_B[17]_PCOUT[47])
                                                      3.851     7.824 r  p_1_out/PCOUT[47]
                         net (fo=1, unplaced)         0.055     7.879    p_1_out_n_106
                                                                      r  p_1_out__0/PCIN[47]
                         DSP48E1 (Prop_dsp48e1_PCIN[47]_P[0])
                                                      1.518     9.397 r  p_1_out__0/P[0]
                         net (fo=3, unplaced)         0.800    10.197    p_0_in[17]
                                                                      r  output_row[1][19]_i_5/I5
                         LUT6 (Prop_lut6_I5_O)        0.124    10.321 r  output_row[1][19]_i_5/O
                         net (fo=1, unplaced)         0.000    10.321    output_row[1][19]_i_5_n_0
                                                                      r  output_row_reg[1][19]_i_2/S[1]
                         CARRY4 (Prop_carry4_S[1]_O[3])
                                                      0.643    10.964 r  output_row_reg[1][19]_i_2/O[3]
                         net (fo=2, unplaced)         0.629    11.593    data1[19]
                                                                      r  output_row[1][19]_i_1/I1
                         LUT2 (Prop_lut2_I1_O)        0.307    11.900 r  output_row[1][19]_i_1/O
                         net (fo=63, unplaced)        0.000    11.900    output_row[1][19]_i_1_n_0
                         FDCE                                         r  output_row_reg[12][19]/D
  -------------------------------------------------------------------    -------------------

                         (clock clk rise edge)       10.000    10.000 r  
                                                      0.000    10.000 r  clk (IN)
                         net (fo=1523, unset)         0.924    10.924    clk
                         FDCE                                         r  output_row_reg[12][19]/C
                         clock pessimism              0.000    10.924    
                         clock uncertainty           -0.235    10.689    
                         FDCE (Setup_fdce_C_D)        0.077    10.766    output_row_reg[12][19]
  -------------------------------------------------------------------
                         required time                         10.766    
                         arrival time                         -11.900    
  -------------------------------------------------------------------
                         slack                                 -1.134    

Slack (VIOLATED) :        -1.134ns  (required time - arrival time)
  Source:                 v_data[7]
                            (input port clocked by clk  {rise@0.000ns fall@5.000ns period=10.000ns})
  Destination:            output_row_reg[13][19]/D
                            (rising edge-triggered cell FDCE clocked by clk  {rise@0.000ns fall@5.000ns period=10.000ns})
  Path Group:             clk
  Path Type:              Setup (Max at Slow Process Corner)
  Requirement:            10.000ns  (clk rise@10.000ns - clk rise@0.000ns)
  Data Path Delay:        8.900ns  (logic 6.443ns (72.396%)  route 2.457ns (27.604%))
  Logic Levels:           5  (CARRY4=1 DSP48E1=2 LUT2=1 LUT6=1)
  Input Delay:            3.000ns
  Clock Path Skew:        0.924ns (DCD - SCD + CPR)
    Destination Clock Delay (DCD):    0.924ns = ( 10.924 - 10.000 ) 
    Source Clock Delay      (SCD):    0.000ns
    Clock Pessimism Removal (CPR):    0.000ns
  Clock Uncertainty:      0.235ns  ((TSJ^2 + TIJ^2)^1/2 + DJ) / 2 + PE + UU
    Total System Jitter     (TSJ):    0.071ns
    Total Input Jitter      (TIJ):    0.000ns
    Discrete Jitter          (DJ):    0.000ns
    Phase Error              (PE):    0.000ns
    User Uncertainty         (UU):    0.200ns

    Location             Delay type                Incr(ns)  Path(ns)    Netlist Resource(s)
  -------------------------------------------------------------------    -------------------
                         (clock clk rise edge)        0.000     0.000 r  
                         input delay                  3.000     3.000    
                                                      0.000     3.000 r  v_data[7] (IN)
                         net (fo=21, unset)           0.973     3.973    v_data[7]
                                                                      r  p_1_out/B[17]
                         DSP48E1 (Prop_dsp48e1_B[17]_PCOUT[47])
                                                      3.851     7.824 r  p_1_out/PCOUT[47]
                         net (fo=1, unplaced)         0.055     7.879    p_1_out_n_106
                                                                      r  p_1_out__0/PCIN[47]
                         DSP48E1 (Prop_dsp48e1_PCIN[47]_P[0])
                                                      1.518     9.397 r  p_1_out__0/P[0]
                         net (fo=3, unplaced)         0.800    10.197    p_0_in[17]
                                                                      r  output_row[1][19]_i_5/I5
                         LUT6 (Prop_lut6_I5_O)        0.124    10.321 r  output_row[1][19]_i_5/O
                         net (fo=1, unplaced)         0.000    10.321    output_row[1][19]_i_5_n_0
                                                                      r  output_row_reg[1][19]_i_2/S[1]
                         CARRY4 (Prop_carry4_S[1]_O[3])
                                                      0.643    10.964 r  output_row_reg[1][19]_i_2/O[3]
                         net (fo=2, unplaced)         0.629    11.593    data1[19]
                                                                      r  output_row[1][19]_i_1/I1
                         LUT2 (Prop_lut2_I1_O)        0.307    11.900 r  output_row[1][19]_i_1/O
                         net (fo=63, unplaced)        0.000    11.900    output_row[1][19]_i_1_n_0
                         FDCE                                         r  output_row_reg[13][19]/D
  -------------------------------------------------------------------    -------------------

                         (clock clk rise edge)       10.000    10.000 r  
                                                      0.000    10.000 r  clk (IN)
                         net (fo=1523, unset)         0.924    10.924    clk
                         FDCE                                         r  output_row_reg[13][19]/C
                         clock pessimism              0.000    10.924    
                         clock uncertainty           -0.235    10.689    
                         FDCE (Setup_fdce_C_D)        0.077    10.766    output_row_reg[13][19]
  -------------------------------------------------------------------
                         required time                         10.766    
                         arrival time                         -11.900    
  -------------------------------------------------------------------
                         slack                                 -1.134    

Slack (VIOLATED) :        -1.134ns  (required time - arrival time)
  Source:                 v_data[7]
                            (input port clocked by clk  {rise@0.000ns fall@5.000ns period=10.000ns})
  Destination:            output_row_reg[14][19]/D
                            (rising edge-triggered cell FDCE clocked by clk  {rise@0.000ns fall@5.000ns period=10.000ns})
  Path Group:             clk
  Path Type:              Setup (Max at Slow Process Corner)
  Requirement:            10.000ns  (clk rise@10.000ns - clk rise@0.000ns)
  Data Path Delay:        8.900ns  (logic 6.443ns (72.396%)  route 2.457ns (27.604%))
  Logic Levels:           5  (CARRY4=1 DSP48E1=2 LUT2=1 LUT6=1)
  Input Delay:            3.000ns
  Clock Path Skew:        0.924ns (DCD - SCD + CPR)
    Destination Clock Delay (DCD):    0.924ns = ( 10.924 - 10.000 ) 
    Source Clock Delay      (SCD):    0.000ns
    Clock Pessimism Removal (CPR):    0.000ns
  Clock Uncertainty:      0.235ns  ((TSJ^2 + TIJ^2)^1/2 + DJ) / 2 + PE + UU
    Total System Jitter     (TSJ):    0.071ns
    Total Input Jitter      (TIJ):    0.000ns
    Discrete Jitter          (DJ):    0.000ns
    Phase Error              (PE):    0.000ns
    User Uncertainty         (UU):    0.200ns

    Location             Delay type                Incr(ns)  Path(ns)    Netlist Resource(s)
  -------------------------------------------------------------------    -------------------
                         (clock clk rise edge)        0.000     0.000 r  
                         input delay                  3.000     3.000    
                                                      0.000     3.000 r  v_data[7] (IN)
                         net (fo=21, unset)           0.973     3.973    v_data[7]
                                                                      r  p_1_out/B[17]
                         DSP48E1 (Prop_dsp48e1_B[17]_PCOUT[47])
                                                      3.851     7.824 r  p_1_out/PCOUT[47]
                         net (fo=1, unplaced)         0.055     7.879    p_1_out_n_106
                                                                      r  p_1_out__0/PCIN[47]
                         DSP48E1 (Prop_dsp48e1_PCIN[47]_P[0])
                                                      1.518     9.397 r  p_1_out__0/P[0]
                         net (fo=3, unplaced)         0.800    10.197    p_0_in[17]
                                                                      r  output_row[1][19]_i_5/I5
                         LUT6 (Prop_lut6_I5_O)        0.124    10.321 r  output_row[1][19]_i_5/O
                         net (fo=1, unplaced)         0.000    10.321    output_row[1][19]_i_5_n_0
                                                                      r  output_row_reg[1][19]_i_2/S[1]
                         CARRY4 (Prop_carry4_S[1]_O[3])
                                                      0.643    10.964 r  output_row_reg[1][19]_i_2/O[3]
                         net (fo=2, unplaced)         0.629    11.593    data1[19]
                                                                      r  output_row[1][19]_i_1/I1
                         LUT2 (Prop_lut2_I1_O)        0.307    11.900 r  output_row[1][19]_i_1/O
                         net (fo=63, unplaced)        0.000    11.900    output_row[1][19]_i_1_n_0
                         FDCE                                         r  output_row_reg[14][19]/D
  -------------------------------------------------------------------    -------------------

                         (clock clk rise edge)       10.000    10.000 r  
                                                      0.000    10.000 r  clk (IN)
                         net (fo=1523, unset)         0.924    10.924    clk
                         FDCE                                         r  output_row_reg[14][19]/C
                         clock pessimism              0.000    10.924    
                         clock uncertainty           -0.235    10.689    
                         FDCE (Setup_fdce_C_D)        0.077    10.766    output_row_reg[14][19]
  -------------------------------------------------------------------
                         required time                         10.766    
                         arrival time                         -11.900    
  -------------------------------------------------------------------
                         slack                                 -1.134    

Slack (VIOLATED) :        -1.134ns  (required time - arrival time)
  Source:                 v_data[7]
                            (input port clocked by clk  {rise@0.000ns fall@5.000ns period=10.000ns})
  Destination:            output_row_reg[15][19]/D
                            (rising edge-triggered cell FDCE clocked by clk  {rise@0.000ns fall@5.000ns period=10.000ns})
  Path Group:             clk
  Path Type:              Setup (Max at Slow Process Corner)
  Requirement:            10.000ns  (clk rise@10.000ns - clk rise@0.000ns)
  Data Path Delay:        8.900ns  (logic 6.443ns (72.396%)  route 2.457ns (27.604%))
  Logic Levels:           5  (CARRY4=1 DSP48E1=2 LUT2=1 LUT6=1)
  Input Delay:            3.000ns
  Clock Path Skew:        0.924ns (DCD - SCD + CPR)
    Destination Clock Delay (DCD):    0.924ns = ( 10.924 - 10.000 ) 
    Source Clock Delay      (SCD):    0.000ns
    Clock Pessimism Removal (CPR):    0.000ns
  Clock Uncertainty:      0.235ns  ((TSJ^2 + TIJ^2)^1/2 + DJ) / 2 + PE + UU
    Total System Jitter     (TSJ):    0.071ns
    Total Input Jitter      (TIJ):    0.000ns
    Discrete Jitter          (DJ):    0.000ns
    Phase Error              (PE):    0.000ns
    User Uncertainty         (UU):    0.200ns

    Location             Delay type                Incr(ns)  Path(ns)    Netlist Resource(s)
  -------------------------------------------------------------------    -------------------
                         (clock clk rise edge)        0.000     0.000 r  
                         input delay                  3.000     3.000    
                                                      0.000     3.000 r  v_data[7] (IN)
                         net (fo=21, unset)           0.973     3.973    v_data[7]
                                                                      r  p_1_out/B[17]
                         DSP48E1 (Prop_dsp48e1_B[17]_PCOUT[47])
                                                      3.851     7.824 r  p_1_out/PCOUT[47]
                         net (fo=1, unplaced)         0.055     7.879    p_1_out_n_106
                                                                      r  p_1_out__0/PCIN[47]
                         DSP48E1 (Prop_dsp48e1_PCIN[47]_P[0])
                                                      1.518     9.397 r  p_1_out__0/P[0]
                         net (fo=3, unplaced)         0.800    10.197    p_0_in[17]
                                                                      r  output_row[1][19]_i_5/I5
                         LUT6 (Prop_lut6_I5_O)        0.124    10.321 r  output_row[1][19]_i_5/O
                         net (fo=1, unplaced)         0.000    10.321    output_row[1][19]_i_5_n_0
                                                                      r  output_row_reg[1][19]_i_2/S[1]
                         CARRY4 (Prop_carry4_S[1]_O[3])
                                                      0.643    10.964 r  output_row_reg[1][19]_i_2/O[3]
                         net (fo=2, unplaced)         0.629    11.593    data1[19]
                                                                      r  output_row[1][19]_i_1/I1
                         LUT2 (Prop_lut2_I1_O)        0.307    11.900 r  output_row[1][19]_i_1/O
                         net (fo=63, unplaced)        0.000    11.900    output_row[1][19]_i_1_n_0
                         FDCE                                         r  output_row_reg[15][19]/D
  -------------------------------------------------------------------    -------------------

                         (clock clk rise edge)       10.000    10.000 r  
                                                      0.000    10.000 r  clk (IN)
                         net (fo=1523, unset)         0.924    10.924    clk
                         FDCE                                         r  output_row_reg[15][19]/C
                         clock pessimism              0.000    10.924    
                         clock uncertainty           -0.235    10.689    
                         FDCE (Setup_fdce_C_D)        0.077    10.766    output_row_reg[15][19]
  -------------------------------------------------------------------
                         required time                         10.766    
                         arrival time                         -11.900    
  -------------------------------------------------------------------
                         slack                                 -1.134    

Slack (VIOLATED) :        -1.134ns  (required time - arrival time)
  Source:                 v_data[7]
                            (input port clocked by clk  {rise@0.000ns fall@5.000ns period=10.000ns})
  Destination:            output_row_reg[16][19]/D
                            (rising edge-triggered cell FDCE clocked by clk  {rise@0.000ns fall@5.000ns period=10.000ns})
  Path Group:             clk
  Path Type:              Setup (Max at Slow Process Corner)
  Requirement:            10.000ns  (clk rise@10.000ns - clk rise@0.000ns)
  Data Path Delay:        8.900ns  (logic 6.443ns (72.396%)  route 2.457ns (27.604%))
  Logic Levels:           5  (CARRY4=1 DSP48E1=2 LUT2=1 LUT6=1)
  Input Delay:            3.000ns
  Clock Path Skew:        0.924ns (DCD - SCD + CPR)
    Destination Clock Delay (DCD):    0.924ns = ( 10.924 - 10.000 ) 
    Source Clock Delay      (SCD):    0.000ns
    Clock Pessimism Removal (CPR):    0.000ns
  Clock Uncertainty:      0.235ns  ((TSJ^2 + TIJ^2)^1/2 + DJ) / 2 + PE + UU
    Total System Jitter     (TSJ):    0.071ns
    Total Input Jitter      (TIJ):    0.000ns
    Discrete Jitter          (DJ):    0.000ns
    Phase Error              (PE):    0.000ns
    User Uncertainty         (UU):    0.200ns

    Location             Delay type                Incr(ns)  Path(ns)    Netlist Resource(s)
  -------------------------------------------------------------------    -------------------
                         (clock clk rise edge)        0.000     0.000 r  
                         input delay                  3.000     3.000    
                                                      0.000     3.000 r  v_data[7] (IN)
                         net (fo=21, unset)           0.973     3.973    v_data[7]
                                                                      r  p_1_out/B[17]
                         DSP48E1 (Prop_dsp48e1_B[17]_PCOUT[47])
                                                      3.851     7.824 r  p_1_out/PCOUT[47]
                         net (fo=1, unplaced)         0.055     7.879    p_1_out_n_106
                                                                      r  p_1_out__0/PCIN[47]
                         DSP48E1 (Prop_dsp48e1_PCIN[47]_P[0])
                                                      1.518     9.397 r  p_1_out__0/P[0]
                         net (fo=3, unplaced)         0.800    10.197    p_0_in[17]
                                                                      r  output_row[1][19]_i_5/I5
                         LUT6 (Prop_lut6_I5_O)        0.124    10.321 r  output_row[1][19]_i_5/O
                         net (fo=1, unplaced)         0.000    10.321    output_row[1][19]_i_5_n_0
                                                                      r  output_row_reg[1][19]_i_2/S[1]
                         CARRY4 (Prop_carry4_S[1]_O[3])
                                                      0.643    10.964 r  output_row_reg[1][19]_i_2/O[3]
                         net (fo=2, unplaced)         0.629    11.593    data1[19]
                                                                      r  output_row[1][19]_i_1/I1
                         LUT2 (Prop_lut2_I1_O)        0.307    11.900 r  output_row[1][19]_i_1/O
                         net (fo=63, unplaced)        0.000    11.900    output_row[1][19]_i_1_n_0
                         FDCE                                         r  output_row_reg[16][19]/D
  -------------------------------------------------------------------    -------------------

                         (clock clk rise edge)       10.000    10.000 r  
                                                      0.000    10.000 r  clk (IN)
                         net (fo=1523, unset)         0.924    10.924    clk
                         FDCE                                         r  output_row_reg[16][19]/C
                         clock pessimism              0.000    10.924    
                         clock uncertainty           -0.235    10.689    
                         FDCE (Setup_fdce_C_D)        0.077    10.766    output_row_reg[16][19]
  -------------------------------------------------------------------
                         required time                         10.766    
                         arrival time                         -11.900    
  -------------------------------------------------------------------
                         slack                                 -1.134    

Slack (VIOLATED) :        -1.134ns  (required time - arrival time)
  Source:                 v_data[7]
                            (input port clocked by clk  {rise@0.000ns fall@5.000ns period=10.000ns})
  Destination:            output_row_reg[17][19]/D
                            (rising edge-triggered cell FDCE clocked by clk  {rise@0.000ns fall@5.000ns period=10.000ns})
  Path Group:             clk
  Path Type:              Setup (Max at Slow Process Corner)
  Requirement:            10.000ns  (clk rise@10.000ns - clk rise@0.000ns)
  Data Path Delay:        8.900ns  (logic 6.443ns (72.396%)  route 2.457ns (27.604%))
  Logic Levels:           5  (CARRY4=1 DSP48E1=2 LUT2=1 LUT6=1)
  Input Delay:            3.000ns
  Clock Path Skew:        0.924ns (DCD - SCD + CPR)
    Destination Clock Delay (DCD):    0.924ns = ( 10.924 - 10.000 ) 
    Source Clock Delay      (SCD):    0.000ns
    Clock Pessimism Removal (CPR):    0.000ns
  Clock Uncertainty:      0.235ns  ((TSJ^2 + TIJ^2)^1/2 + DJ) / 2 + PE + UU
    Total System Jitter     (TSJ):    0.071ns
    Total Input Jitter      (TIJ):    0.000ns
    Discrete Jitter          (DJ):    0.000ns
    Phase Error              (PE):    0.000ns
    User Uncertainty         (UU):    0.200ns

    Location             Delay type                Incr(ns)  Path(ns)    Netlist Resource(s)
  -------------------------------------------------------------------    -------------------
                         (clock clk rise edge)        0.000     0.000 r  
                         input delay                  3.000     3.000    
                                                      0.000     3.000 r  v_data[7] (IN)
                         net (fo=21, unset)           0.973     3.973    v_data[7]
                                                                      r  p_1_out/B[17]
                         DSP48E1 (Prop_dsp48e1_B[17]_PCOUT[47])
                                                      3.851     7.824 r  p_1_out/PCOUT[47]
                         net (fo=1, unplaced)         0.055     7.879    p_1_out_n_106
                                                                      r  p_1_out__0/PCIN[47]
                         DSP48E1 (Prop_dsp48e1_PCIN[47]_P[0])
                                                      1.518     9.397 r  p_1_out__0/P[0]
                         net (fo=3, unplaced)         0.800    10.197    p_0_in[17]
                                                                      r  output_row[1][19]_i_5/I5
                         LUT6 (Prop_lut6_I5_O)        0.124    10.321 r  output_row[1][19]_i_5/O
                         net (fo=1, unplaced)         0.000    10.321    output_row[1][19]_i_5_n_0
                                                                      r  output_row_reg[1][19]_i_2/S[1]
                         CARRY4 (Prop_carry4_S[1]_O[3])
                                                      0.643    10.964 r  output_row_reg[1][19]_i_2/O[3]
                         net (fo=2, unplaced)         0.629    11.593    data1[19]
                                                                      r  output_row[1][19]_i_1/I1
                         LUT2 (Prop_lut2_I1_O)        0.307    11.900 r  output_row[1][19]_i_1/O
                         net (fo=63, unplaced)        0.000    11.900    output_row[1][19]_i_1_n_0
                         FDCE                                         r  output_row_reg[17][19]/D
  -------------------------------------------------------------------    -------------------

                         (clock clk rise edge)       10.000    10.000 r  
                                                      0.000    10.000 r  clk (IN)
                         net (fo=1523, unset)         0.924    10.924    clk
                         FDCE                                         r  output_row_reg[17][19]/C
                         clock pessimism              0.000    10.924    
                         clock uncertainty           -0.235    10.689    
                         FDCE (Setup_fdce_C_D)        0.077    10.766    output_row_reg[17][19]
  -------------------------------------------------------------------
                         required time                         10.766    
                         arrival time                         -11.900    
  -------------------------------------------------------------------
                         slack                                 -1.134    





Pulse Width Checks
--------------------------------------------------------------------------------------
Clock Name:         clk
Waveform(ns):       { 0.000 5.000 }
Period(ns):         10.000
Sources:            { clk }

Check Type        Corner  Lib Pin  Reference Pin  Required(ns)  Actual(ns)  Slack(ns)  Location  Pin
Min Period        n/a     FDPE/C   n/a            1.000         10.000      9.000                FSM_onehot_state_reg[0]/C
Min Period        n/a     FDCE/C   n/a            1.000         10.000      9.000                FSM_onehot_state_reg[10]/C
Min Period        n/a     FDCE/C   n/a            1.000         10.000      9.000                FSM_onehot_state_reg[11]/C
Min Period        n/a     FDCE/C   n/a            1.000         10.000      9.000                FSM_onehot_state_reg[12]/C
Min Period        n/a     FDCE/C   n/a            1.000         10.000      9.000                FSM_onehot_state_reg[13]/C
Min Period        n/a     FDCE/C   n/a            1.000         10.000      9.000                FSM_onehot_state_reg[1]/C
Min Period        n/a     FDCE/C   n/a            1.000         10.000      9.000                FSM_onehot_state_reg[2]/C
Min Period        n/a     FDCE/C   n/a            1.000         10.000      9.000                FSM_onehot_state_reg[3]/C
Min Period        n/a     FDCE/C   n/a            1.000         10.000      9.000                FSM_onehot_state_reg[4]/C
Min Period        n/a     FDCE/C   n/a            1.000         10.000      9.000                FSM_onehot_state_reg[5]/C
Low Pulse Width   Slow    FDPE/C   n/a            0.500         5.000       4.500                FSM_onehot_state_reg[0]/C
Low Pulse Width   Fast    FDPE/C   n/a            0.500         5.000       4.500                FSM_onehot_state_reg[0]/C
Low Pulse Width   Slow    FDCE/C   n/a            0.500         5.000       4.500                FSM_onehot_state_reg[10]/C
Low Pulse Width   Fast    FDCE/C   n/a            0.500         5.000       4.500                FSM_onehot_state_reg[10]/C
Low Pulse Width   Slow    FDCE/C   n/a            0.500         5.000       4.500                FSM_onehot_state_reg[11]/C
Low Pulse Width   Fast    FDCE/C   n/a            0.500         5.000       4.500                FSM_onehot_state_reg[11]/C
Low Pulse Width   Slow    FDCE/C   n/a            0.500         5.000       4.500                FSM_onehot_state_reg[12]/C
Low Pulse Width   Fast    FDCE/C   n/a            0.500         5.000       4.500                FSM_onehot_state_reg[12]/C
Low Pulse Width   Slow    FDCE/C   n/a            0.500         5.000       4.500                FSM_onehot_state_reg[13]/C
Low Pulse Width   Fast    FDCE/C   n/a            0.500         5.000       4.500                FSM_onehot_state_reg[13]/C
High Pulse Width  Slow    FDPE/C   n/a            0.500         5.000       4.500                FSM_onehot_state_reg[0]/C
High Pulse Width  Fast    FDPE/C   n/a            0.500         5.000       4.500                FSM_onehot_state_reg[0]/C
High Pulse Width  Slow    FDCE/C   n/a            0.500         5.000       4.500                FSM_onehot_state_reg[10]/C
High Pulse Width  Fast    FDCE/C   n/a            0.500         5.000       4.500                FSM_onehot_state_reg[10]/C
High Pulse Width  Slow    FDCE/C   n/a            0.500         5.000       4.500                FSM_onehot_state_reg[11]/C
High Pulse Width  Fast    FDCE/C   n/a            0.500         5.000       4.500                FSM_onehot_state_reg[11]/C
High Pulse Width  Slow    FDCE/C   n/a            0.500         5.000       4.500                FSM_onehot_state_reg[12]/C
High Pulse Width  Fast    FDCE/C   n/a            0.500         5.000       4.500                FSM_onehot_state_reg[12]/C
High Pulse Width  Slow    FDCE/C   n/a            0.500         5.000       4.500                FSM_onehot_state_reg[13]/C
High Pulse Width  Fast    FDCE/C   n/a            0.500         5.000       4.500                FSM_onehot_state_reg[13]/C



--------------------------------------------------------------------------------------
Path Group:  (none)
From Clock:  
  To Clock:  clk

Max Delay          1524 Endpoints
Min Delay             0 Endpoints
--------------------------------------------------------------------------------------


Max Delay Paths
--------------------------------------------------------------------------------------
Slack:                    inf
  Source:                 rst_n
                            (input port)
  Destination:            FSM_onehot_state_reg[0]/PRE
                            (recovery check against rising-edge clock clk  {rise@0.000ns fall@5.000ns period=10.000ns})
  Path Group:             (none)
  Path Type:              Recovery (Max at Slow Process Corner)
  Data Path Delay:        2.013ns  (logic 0.124ns (6.160%)  route 1.889ns (93.840%))
  Logic Levels:           1  (LUT1=1)
  Clock Path Skew:        0.924ns (DCD - SCD + CPR)
    Destination Clock Delay (DCD):    0.924ns
    Source Clock Delay      (SCD):    0.000ns
    Clock Pessimism Removal (CPR):    0.000ns
  Clock Uncertainty:      0.225ns  ((TSJ^2 + TIJ^2)^1/2 + DJ) / 2 + PE + UU
    Total System Jitter     (TSJ):    0.050ns
    Total Input Jitter      (TIJ):    0.000ns
    Discrete Jitter          (DJ):    0.000ns
    Phase Error              (PE):    0.000ns
    User Uncertainty         (UU):    0.200ns
  Timing Exception:       False Path

    Location             Delay type                Incr(ns)  Path(ns)    Netlist Resource(s)
  -------------------------------------------------------------------    -------------------
                                                      0.000     0.000 r  rst_n (IN)
                         net (fo=0)                   0.973     0.973    softmax_inst/rst_n
                                                                      r  softmax_inst/done_i_2/I0
                         LUT1 (Prop_lut1_I0_O)        0.124     1.097 f  softmax_inst/done_i_2/O
                         net (fo=1524, unplaced)      0.916     2.013    softmax_inst_n_70
                         FDPE                                         f  FSM_onehot_state_reg[0]/PRE
  -------------------------------------------------------------------    -------------------

                         (clock clk rise edge)        0.000     0.000 r  
                                                      0.000     0.000 r  clk (IN)
                         net (fo=1523, unset)         0.924     0.924    clk
                         FDPE                                         r  FSM_onehot_state_reg[0]/C

Slack:                    inf
  Source:                 rst_n
                            (input port)
  Destination:            FSM_onehot_state_reg[10]/CLR
                            (recovery check against rising-edge clock clk  {rise@0.000ns fall@5.000ns period=10.000ns})
  Path Group:             (none)
  Path Type:              Recovery (Max at Slow Process Corner)
  Data Path Delay:        2.013ns  (logic 0.124ns (6.160%)  route 1.889ns (93.840%))
  Logic Levels:           1  (LUT1=1)
  Clock Path Skew:        0.924ns (DCD - SCD + CPR)
    Destination Clock Delay (DCD):    0.924ns
    Source Clock Delay      (SCD):    0.000ns
    Clock Pessimism Removal (CPR):    0.000ns
  Clock Uncertainty:      0.225ns  ((TSJ^2 + TIJ^2)^1/2 + DJ) / 2 + PE + UU
    Total System Jitter     (TSJ):    0.050ns
    Total Input Jitter      (TIJ):    0.000ns
    Discrete Jitter          (DJ):    0.000ns
    Phase Error              (PE):    0.000ns
    User Uncertainty         (UU):    0.200ns
  Timing Exception:       False Path

    Location             Delay type                Incr(ns)  Path(ns)    Netlist Resource(s)
  -------------------------------------------------------------------    -------------------
                                                      0.000     0.000 r  rst_n (IN)
                         net (fo=0)                   0.973     0.973    softmax_inst/rst_n
                                                                      r  softmax_inst/done_i_2/I0
                         LUT1 (Prop_lut1_I0_O)        0.124     1.097 f  softmax_inst/done_i_2/O
                         net (fo=1524, unplaced)      0.916     2.013    softmax_inst_n_70
                         FDCE                                         f  FSM_onehot_state_reg[10]/CLR
  -------------------------------------------------------------------    -------------------

                         (clock clk rise edge)        0.000     0.000 r  
                                                      0.000     0.000 r  clk (IN)
                         net (fo=1523, unset)         0.924     0.924    clk
                         FDCE                                         r  FSM_onehot_state_reg[10]/C

Slack:                    inf
  Source:                 rst_n
                            (input port)
  Destination:            FSM_onehot_state_reg[11]/CLR
                            (recovery check against rising-edge clock clk  {rise@0.000ns fall@5.000ns period=10.000ns})
  Path Group:             (none)
  Path Type:              Recovery (Max at Slow Process Corner)
  Data Path Delay:        2.013ns  (logic 0.124ns (6.160%)  route 1.889ns (93.840%))
  Logic Levels:           1  (LUT1=1)
  Clock Path Skew:        0.924ns (DCD - SCD + CPR)
    Destination Clock Delay (DCD):    0.924ns
    Source Clock Delay      (SCD):    0.000ns
    Clock Pessimism Removal (CPR):    0.000ns
  Clock Uncertainty:      0.225ns  ((TSJ^2 + TIJ^2)^1/2 + DJ) / 2 + PE + UU
    Total System Jitter     (TSJ):    0.050ns
    Total Input Jitter      (TIJ):    0.000ns
    Discrete Jitter          (DJ):    0.000ns
    Phase Error              (PE):    0.000ns
    User Uncertainty         (UU):    0.200ns
  Timing Exception:       False Path

    Location             Delay type                Incr(ns)  Path(ns)    Netlist Resource(s)
  -------------------------------------------------------------------    -------------------
                                                      0.000     0.000 r  rst_n (IN)
                         net (fo=0)                   0.973     0.973    softmax_inst/rst_n
                                                                      r  softmax_inst/done_i_2/I0
                         LUT1 (Prop_lut1_I0_O)        0.124     1.097 f  softmax_inst/done_i_2/O
                         net (fo=1524, unplaced)      0.916     2.013    softmax_inst_n_70
                         FDCE                                         f  FSM_onehot_state_reg[11]/CLR
  -------------------------------------------------------------------    -------------------

                         (clock clk rise edge)        0.000     0.000 r  
                                                      0.000     0.000 r  clk (IN)
                         net (fo=1523, unset)         0.924     0.924    clk
                         FDCE                                         r  FSM_onehot_state_reg[11]/C

Slack:                    inf
  Source:                 rst_n
                            (input port)
  Destination:            FSM_onehot_state_reg[12]/CLR
                            (recovery check against rising-edge clock clk  {rise@0.000ns fall@5.000ns period=10.000ns})
  Path Group:             (none)
  Path Type:              Recovery (Max at Slow Process Corner)
  Data Path Delay:        2.013ns  (logic 0.124ns (6.160%)  route 1.889ns (93.840%))
  Logic Levels:           1  (LUT1=1)
  Clock Path Skew:        0.924ns (DCD - SCD + CPR)
    Destination Clock Delay (DCD):    0.924ns
    Source Clock Delay      (SCD):    0.000ns
    Clock Pessimism Removal (CPR):    0.000ns
  Clock Uncertainty:      0.225ns  ((TSJ^2 + TIJ^2)^1/2 + DJ) / 2 + PE + UU
    Total System Jitter     (TSJ):    0.050ns
    Total Input Jitter      (TIJ):    0.000ns
    Discrete Jitter          (DJ):    0.000ns
    Phase Error              (PE):    0.000ns
    User Uncertainty         (UU):    0.200ns
  Timing Exception:       False Path

    Location             Delay type                Incr(ns)  Path(ns)    Netlist Resource(s)
  -------------------------------------------------------------------    -------------------
                                                      0.000     0.000 r  rst_n (IN)
                         net (fo=0)                   0.973     0.973    softmax_inst/rst_n
                                                                      r  softmax_inst/done_i_2/I0
                         LUT1 (Prop_lut1_I0_O)        0.124     1.097 f  softmax_inst/done_i_2/O
                         net (fo=1524, unplaced)      0.916     2.013    softmax_inst_n_70
                         FDCE                                         f  FSM_onehot_state_reg[12]/CLR
  -------------------------------------------------------------------    -------------------

                         (clock clk rise edge)        0.000     0.000 r  
                                                      0.000     0.000 r  clk (IN)
                         net (fo=1523, unset)         0.924     0.924    clk
                         FDCE                                         r  FSM_onehot_state_reg[12]/C

Slack:                    inf
  Source:                 rst_n
                            (input port)
  Destination:            FSM_onehot_state_reg[13]/CLR
                            (recovery check against rising-edge clock clk  {rise@0.000ns fall@5.000ns period=10.000ns})
  Path Group:             (none)
  Path Type:              Recovery (Max at Slow Process Corner)
  Data Path Delay:        2.013ns  (logic 0.124ns (6.160%)  route 1.889ns (93.840%))
  Logic Levels:           1  (LUT1=1)
  Clock Path Skew:        0.924ns (DCD - SCD + CPR)
    Destination Clock Delay (DCD):    0.924ns
    Source Clock Delay      (SCD):    0.000ns
    Clock Pessimism Removal (CPR):    0.000ns
  Clock Uncertainty:      0.225ns  ((TSJ^2 + TIJ^2)^1/2 + DJ) / 2 + PE + UU
    Total System Jitter     (TSJ):    0.050ns
    Total Input Jitter      (TIJ):    0.000ns
    Discrete Jitter          (DJ):    0.000ns
    Phase Error              (PE):    0.000ns
    User Uncertainty         (UU):    0.200ns
  Timing Exception:       False Path

    Location             Delay type                Incr(ns)  Path(ns)    Netlist Resource(s)
  -------------------------------------------------------------------    -------------------
                                                      0.000     0.000 r  rst_n (IN)
                         net (fo=0)                   0.973     0.973    softmax_inst/rst_n
                                                                      r  softmax_inst/done_i_2/I0
                         LUT1 (Prop_lut1_I0_O)        0.124     1.097 f  softmax_inst/done_i_2/O
                         net (fo=1524, unplaced)      0.916     2.013    softmax_inst_n_70
                         FDCE                                         f  FSM_onehot_state_reg[13]/CLR
  -------------------------------------------------------------------    -------------------

                         (clock clk rise edge)        0.000     0.000 r  
                                                      0.000     0.000 r  clk (IN)
                         net (fo=1523, unset)         0.924     0.924    clk
                         FDCE                                         r  FSM_onehot_state_reg[13]/C

Slack:                    inf
  Source:                 rst_n
                            (input port)
  Destination:            FSM_onehot_state_reg[1]/CLR
                            (recovery check against rising-edge clock clk  {rise@0.000ns fall@5.000ns period=10.000ns})
  Path Group:             (none)
  Path Type:              Recovery (Max at Slow Process Corner)
  Data Path Delay:        2.013ns  (logic 0.124ns (6.160%)  route 1.889ns (93.840%))
  Logic Levels:           1  (LUT1=1)
  Clock Path Skew:        0.924ns (DCD - SCD + CPR)
    Destination Clock Delay (DCD):    0.924ns
    Source Clock Delay      (SCD):    0.000ns
    Clock Pessimism Removal (CPR):    0.000ns
  Clock Uncertainty:      0.225ns  ((TSJ^2 + TIJ^2)^1/2 + DJ) / 2 + PE + UU
    Total System Jitter     (TSJ):    0.050ns
    Total Input Jitter      (TIJ):    0.000ns
    Discrete Jitter          (DJ):    0.000ns
    Phase Error              (PE):    0.000ns
    User Uncertainty         (UU):    0.200ns
  Timing Exception:       False Path

    Location             Delay type                Incr(ns)  Path(ns)    Netlist Resource(s)
  -------------------------------------------------------------------    -------------------
                                                      0.000     0.000 r  rst_n (IN)
                         net (fo=0)                   0.973     0.973    softmax_inst/rst_n
                                                                      r  softmax_inst/done_i_2/I0
                         LUT1 (Prop_lut1_I0_O)        0.124     1.097 f  softmax_inst/done_i_2/O
                         net (fo=1524, unplaced)      0.916     2.013    softmax_inst_n_70
                         FDCE                                         f  FSM_onehot_state_reg[1]/CLR
  -------------------------------------------------------------------    -------------------

                         (clock clk rise edge)        0.000     0.000 r  
                                                      0.000     0.000 r  clk (IN)
                         net (fo=1523, unset)         0.924     0.924    clk
                         FDCE                                         r  FSM_onehot_state_reg[1]/C

Slack:                    inf
  Source:                 rst_n
                            (input port)
  Destination:            FSM_onehot_state_reg[2]/CLR
                            (recovery check against rising-edge clock clk  {rise@0.000ns fall@5.000ns period=10.000ns})
  Path Group:             (none)
  Path Type:              Recovery (Max at Slow Process Corner)
  Data Path Delay:        2.013ns  (logic 0.124ns (6.160%)  route 1.889ns (93.840%))
  Logic Levels:           1  (LUT1=1)
  Clock Path Skew:        0.924ns (DCD - SCD + CPR)
    Destination Clock Delay (DCD):    0.924ns
    Source Clock Delay      (SCD):    0.000ns
    Clock Pessimism Removal (CPR):    0.000ns
  Clock Uncertainty:      0.225ns  ((TSJ^2 + TIJ^2)^1/2 + DJ) / 2 + PE + UU
    Total System Jitter     (TSJ):    0.050ns
    Total Input Jitter      (TIJ):    0.000ns
    Discrete Jitter          (DJ):    0.000ns
    Phase Error              (PE):    0.000ns
    User Uncertainty         (UU):    0.200ns
  Timing Exception:       False Path

    Location             Delay type                Incr(ns)  Path(ns)    Netlist Resource(s)
  -------------------------------------------------------------------    -------------------
                                                      0.000     0.000 r  rst_n (IN)
                         net (fo=0)                   0.973     0.973    softmax_inst/rst_n
                                                                      r  softmax_inst/done_i_2/I0
                         LUT1 (Prop_lut1_I0_O)        0.124     1.097 f  softmax_inst/done_i_2/O
                         net (fo=1524, unplaced)      0.916     2.013    softmax_inst_n_70
                         FDCE                                         f  FSM_onehot_state_reg[2]/CLR
  -------------------------------------------------------------------    -------------------

                         (clock clk rise edge)        0.000     0.000 r  
                                                      0.000     0.000 r  clk (IN)
                         net (fo=1523, unset)         0.924     0.924    clk
                         FDCE                                         r  FSM_onehot_state_reg[2]/C

Slack:                    inf
  Source:                 rst_n
                            (input port)
  Destination:            FSM_onehot_state_reg[3]/CLR
                            (recovery check against rising-edge clock clk  {rise@0.000ns fall@5.000ns period=10.000ns})
  Path Group:             (none)
  Path Type:              Recovery (Max at Slow Process Corner)
  Data Path Delay:        2.013ns  (logic 0.124ns (6.160%)  route 1.889ns (93.840%))
  Logic Levels:           1  (LUT1=1)
  Clock Path Skew:        0.924ns (DCD - SCD + CPR)
    Destination Clock Delay (DCD):    0.924ns
    Source Clock Delay      (SCD):    0.000ns
    Clock Pessimism Removal (CPR):    0.000ns
  Clock Uncertainty:      0.225ns  ((TSJ^2 + TIJ^2)^1/2 + DJ) / 2 + PE + UU
    Total System Jitter     (TSJ):    0.050ns
    Total Input Jitter      (TIJ):    0.000ns
    Discrete Jitter          (DJ):    0.000ns
    Phase Error              (PE):    0.000ns
    User Uncertainty         (UU):    0.200ns
  Timing Exception:       False Path

    Location             Delay type                Incr(ns)  Path(ns)    Netlist Resource(s)
  -------------------------------------------------------------------    -------------------
                                                      0.000     0.000 r  rst_n (IN)
                         net (fo=0)                   0.973     0.973    softmax_inst/rst_n
                                                                      r  softmax_inst/done_i_2/I0
                         LUT1 (Prop_lut1_I0_O)        0.124     1.097 f  softmax_inst/done_i_2/O
                         net (fo=1524, unplaced)      0.916     2.013    softmax_inst_n_70
                         FDCE                                         f  FSM_onehot_state_reg[3]/CLR
  -------------------------------------------------------------------    -------------------

                         (clock clk rise edge)        0.000     0.000 r  
                                                      0.000     0.000 r  clk (IN)
                         net (fo=1523, unset)         0.924     0.924    clk
                         FDCE                                         r  FSM_onehot_state_reg[3]/C

Slack:                    inf
  Source:                 rst_n
                            (input port)
  Destination:            FSM_onehot_state_reg[4]/CLR
                            (recovery check against rising-edge clock clk  {rise@0.000ns fall@5.000ns period=10.000ns})
  Path Group:             (none)
  Path Type:              Recovery (Max at Slow Process Corner)
  Data Path Delay:        2.013ns  (logic 0.124ns (6.160%)  route 1.889ns (93.840%))
  Logic Levels:           1  (LUT1=1)
  Clock Path Skew:        0.924ns (DCD - SCD + CPR)
    Destination Clock Delay (DCD):    0.924ns
    Source Clock Delay      (SCD):    0.000ns
    Clock Pessimism Removal (CPR):    0.000ns
  Clock Uncertainty:      0.225ns  ((TSJ^2 + TIJ^2)^1/2 + DJ) / 2 + PE + UU
    Total System Jitter     (TSJ):    0.050ns
    Total Input Jitter      (TIJ):    0.000ns
    Discrete Jitter          (DJ):    0.000ns
    Phase Error              (PE):    0.000ns
    User Uncertainty         (UU):    0.200ns
  Timing Exception:       False Path

    Location             Delay type                Incr(ns)  Path(ns)    Netlist Resource(s)
  -------------------------------------------------------------------    -------------------
                                                      0.000     0.000 r  rst_n (IN)
                         net (fo=0)                   0.973     0.973    softmax_inst/rst_n
                                                                      r  softmax_inst/done_i_2/I0
                         LUT1 (Prop_lut1_I0_O)        0.124     1.097 f  softmax_inst/done_i_2/O
                         net (fo=1524, unplaced)      0.916     2.013    softmax_inst_n_70
                         FDCE                                         f  FSM_onehot_state_reg[4]/CLR
  -------------------------------------------------------------------    -------------------

                         (clock clk rise edge)        0.000     0.000 r  
                                                      0.000     0.000 r  clk (IN)
                         net (fo=1523, unset)         0.924     0.924    clk
                         FDCE                                         r  FSM_onehot_state_reg[4]/C

Slack:                    inf
  Source:                 rst_n
                            (input port)
  Destination:            FSM_onehot_state_reg[5]/CLR
                            (recovery check against rising-edge clock clk  {rise@0.000ns fall@5.000ns period=10.000ns})
  Path Group:             (none)
  Path Type:              Recovery (Max at Slow Process Corner)
  Data Path Delay:        2.013ns  (logic 0.124ns (6.160%)  route 1.889ns (93.840%))
  Logic Levels:           1  (LUT1=1)
  Clock Path Skew:        0.924ns (DCD - SCD + CPR)
    Destination Clock Delay (DCD):    0.924ns
    Source Clock Delay      (SCD):    0.000ns
    Clock Pessimism Removal (CPR):    0.000ns
  Clock Uncertainty:      0.225ns  ((TSJ^2 + TIJ^2)^1/2 + DJ) / 2 + PE + UU
    Total System Jitter     (TSJ):    0.050ns
    Total Input Jitter      (TIJ):    0.000ns
    Discrete Jitter          (DJ):    0.000ns
    Phase Error              (PE):    0.000ns
    User Uncertainty         (UU):    0.200ns
  Timing Exception:       False Path

    Location             Delay type                Incr(ns)  Path(ns)    Netlist Resource(s)
  -------------------------------------------------------------------    -------------------
                                                      0.000     0.000 r  rst_n (IN)
                         net (fo=0)                   0.973     0.973    softmax_inst/rst_n
                                                                      r  softmax_inst/done_i_2/I0
                         LUT1 (Prop_lut1_I0_O)        0.124     1.097 f  softmax_inst/done_i_2/O
                         net (fo=1524, unplaced)      0.916     2.013    softmax_inst_n_70
                         FDCE                                         f  FSM_onehot_state_reg[5]/CLR
  -------------------------------------------------------------------    -------------------

                         (clock clk rise edge)        0.000     0.000 r  
                                                      0.000     0.000 r  clk (IN)
                         net (fo=1523, unset)         0.924     0.924    clk
                         FDCE                                         r  FSM_onehot_state_reg[5]/C





