Copyright 1986-2022 Xilinx, Inc. All Rights Reserved. Copyright 2022-2024 Advanced Micro Devices, Inc. All Rights Reserved.
-------------------------------------------------------------------------------------------------------------------------------------------------------------------------------------
| Tool Version : Vivado v.2024.2 (lin64) Build 5239630 Fri Nov 08 22:34:34 MST 2024
| Date         : Mon Apr 13 20:47:02 2026
| Host         : aleem-Latitude-5480 running 64-bit Ubuntu 24.04.4 LTS
| Command      : report_timing -max_paths 20 -nworst 1 -delay_type max -sort_by slack -path_type full -input_pins -routable_nets -file ./synth_v3_1_timing_output/critical_paths.rpt
| Design       : streaming_attention_v3_1
| Device       : 7z020-clg400
| Speed File   : -1  PRODUCTION 1.12 2019-11-22
| Design State : Synthesized
-------------------------------------------------------------------------------------------------------------------------------------------------------------------------------------

Timing Report

Slack (MET) :             1.410ns  (required time - arrival time)
  Source:                 v_data[7]
                            (input port clocked by clk  {rise@0.000ns fall@5.000ns period=10.000ns})
  Destination:            mult_result0__0/PCIN[0]
                            (rising edge-triggered cell DSP48E1 clocked by clk  {rise@0.000ns fall@5.000ns period=10.000ns})
  Path Group:             clk
  Path Type:              Setup (Max at Slow Process Corner)
  Requirement:            10.000ns  (clk rise@10.000ns - clk rise@0.000ns)
  Data Path Delay:        4.879ns  (logic 3.851ns (78.930%)  route 1.028ns (21.070%))
  Logic Levels:           1  (DSP48E1=1)
  Input Delay:            3.000ns
  Clock Path Skew:        0.924ns (DCD - SCD + CPR)
    Destination Clock Delay (DCD):    0.924ns = ( 10.924 - 10.000 ) 
    Source Clock Delay      (SCD):    0.000ns
    Clock Pessimism Removal (CPR):    0.000ns
  Clock Uncertainty:      0.235ns  ((TSJ^2 + TIJ^2)^1/2 + DJ) / 2 + PE + UU
    Total System Jitter     (TSJ):    0.071ns
    Total Input Jitter      (TIJ):    0.000ns
    Discrete Jitter          (DJ):    0.000ns
    Phase Error              (PE):    0.000ns
    User Uncertainty         (UU):    0.200ns

    Location             Delay type                Incr(ns)  Path(ns)    Netlist Resource(s)
  -------------------------------------------------------------------    -------------------
                         (clock clk rise edge)        0.000     0.000 r  
                         propagated clock network latency
                                                      0.000     0.000    
                         input delay                  3.000     3.000    
                                                      0.000     3.000 r  v_data[7] (IN)
                         net (fo=21, unset)           0.973     3.973    v_data[7]
                                                                      r  mult_result0/B[17]
                         DSP48E1 (Prop_dsp48e1_B[17]_PCOUT[0])
                                                      3.851     7.824 r  mult_result0/PCOUT[0]
                         net (fo=1, unplaced)         0.055     7.879    mult_result0_n_153
                         DSP48E1                                      r  mult_result0__0/PCIN[0]
  -------------------------------------------------------------------    -------------------

                         (clock clk rise edge)       10.000    10.000 r  
                         propagated clock network latency
                                                      0.924    10.924    
                         clock pessimism              0.000    10.924    
                         clock uncertainty           -0.235    10.689    
                         DSP48E1 (Setup_dsp48e1_CLK_PCIN[0])
                                                     -1.400     9.289    mult_result0__0
  -------------------------------------------------------------------
                         required time                          9.289    
                         arrival time                          -7.879    
  -------------------------------------------------------------------
                         slack                                  1.410    

Slack (MET) :             1.410ns  (required time - arrival time)
  Source:                 v_data[7]
                            (input port clocked by clk  {rise@0.000ns fall@5.000ns period=10.000ns})
  Destination:            mult_result0__0/PCIN[10]
                            (rising edge-triggered cell DSP48E1 clocked by clk  {rise@0.000ns fall@5.000ns period=10.000ns})
  Path Group:             clk
  Path Type:              Setup (Max at Slow Process Corner)
  Requirement:            10.000ns  (clk rise@10.000ns - clk rise@0.000ns)
  Data Path Delay:        4.879ns  (logic 3.851ns (78.930%)  route 1.028ns (21.070%))
  Logic Levels:           1  (DSP48E1=1)
  Input Delay:            3.000ns
  Clock Path Skew:        0.924ns (DCD - SCD + CPR)
    Destination Clock Delay (DCD):    0.924ns = ( 10.924 - 10.000 ) 
    Source Clock Delay      (SCD):    0.000ns
    Clock Pessimism Removal (CPR):    0.000ns
  Clock Uncertainty:      0.235ns  ((TSJ^2 + TIJ^2)^1/2 + DJ) / 2 + PE + UU
    Total System Jitter     (TSJ):    0.071ns
    Total Input Jitter      (TIJ):    0.000ns
    Discrete Jitter          (DJ):    0.000ns
    Phase Error              (PE):    0.000ns
    User Uncertainty         (UU):    0.200ns

    Location             Delay type                Incr(ns)  Path(ns)    Netlist Resource(s)
  -------------------------------------------------------------------    -------------------
                         (clock clk rise edge)        0.000     0.000 r  
                         propagated clock network latency
                                                      0.000     0.000    
                         input delay                  3.000     3.000    
                                                      0.000     3.000 r  v_data[7] (IN)
                         net (fo=21, unset)           0.973     3.973    v_data[7]
                                                                      r  mult_result0/B[17]
                         DSP48E1 (Prop_dsp48e1_B[17]_PCOUT[10])
                                                      3.851     7.824 r  mult_result0/PCOUT[10]
                         net (fo=1, unplaced)         0.055     7.879    mult_result0_n_143
                         DSP48E1                                      r  mult_result0__0/PCIN[10]
  -------------------------------------------------------------------    -------------------

                         (clock clk rise edge)       10.000    10.000 r  
                         propagated clock network latency
                                                      0.924    10.924    
                         clock pessimism              0.000    10.924    
                         clock uncertainty           -0.235    10.689    
                         DSP48E1 (Setup_dsp48e1_CLK_PCIN[10])
                                                     -1.400     9.289    mult_result0__0
  -------------------------------------------------------------------
                         required time                          9.289    
                         arrival time                          -7.879    
  -------------------------------------------------------------------
                         slack                                  1.410    

Slack (MET) :             1.410ns  (required time - arrival time)
  Source:                 v_data[7]
                            (input port clocked by clk  {rise@0.000ns fall@5.000ns period=10.000ns})
  Destination:            mult_result0__0/PCIN[11]
                            (rising edge-triggered cell DSP48E1 clocked by clk  {rise@0.000ns fall@5.000ns period=10.000ns})
  Path Group:             clk
  Path Type:              Setup (Max at Slow Process Corner)
  Requirement:            10.000ns  (clk rise@10.000ns - clk rise@0.000ns)
  Data Path Delay:        4.879ns  (logic 3.851ns (78.930%)  route 1.028ns (21.070%))
  Logic Levels:           1  (DSP48E1=1)
  Input Delay:            3.000ns
  Clock Path Skew:        0.924ns (DCD - SCD + CPR)
    Destination Clock Delay (DCD):    0.924ns = ( 10.924 - 10.000 ) 
    Source Clock Delay      (SCD):    0.000ns
    Clock Pessimism Removal (CPR):    0.000ns
  Clock Uncertainty:      0.235ns  ((TSJ^2 + TIJ^2)^1/2 + DJ) / 2 + PE + UU
    Total System Jitter     (TSJ):    0.071ns
    Total Input Jitter      (TIJ):    0.000ns
    Discrete Jitter          (DJ):    0.000ns
    Phase Error              (PE):    0.000ns
    User Uncertainty         (UU):    0.200ns

    Location             Delay type                Incr(ns)  Path(ns)    Netlist Resource(s)
  -------------------------------------------------------------------    -------------------
                         (clock clk rise edge)        0.000     0.000 r  
                         propagated clock network latency
                                                      0.000     0.000    
                         input delay                  3.000     3.000    
                                                      0.000     3.000 r  v_data[7] (IN)
                         net (fo=21, unset)           0.973     3.973    v_data[7]
                                                                      r  mult_result0/B[17]
                         DSP48E1 (Prop_dsp48e1_B[17]_PCOUT[11])
                                                      3.851     7.824 r  mult_result0/PCOUT[11]
                         net (fo=1, unplaced)         0.055     7.879    mult_result0_n_142
                         DSP48E1                                      r  mult_result0__0/PCIN[11]
  -------------------------------------------------------------------    -------------------

                         (clock clk rise edge)       10.000    10.000 r  
                         propagated clock network latency
                                                      0.924    10.924    
                         clock pessimism              0.000    10.924    
                         clock uncertainty           -0.235    10.689    
                         DSP48E1 (Setup_dsp48e1_CLK_PCIN[11])
                                                     -1.400     9.289    mult_result0__0
  -------------------------------------------------------------------
                         required time                          9.289    
                         arrival time                          -7.879    
  -------------------------------------------------------------------
                         slack                                  1.410    

Slack (MET) :             1.410ns  (required time - arrival time)
  Source:                 v_data[7]
                            (input port clocked by clk  {rise@0.000ns fall@5.000ns period=10.000ns})
  Destination:            mult_result0__0/PCIN[12]
                            (rising edge-triggered cell DSP48E1 clocked by clk  {rise@0.000ns fall@5.000ns period=10.000ns})
  Path Group:             clk
  Path Type:              Setup (Max at Slow Process Corner)
  Requirement:            10.000ns  (clk rise@10.000ns - clk rise@0.000ns)
  Data Path Delay:        4.879ns  (logic 3.851ns (78.930%)  route 1.028ns (21.070%))
  Logic Levels:           1  (DSP48E1=1)
  Input Delay:            3.000ns
  Clock Path Skew:        0.924ns (DCD - SCD + CPR)
    Destination Clock Delay (DCD):    0.924ns = ( 10.924 - 10.000 ) 
    Source Clock Delay      (SCD):    0.000ns
    Clock Pessimism Removal (CPR):    0.000ns
  Clock Uncertainty:      0.235ns  ((TSJ^2 + TIJ^2)^1/2 + DJ) / 2 + PE + UU
    Total System Jitter     (TSJ):    0.071ns
    Total Input Jitter      (TIJ):    0.000ns
    Discrete Jitter          (DJ):    0.000ns
    Phase Error              (PE):    0.000ns
    User Uncertainty         (UU):    0.200ns

    Location             Delay type                Incr(ns)  Path(ns)    Netlist Resource(s)
  -------------------------------------------------------------------    -------------------
                         (clock clk rise edge)        0.000     0.000 r  
                         propagated clock network latency
                                                      0.000     0.000    
                         input delay                  3.000     3.000    
                                                      0.000     3.000 r  v_data[7] (IN)
                         net (fo=21, unset)           0.973     3.973    v_data[7]
                                                                      r  mult_result0/B[17]
                         DSP48E1 (Prop_dsp48e1_B[17]_PCOUT[12])
                                                      3.851     7.824 r  mult_result0/PCOUT[12]
                         net (fo=1, unplaced)         0.055     7.879    mult_result0_n_141
                         DSP48E1                                      r  mult_result0__0/PCIN[12]
  -------------------------------------------------------------------    -------------------

                         (clock clk rise edge)       10.000    10.000 r  
                         propagated clock network latency
                                                      0.924    10.924    
                         clock pessimism              0.000    10.924    
                         clock uncertainty           -0.235    10.689    
                         DSP48E1 (Setup_dsp48e1_CLK_PCIN[12])
                                                     -1.400     9.289    mult_result0__0
  -------------------------------------------------------------------
                         required time                          9.289    
                         arrival time                          -7.879    
  -------------------------------------------------------------------
                         slack                                  1.410    

Slack (MET) :             1.410ns  (required time - arrival time)
  Source:                 v_data[7]
                            (input port clocked by clk  {rise@0.000ns fall@5.000ns period=10.000ns})
  Destination:            mult_result0__0/PCIN[13]
                            (rising edge-triggered cell DSP48E1 clocked by clk  {rise@0.000ns fall@5.000ns period=10.000ns})
  Path Group:             clk
  Path Type:              Setup (Max at Slow Process Corner)
  Requirement:            10.000ns  (clk rise@10.000ns - clk rise@0.000ns)
  Data Path Delay:        4.879ns  (logic 3.851ns (78.930%)  route 1.028ns (21.070%))
  Logic Levels:           1  (DSP48E1=1)
  Input Delay:            3.000ns
  Clock Path Skew:        0.924ns (DCD - SCD + CPR)
    Destination Clock Delay (DCD):    0.924ns = ( 10.924 - 10.000 ) 
    Source Clock Delay      (SCD):    0.000ns
    Clock Pessimism Removal (CPR):    0.000ns
  Clock Uncertainty:      0.235ns  ((TSJ^2 + TIJ^2)^1/2 + DJ) / 2 + PE + UU
    Total System Jitter     (TSJ):    0.071ns
    Total Input Jitter      (TIJ):    0.000ns
    Discrete Jitter          (DJ):    0.000ns
    Phase Error              (PE):    0.000ns
    User Uncertainty         (UU):    0.200ns

    Location             Delay type                Incr(ns)  Path(ns)    Netlist Resource(s)
  -------------------------------------------------------------------    -------------------
                         (clock clk rise edge)        0.000     0.000 r  
                         propagated clock network latency
                                                      0.000     0.000    
                         input delay                  3.000     3.000    
                                                      0.000     3.000 r  v_data[7] (IN)
                         net (fo=21, unset)           0.973     3.973    v_data[7]
                                                                      r  mult_result0/B[17]
                         DSP48E1 (Prop_dsp48e1_B[17]_PCOUT[13])
                                                      3.851     7.824 r  mult_result0/PCOUT[13]
                         net (fo=1, unplaced)         0.055     7.879    mult_result0_n_140
                         DSP48E1                                      r  mult_result0__0/PCIN[13]
  -------------------------------------------------------------------    -------------------

                         (clock clk rise edge)       10.000    10.000 r  
                         propagated clock network latency
                                                      0.924    10.924    
                         clock pessimism              0.000    10.924    
                         clock uncertainty           -0.235    10.689    
                         DSP48E1 (Setup_dsp48e1_CLK_PCIN[13])
                                                     -1.400     9.289    mult_result0__0
  -------------------------------------------------------------------
                         required time                          9.289    
                         arrival time                          -7.879    
  -------------------------------------------------------------------
                         slack                                  1.410    

Slack (MET) :             1.410ns  (required time - arrival time)
  Source:                 v_data[7]
                            (input port clocked by clk  {rise@0.000ns fall@5.000ns period=10.000ns})
  Destination:            mult_result0__0/PCIN[14]
                            (rising edge-triggered cell DSP48E1 clocked by clk  {rise@0.000ns fall@5.000ns period=10.000ns})
  Path Group:             clk
  Path Type:              Setup (Max at Slow Process Corner)
  Requirement:            10.000ns  (clk rise@10.000ns - clk rise@0.000ns)
  Data Path Delay:        4.879ns  (logic 3.851ns (78.930%)  route 1.028ns (21.070%))
  Logic Levels:           1  (DSP48E1=1)
  Input Delay:            3.000ns
  Clock Path Skew:        0.924ns (DCD - SCD + CPR)
    Destination Clock Delay (DCD):    0.924ns = ( 10.924 - 10.000 ) 
    Source Clock Delay      (SCD):    0.000ns
    Clock Pessimism Removal (CPR):    0.000ns
  Clock Uncertainty:      0.235ns  ((TSJ^2 + TIJ^2)^1/2 + DJ) / 2 + PE + UU
    Total System Jitter     (TSJ):    0.071ns
    Total Input Jitter      (TIJ):    0.000ns
    Discrete Jitter          (DJ):    0.000ns
    Phase Error              (PE):    0.000ns
    User Uncertainty         (UU):    0.200ns

    Location             Delay type                Incr(ns)  Path(ns)    Netlist Resource(s)
  -------------------------------------------------------------------    -------------------
                         (clock clk rise edge)        0.000     0.000 r  
                         propagated clock network latency
                                                      0.000     0.000    
                         input delay                  3.000     3.000    
                                                      0.000     3.000 r  v_data[7] (IN)
                         net (fo=21, unset)           0.973     3.973    v_data[7]
                                                                      r  mult_result0/B[17]
                         DSP48E1 (Prop_dsp48e1_B[17]_PCOUT[14])
                                                      3.851     7.824 r  mult_result0/PCOUT[14]
                         net (fo=1, unplaced)         0.055     7.879    mult_result0_n_139
                         DSP48E1                                      r  mult_result0__0/PCIN[14]
  -------------------------------------------------------------------    -------------------

                         (clock clk rise edge)       10.000    10.000 r  
                         propagated clock network latency
                                                      0.924    10.924    
                         clock pessimism              0.000    10.924    
                         clock uncertainty           -0.235    10.689    
                         DSP48E1 (Setup_dsp48e1_CLK_PCIN[14])
                                                     -1.400     9.289    mult_result0__0
  -------------------------------------------------------------------
                         required time                          9.289    
                         arrival time                          -7.879    
  -------------------------------------------------------------------
                         slack                                  1.410    

Slack (MET) :             1.410ns  (required time - arrival time)
  Source:                 v_data[7]
                            (input port clocked by clk  {rise@0.000ns fall@5.000ns period=10.000ns})
  Destination:            mult_result0__0/PCIN[15]
                            (rising edge-triggered cell DSP48E1 clocked by clk  {rise@0.000ns fall@5.000ns period=10.000ns})
  Path Group:             clk
  Path Type:              Setup (Max at Slow Process Corner)
  Requirement:            10.000ns  (clk rise@10.000ns - clk rise@0.000ns)
  Data Path Delay:        4.879ns  (logic 3.851ns (78.930%)  route 1.028ns (21.070%))
  Logic Levels:           1  (DSP48E1=1)
  Input Delay:            3.000ns
  Clock Path Skew:        0.924ns (DCD - SCD + CPR)
    Destination Clock Delay (DCD):    0.924ns = ( 10.924 - 10.000 ) 
    Source Clock Delay      (SCD):    0.000ns
    Clock Pessimism Removal (CPR):    0.000ns
  Clock Uncertainty:      0.235ns  ((TSJ^2 + TIJ^2)^1/2 + DJ) / 2 + PE + UU
    Total System Jitter     (TSJ):    0.071ns
    Total Input Jitter      (TIJ):    0.000ns
    Discrete Jitter          (DJ):    0.000ns
    Phase Error              (PE):    0.000ns
    User Uncertainty         (UU):    0.200ns

    Location             Delay type                Incr(ns)  Path(ns)    Netlist Resource(s)
  -------------------------------------------------------------------    -------------------
                         (clock clk rise edge)        0.000     0.000 r  
                         propagated clock network latency
                                                      0.000     0.000    
                         input delay                  3.000     3.000    
                                                      0.000     3.000 r  v_data[7] (IN)
                         net (fo=21, unset)           0.973     3.973    v_data[7]
                                                                      r  mult_result0/B[17]
                         DSP48E1 (Prop_dsp48e1_B[17]_PCOUT[15])
                                                      3.851     7.824 r  mult_result0/PCOUT[15]
                         net (fo=1, unplaced)         0.055     7.879    mult_result0_n_138
                         DSP48E1                                      r  mult_result0__0/PCIN[15]
  -------------------------------------------------------------------    -------------------

                         (clock clk rise edge)       10.000    10.000 r  
                         propagated clock network latency
                                                      0.924    10.924    
                         clock pessimism              0.000    10.924    
                         clock uncertainty           -0.235    10.689    
                         DSP48E1 (Setup_dsp48e1_CLK_PCIN[15])
                                                     -1.400     9.289    mult_result0__0
  -------------------------------------------------------------------
                         required time                          9.289    
                         arrival time                          -7.879    
  -------------------------------------------------------------------
                         slack                                  1.410    

Slack (MET) :             1.410ns  (required time - arrival time)
  Source:                 v_data[7]
                            (input port clocked by clk  {rise@0.000ns fall@5.000ns period=10.000ns})
  Destination:            mult_result0__0/PCIN[16]
                            (rising edge-triggered cell DSP48E1 clocked by clk  {rise@0.000ns fall@5.000ns period=10.000ns})
  Path Group:             clk
  Path Type:              Setup (Max at Slow Process Corner)
  Requirement:            10.000ns  (clk rise@10.000ns - clk rise@0.000ns)
  Data Path Delay:        4.879ns  (logic 3.851ns (78.930%)  route 1.028ns (21.070%))
  Logic Levels:           1  (DSP48E1=1)
  Input Delay:            3.000ns
  Clock Path Skew:        0.924ns (DCD - SCD + CPR)
    Destination Clock Delay (DCD):    0.924ns = ( 10.924 - 10.000 ) 
    Source Clock Delay      (SCD):    0.000ns
    Clock Pessimism Removal (CPR):    0.000ns
  Clock Uncertainty:      0.235ns  ((TSJ^2 + TIJ^2)^1/2 + DJ) / 2 + PE + UU
    Total System Jitter     (TSJ):    0.071ns
    Total Input Jitter      (TIJ):    0.000ns
    Discrete Jitter          (DJ):    0.000ns
    Phase Error              (PE):    0.000ns
    User Uncertainty         (UU):    0.200ns

    Location             Delay type                Incr(ns)  Path(ns)    Netlist Resource(s)
  -------------------------------------------------------------------    -------------------
                         (clock clk rise edge)        0.000     0.000 r  
                         propagated clock network latency
                                                      0.000     0.000    
                         input delay                  3.000     3.000    
                                                      0.000     3.000 r  v_data[7] (IN)
                         net (fo=21, unset)           0.973     3.973    v_data[7]
                                                                      r  mult_result0/B[17]
                         DSP48E1 (Prop_dsp48e1_B[17]_PCOUT[16])
                                                      3.851     7.824 r  mult_result0/PCOUT[16]
                         net (fo=1, unplaced)         0.055     7.879    mult_result0_n_137
                         DSP48E1                                      r  mult_result0__0/PCIN[16]
  -------------------------------------------------------------------    -------------------

                         (clock clk rise edge)       10.000    10.000 r  
                         propagated clock network latency
                                                      0.924    10.924    
                         clock pessimism              0.000    10.924    
                         clock uncertainty           -0.235    10.689    
                         DSP48E1 (Setup_dsp48e1_CLK_PCIN[16])
                                                     -1.400     9.289    mult_result0__0
  -------------------------------------------------------------------
                         required time                          9.289    
                         arrival time                          -7.879    
  -------------------------------------------------------------------
                         slack                                  1.410    

Slack (MET) :             1.410ns  (required time - arrival time)
  Source:                 v_data[7]
                            (input port clocked by clk  {rise@0.000ns fall@5.000ns period=10.000ns})
  Destination:            mult_result0__0/PCIN[17]
                            (rising edge-triggered cell DSP48E1 clocked by clk  {rise@0.000ns fall@5.000ns period=10.000ns})
  Path Group:             clk
  Path Type:              Setup (Max at Slow Process Corner)
  Requirement:            10.000ns  (clk rise@10.000ns - clk rise@0.000ns)
  Data Path Delay:        4.879ns  (logic 3.851ns (78.930%)  route 1.028ns (21.070%))
  Logic Levels:           1  (DSP48E1=1)
  Input Delay:            3.000ns
  Clock Path Skew:        0.924ns (DCD - SCD + CPR)
    Destination Clock Delay (DCD):    0.924ns = ( 10.924 - 10.000 ) 
    Source Clock Delay      (SCD):    0.000ns
    Clock Pessimism Removal (CPR):    0.000ns
  Clock Uncertainty:      0.235ns  ((TSJ^2 + TIJ^2)^1/2 + DJ) / 2 + PE + UU
    Total System Jitter     (TSJ):    0.071ns
    Total Input Jitter      (TIJ):    0.000ns
    Discrete Jitter          (DJ):    0.000ns
    Phase Error              (PE):    0.000ns
    User Uncertainty         (UU):    0.200ns

    Location             Delay type                Incr(ns)  Path(ns)    Netlist Resource(s)
  -------------------------------------------------------------------    -------------------
                         (clock clk rise edge)        0.000     0.000 r  
                         propagated clock network latency
                                                      0.000     0.000    
                         input delay                  3.000     3.000    
                                                      0.000     3.000 r  v_data[7] (IN)
                         net (fo=21, unset)           0.973     3.973    v_data[7]
                                                                      r  mult_result0/B[17]
                         DSP48E1 (Prop_dsp48e1_B[17]_PCOUT[17])
                                                      3.851     7.824 r  mult_result0/PCOUT[17]
                         net (fo=1, unplaced)         0.055     7.879    mult_result0_n_136
                         DSP48E1                                      r  mult_result0__0/PCIN[17]
  -------------------------------------------------------------------    -------------------

                         (clock clk rise edge)       10.000    10.000 r  
                         propagated clock network latency
                                                      0.924    10.924    
                         clock pessimism              0.000    10.924    
                         clock uncertainty           -0.235    10.689    
                         DSP48E1 (Setup_dsp48e1_CLK_PCIN[17])
                                                     -1.400     9.289    mult_result0__0
  -------------------------------------------------------------------
                         required time                          9.289    
                         arrival time                          -7.879    
  -------------------------------------------------------------------
                         slack                                  1.410    

Slack (MET) :             1.410ns  (required time - arrival time)
  Source:                 v_data[7]
                            (input port clocked by clk  {rise@0.000ns fall@5.000ns period=10.000ns})
  Destination:            mult_result0__0/PCIN[18]
                            (rising edge-triggered cell DSP48E1 clocked by clk  {rise@0.000ns fall@5.000ns period=10.000ns})
  Path Group:             clk
  Path Type:              Setup (Max at Slow Process Corner)
  Requirement:            10.000ns  (clk rise@10.000ns - clk rise@0.000ns)
  Data Path Delay:        4.879ns  (logic 3.851ns (78.930%)  route 1.028ns (21.070%))
  Logic Levels:           1  (DSP48E1=1)
  Input Delay:            3.000ns
  Clock Path Skew:        0.924ns (DCD - SCD + CPR)
    Destination Clock Delay (DCD):    0.924ns = ( 10.924 - 10.000 ) 
    Source Clock Delay      (SCD):    0.000ns
    Clock Pessimism Removal (CPR):    0.000ns
  Clock Uncertainty:      0.235ns  ((TSJ^2 + TIJ^2)^1/2 + DJ) / 2 + PE + UU
    Total System Jitter     (TSJ):    0.071ns
    Total Input Jitter      (TIJ):    0.000ns
    Discrete Jitter          (DJ):    0.000ns
    Phase Error              (PE):    0.000ns
    User Uncertainty         (UU):    0.200ns

    Location             Delay type                Incr(ns)  Path(ns)    Netlist Resource(s)
  -------------------------------------------------------------------    -------------------
                         (clock clk rise edge)        0.000     0.000 r  
                         propagated clock network latency
                                                      0.000     0.000    
                         input delay                  3.000     3.000    
                                                      0.000     3.000 r  v_data[7] (IN)
                         net (fo=21, unset)           0.973     3.973    v_data[7]
                                                                      r  mult_result0/B[17]
                         DSP48E1 (Prop_dsp48e1_B[17]_PCOUT[18])
                                                      3.851     7.824 r  mult_result0/PCOUT[18]
                         net (fo=1, unplaced)         0.055     7.879    mult_result0_n_135
                         DSP48E1                                      r  mult_result0__0/PCIN[18]
  -------------------------------------------------------------------    -------------------

                         (clock clk rise edge)       10.000    10.000 r  
                         propagated clock network latency
                                                      0.924    10.924    
                         clock pessimism              0.000    10.924    
                         clock uncertainty           -0.235    10.689    
                         DSP48E1 (Setup_dsp48e1_CLK_PCIN[18])
                                                     -1.400     9.289    mult_result0__0
  -------------------------------------------------------------------
                         required time                          9.289    
                         arrival time                          -7.879    
  -------------------------------------------------------------------
                         slack                                  1.410    

Slack (MET) :             1.410ns  (required time - arrival time)
  Source:                 v_data[7]
                            (input port clocked by clk  {rise@0.000ns fall@5.000ns period=10.000ns})
  Destination:            mult_result0__0/PCIN[19]
                            (rising edge-triggered cell DSP48E1 clocked by clk  {rise@0.000ns fall@5.000ns period=10.000ns})
  Path Group:             clk
  Path Type:              Setup (Max at Slow Process Corner)
  Requirement:            10.000ns  (clk rise@10.000ns - clk rise@0.000ns)
  Data Path Delay:        4.879ns  (logic 3.851ns (78.930%)  route 1.028ns (21.070%))
  Logic Levels:           1  (DSP48E1=1)
  Input Delay:            3.000ns
  Clock Path Skew:        0.924ns (DCD - SCD + CPR)
    Destination Clock Delay (DCD):    0.924ns = ( 10.924 - 10.000 ) 
    Source Clock Delay      (SCD):    0.000ns
    Clock Pessimism Removal (CPR):    0.000ns
  Clock Uncertainty:      0.235ns  ((TSJ^2 + TIJ^2)^1/2 + DJ) / 2 + PE + UU
    Total System Jitter     (TSJ):    0.071ns
    Total Input Jitter      (TIJ):    0.000ns
    Discrete Jitter          (DJ):    0.000ns
    Phase Error              (PE):    0.000ns
    User Uncertainty         (UU):    0.200ns

    Location             Delay type                Incr(ns)  Path(ns)    Netlist Resource(s)
  -------------------------------------------------------------------    -------------------
                         (clock clk rise edge)        0.000     0.000 r  
                         propagated clock network latency
                                                      0.000     0.000    
                         input delay                  3.000     3.000    
                                                      0.000     3.000 r  v_data[7] (IN)
                         net (fo=21, unset)           0.973     3.973    v_data[7]
                                                                      r  mult_result0/B[17]
                         DSP48E1 (Prop_dsp48e1_B[17]_PCOUT[19])
                                                      3.851     7.824 r  mult_result0/PCOUT[19]
                         net (fo=1, unplaced)         0.055     7.879    mult_result0_n_134
                         DSP48E1                                      r  mult_result0__0/PCIN[19]
  -------------------------------------------------------------------    -------------------

                         (clock clk rise edge)       10.000    10.000 r  
                         propagated clock network latency
                                                      0.924    10.924    
                         clock pessimism              0.000    10.924    
                         clock uncertainty           -0.235    10.689    
                         DSP48E1 (Setup_dsp48e1_CLK_PCIN[19])
                                                     -1.400     9.289    mult_result0__0
  -------------------------------------------------------------------
                         required time                          9.289    
                         arrival time                          -7.879    
  -------------------------------------------------------------------
                         slack                                  1.410    

Slack (MET) :             1.410ns  (required time - arrival time)
  Source:                 v_data[7]
                            (input port clocked by clk  {rise@0.000ns fall@5.000ns period=10.000ns})
  Destination:            mult_result0__0/PCIN[1]
                            (rising edge-triggered cell DSP48E1 clocked by clk  {rise@0.000ns fall@5.000ns period=10.000ns})
  Path Group:             clk
  Path Type:              Setup (Max at Slow Process Corner)
  Requirement:            10.000ns  (clk rise@10.000ns - clk rise@0.000ns)
  Data Path Delay:        4.879ns  (logic 3.851ns (78.930%)  route 1.028ns (21.070%))
  Logic Levels:           1  (DSP48E1=1)
  Input Delay:            3.000ns
  Clock Path Skew:        0.924ns (DCD - SCD + CPR)
    Destination Clock Delay (DCD):    0.924ns = ( 10.924 - 10.000 ) 
    Source Clock Delay      (SCD):    0.000ns
    Clock Pessimism Removal (CPR):    0.000ns
  Clock Uncertainty:      0.235ns  ((TSJ^2 + TIJ^2)^1/2 + DJ) / 2 + PE + UU
    Total System Jitter     (TSJ):    0.071ns
    Total Input Jitter      (TIJ):    0.000ns
    Discrete Jitter          (DJ):    0.000ns
    Phase Error              (PE):    0.000ns
    User Uncertainty         (UU):    0.200ns

    Location             Delay type                Incr(ns)  Path(ns)    Netlist Resource(s)
  -------------------------------------------------------------------    -------------------
                         (clock clk rise edge)        0.000     0.000 r  
                         propagated clock network latency
                                                      0.000     0.000    
                         input delay                  3.000     3.000    
                                                      0.000     3.000 r  v_data[7] (IN)
                         net (fo=21, unset)           0.973     3.973    v_data[7]
                                                                      r  mult_result0/B[17]
                         DSP48E1 (Prop_dsp48e1_B[17]_PCOUT[1])
                                                      3.851     7.824 r  mult_result0/PCOUT[1]
                         net (fo=1, unplaced)         0.055     7.879    mult_result0_n_152
                         DSP48E1                                      r  mult_result0__0/PCIN[1]
  -------------------------------------------------------------------    -------------------

                         (clock clk rise edge)       10.000    10.000 r  
                         propagated clock network latency
                                                      0.924    10.924    
                         clock pessimism              0.000    10.924    
                         clock uncertainty           -0.235    10.689    
                         DSP48E1 (Setup_dsp48e1_CLK_PCIN[1])
                                                     -1.400     9.289    mult_result0__0
  -------------------------------------------------------------------
                         required time                          9.289    
                         arrival time                          -7.879    
  -------------------------------------------------------------------
                         slack                                  1.410    

Slack (MET) :             1.410ns  (required time - arrival time)
  Source:                 v_data[7]
                            (input port clocked by clk  {rise@0.000ns fall@5.000ns period=10.000ns})
  Destination:            mult_result0__0/PCIN[20]
                            (rising edge-triggered cell DSP48E1 clocked by clk  {rise@0.000ns fall@5.000ns period=10.000ns})
  Path Group:             clk
  Path Type:              Setup (Max at Slow Process Corner)
  Requirement:            10.000ns  (clk rise@10.000ns - clk rise@0.000ns)
  Data Path Delay:        4.879ns  (logic 3.851ns (78.930%)  route 1.028ns (21.070%))
  Logic Levels:           1  (DSP48E1=1)
  Input Delay:            3.000ns
  Clock Path Skew:        0.924ns (DCD - SCD + CPR)
    Destination Clock Delay (DCD):    0.924ns = ( 10.924 - 10.000 ) 
    Source Clock Delay      (SCD):    0.000ns
    Clock Pessimism Removal (CPR):    0.000ns
  Clock Uncertainty:      0.235ns  ((TSJ^2 + TIJ^2)^1/2 + DJ) / 2 + PE + UU
    Total System Jitter     (TSJ):    0.071ns
    Total Input Jitter      (TIJ):    0.000ns
    Discrete Jitter          (DJ):    0.000ns
    Phase Error              (PE):    0.000ns
    User Uncertainty         (UU):    0.200ns

    Location             Delay type                Incr(ns)  Path(ns)    Netlist Resource(s)
  -------------------------------------------------------------------    -------------------
                         (clock clk rise edge)        0.000     0.000 r  
                         propagated clock network latency
                                                      0.000     0.000    
                         input delay                  3.000     3.000    
                                                      0.000     3.000 r  v_data[7] (IN)
                         net (fo=21, unset)           0.973     3.973    v_data[7]
                                                                      r  mult_result0/B[17]
                         DSP48E1 (Prop_dsp48e1_B[17]_PCOUT[20])
                                                      3.851     7.824 r  mult_result0/PCOUT[20]
                         net (fo=1, unplaced)         0.055     7.879    mult_result0_n_133
                         DSP48E1                                      r  mult_result0__0/PCIN[20]
  -------------------------------------------------------------------    -------------------

                         (clock clk rise edge)       10.000    10.000 r  
                         propagated clock network latency
                                                      0.924    10.924    
                         clock pessimism              0.000    10.924    
                         clock uncertainty           -0.235    10.689    
                         DSP48E1 (Setup_dsp48e1_CLK_PCIN[20])
                                                     -1.400     9.289    mult_result0__0
  -------------------------------------------------------------------
                         required time                          9.289    
                         arrival time                          -7.879    
  -------------------------------------------------------------------
                         slack                                  1.410    

Slack (MET) :             1.410ns  (required time - arrival time)
  Source:                 v_data[7]
                            (input port clocked by clk  {rise@0.000ns fall@5.000ns period=10.000ns})
  Destination:            mult_result0__0/PCIN[21]
                            (rising edge-triggered cell DSP48E1 clocked by clk  {rise@0.000ns fall@5.000ns period=10.000ns})
  Path Group:             clk
  Path Type:              Setup (Max at Slow Process Corner)
  Requirement:            10.000ns  (clk rise@10.000ns - clk rise@0.000ns)
  Data Path Delay:        4.879ns  (logic 3.851ns (78.930%)  route 1.028ns (21.070%))
  Logic Levels:           1  (DSP48E1=1)
  Input Delay:            3.000ns
  Clock Path Skew:        0.924ns (DCD - SCD + CPR)
    Destination Clock Delay (DCD):    0.924ns = ( 10.924 - 10.000 ) 
    Source Clock Delay      (SCD):    0.000ns
    Clock Pessimism Removal (CPR):    0.000ns
  Clock Uncertainty:      0.235ns  ((TSJ^2 + TIJ^2)^1/2 + DJ) / 2 + PE + UU
    Total System Jitter     (TSJ):    0.071ns
    Total Input Jitter      (TIJ):    0.000ns
    Discrete Jitter          (DJ):    0.000ns
    Phase Error              (PE):    0.000ns
    User Uncertainty         (UU):    0.200ns

    Location             Delay type                Incr(ns)  Path(ns)    Netlist Resource(s)
  -------------------------------------------------------------------    -------------------
                         (clock clk rise edge)        0.000     0.000 r  
                         propagated clock network latency
                                                      0.000     0.000    
                         input delay                  3.000     3.000    
                                                      0.000     3.000 r  v_data[7] (IN)
                         net (fo=21, unset)           0.973     3.973    v_data[7]
                                                                      r  mult_result0/B[17]
                         DSP48E1 (Prop_dsp48e1_B[17]_PCOUT[21])
                                                      3.851     7.824 r  mult_result0/PCOUT[21]
                         net (fo=1, unplaced)         0.055     7.879    mult_result0_n_132
                         DSP48E1                                      r  mult_result0__0/PCIN[21]
  -------------------------------------------------------------------    -------------------

                         (clock clk rise edge)       10.000    10.000 r  
                         propagated clock network latency
                                                      0.924    10.924    
                         clock pessimism              0.000    10.924    
                         clock uncertainty           -0.235    10.689    
                         DSP48E1 (Setup_dsp48e1_CLK_PCIN[21])
                                                     -1.400     9.289    mult_result0__0
  -------------------------------------------------------------------
                         required time                          9.289    
                         arrival time                          -7.879    
  -------------------------------------------------------------------
                         slack                                  1.410    

Slack (MET) :             1.410ns  (required time - arrival time)
  Source:                 v_data[7]
                            (input port clocked by clk  {rise@0.000ns fall@5.000ns period=10.000ns})
  Destination:            mult_result0__0/PCIN[22]
                            (rising edge-triggered cell DSP48E1 clocked by clk  {rise@0.000ns fall@5.000ns period=10.000ns})
  Path Group:             clk
  Path Type:              Setup (Max at Slow Process Corner)
  Requirement:            10.000ns  (clk rise@10.000ns - clk rise@0.000ns)
  Data Path Delay:        4.879ns  (logic 3.851ns (78.930%)  route 1.028ns (21.070%))
  Logic Levels:           1  (DSP48E1=1)
  Input Delay:            3.000ns
  Clock Path Skew:        0.924ns (DCD - SCD + CPR)
    Destination Clock Delay (DCD):    0.924ns = ( 10.924 - 10.000 ) 
    Source Clock Delay      (SCD):    0.000ns
    Clock Pessimism Removal (CPR):    0.000ns
  Clock Uncertainty:      0.235ns  ((TSJ^2 + TIJ^2)^1/2 + DJ) / 2 + PE + UU
    Total System Jitter     (TSJ):    0.071ns
    Total Input Jitter      (TIJ):    0.000ns
    Discrete Jitter          (DJ):    0.000ns
    Phase Error              (PE):    0.000ns
    User Uncertainty         (UU):    0.200ns

    Location             Delay type                Incr(ns)  Path(ns)    Netlist Resource(s)
  -------------------------------------------------------------------    -------------------
                         (clock clk rise edge)        0.000     0.000 r  
                         propagated clock network latency
                                                      0.000     0.000    
                         input delay                  3.000     3.000    
                                                      0.000     3.000 r  v_data[7] (IN)
                         net (fo=21, unset)           0.973     3.973    v_data[7]
                                                                      r  mult_result0/B[17]
                         DSP48E1 (Prop_dsp48e1_B[17]_PCOUT[22])
                                                      3.851     7.824 r  mult_result0/PCOUT[22]
                         net (fo=1, unplaced)         0.055     7.879    mult_result0_n_131
                         DSP48E1                                      r  mult_result0__0/PCIN[22]
  -------------------------------------------------------------------    -------------------

                         (clock clk rise edge)       10.000    10.000 r  
                         propagated clock network latency
                                                      0.924    10.924    
                         clock pessimism              0.000    10.924    
                         clock uncertainty           -0.235    10.689    
                         DSP48E1 (Setup_dsp48e1_CLK_PCIN[22])
                                                     -1.400     9.289    mult_result0__0
  -------------------------------------------------------------------
                         required time                          9.289    
                         arrival time                          -7.879    
  -------------------------------------------------------------------
                         slack                                  1.410    

Slack (MET) :             1.410ns  (required time - arrival time)
  Source:                 v_data[7]
                            (input port clocked by clk  {rise@0.000ns fall@5.000ns period=10.000ns})
  Destination:            mult_result0__0/PCIN[23]
                            (rising edge-triggered cell DSP48E1 clocked by clk  {rise@0.000ns fall@5.000ns period=10.000ns})
  Path Group:             clk
  Path Type:              Setup (Max at Slow Process Corner)
  Requirement:            10.000ns  (clk rise@10.000ns - clk rise@0.000ns)
  Data Path Delay:        4.879ns  (logic 3.851ns (78.930%)  route 1.028ns (21.070%))
  Logic Levels:           1  (DSP48E1=1)
  Input Delay:            3.000ns
  Clock Path Skew:        0.924ns (DCD - SCD + CPR)
    Destination Clock Delay (DCD):    0.924ns = ( 10.924 - 10.000 ) 
    Source Clock Delay      (SCD):    0.000ns
    Clock Pessimism Removal (CPR):    0.000ns
  Clock Uncertainty:      0.235ns  ((TSJ^2 + TIJ^2)^1/2 + DJ) / 2 + PE + UU
    Total System Jitter     (TSJ):    0.071ns
    Total Input Jitter      (TIJ):    0.000ns
    Discrete Jitter          (DJ):    0.000ns
    Phase Error              (PE):    0.000ns
    User Uncertainty         (UU):    0.200ns

    Location             Delay type                Incr(ns)  Path(ns)    Netlist Resource(s)
  -------------------------------------------------------------------    -------------------
                         (clock clk rise edge)        0.000     0.000 r  
                         propagated clock network latency
                                                      0.000     0.000    
                         input delay                  3.000     3.000    
                                                      0.000     3.000 r  v_data[7] (IN)
                         net (fo=21, unset)           0.973     3.973    v_data[7]
                                                                      r  mult_result0/B[17]
                         DSP48E1 (Prop_dsp48e1_B[17]_PCOUT[23])
                                                      3.851     7.824 r  mult_result0/PCOUT[23]
                         net (fo=1, unplaced)         0.055     7.879    mult_result0_n_130
                         DSP48E1                                      r  mult_result0__0/PCIN[23]
  -------------------------------------------------------------------    -------------------

                         (clock clk rise edge)       10.000    10.000 r  
                         propagated clock network latency
                                                      0.924    10.924    
                         clock pessimism              0.000    10.924    
                         clock uncertainty           -0.235    10.689    
                         DSP48E1 (Setup_dsp48e1_CLK_PCIN[23])
                                                     -1.400     9.289    mult_result0__0
  -------------------------------------------------------------------
                         required time                          9.289    
                         arrival time                          -7.879    
  -------------------------------------------------------------------
                         slack                                  1.410    

Slack (MET) :             1.410ns  (required time - arrival time)
  Source:                 v_data[7]
                            (input port clocked by clk  {rise@0.000ns fall@5.000ns period=10.000ns})
  Destination:            mult_result0__0/PCIN[24]
                            (rising edge-triggered cell DSP48E1 clocked by clk  {rise@0.000ns fall@5.000ns period=10.000ns})
  Path Group:             clk
  Path Type:              Setup (Max at Slow Process Corner)
  Requirement:            10.000ns  (clk rise@10.000ns - clk rise@0.000ns)
  Data Path Delay:        4.879ns  (logic 3.851ns (78.930%)  route 1.028ns (21.070%))
  Logic Levels:           1  (DSP48E1=1)
  Input Delay:            3.000ns
  Clock Path Skew:        0.924ns (DCD - SCD + CPR)
    Destination Clock Delay (DCD):    0.924ns = ( 10.924 - 10.000 ) 
    Source Clock Delay      (SCD):    0.000ns
    Clock Pessimism Removal (CPR):    0.000ns
  Clock Uncertainty:      0.235ns  ((TSJ^2 + TIJ^2)^1/2 + DJ) / 2 + PE + UU
    Total System Jitter     (TSJ):    0.071ns
    Total Input Jitter      (TIJ):    0.000ns
    Discrete Jitter          (DJ):    0.000ns
    Phase Error              (PE):    0.000ns
    User Uncertainty         (UU):    0.200ns

    Location             Delay type                Incr(ns)  Path(ns)    Netlist Resource(s)
  -------------------------------------------------------------------    -------------------
                         (clock clk rise edge)        0.000     0.000 r  
                         propagated clock network latency
                                                      0.000     0.000    
                         input delay                  3.000     3.000    
                                                      0.000     3.000 r  v_data[7] (IN)
                         net (fo=21, unset)           0.973     3.973    v_data[7]
                                                                      r  mult_result0/B[17]
                         DSP48E1 (Prop_dsp48e1_B[17]_PCOUT[24])
                                                      3.851     7.824 r  mult_result0/PCOUT[24]
                         net (fo=1, unplaced)         0.055     7.879    mult_result0_n_129
                         DSP48E1                                      r  mult_result0__0/PCIN[24]
  -------------------------------------------------------------------    -------------------

                         (clock clk rise edge)       10.000    10.000 r  
                         propagated clock network latency
                                                      0.924    10.924    
                         clock pessimism              0.000    10.924    
                         clock uncertainty           -0.235    10.689    
                         DSP48E1 (Setup_dsp48e1_CLK_PCIN[24])
                                                     -1.400     9.289    mult_result0__0
  -------------------------------------------------------------------
                         required time                          9.289    
                         arrival time                          -7.879    
  -------------------------------------------------------------------
                         slack                                  1.410    

Slack (MET) :             1.410ns  (required time - arrival time)
  Source:                 v_data[7]
                            (input port clocked by clk  {rise@0.000ns fall@5.000ns period=10.000ns})
  Destination:            mult_result0__0/PCIN[25]
                            (rising edge-triggered cell DSP48E1 clocked by clk  {rise@0.000ns fall@5.000ns period=10.000ns})
  Path Group:             clk
  Path Type:              Setup (Max at Slow Process Corner)
  Requirement:            10.000ns  (clk rise@10.000ns - clk rise@0.000ns)
  Data Path Delay:        4.879ns  (logic 3.851ns (78.930%)  route 1.028ns (21.070%))
  Logic Levels:           1  (DSP48E1=1)
  Input Delay:            3.000ns
  Clock Path Skew:        0.924ns (DCD - SCD + CPR)
    Destination Clock Delay (DCD):    0.924ns = ( 10.924 - 10.000 ) 
    Source Clock Delay      (SCD):    0.000ns
    Clock Pessimism Removal (CPR):    0.000ns
  Clock Uncertainty:      0.235ns  ((TSJ^2 + TIJ^2)^1/2 + DJ) / 2 + PE + UU
    Total System Jitter     (TSJ):    0.071ns
    Total Input Jitter      (TIJ):    0.000ns
    Discrete Jitter          (DJ):    0.000ns
    Phase Error              (PE):    0.000ns
    User Uncertainty         (UU):    0.200ns

    Location             Delay type                Incr(ns)  Path(ns)    Netlist Resource(s)
  -------------------------------------------------------------------    -------------------
                         (clock clk rise edge)        0.000     0.000 r  
                         propagated clock network latency
                                                      0.000     0.000    
                         input delay                  3.000     3.000    
                                                      0.000     3.000 r  v_data[7] (IN)
                         net (fo=21, unset)           0.973     3.973    v_data[7]
                                                                      r  mult_result0/B[17]
                         DSP48E1 (Prop_dsp48e1_B[17]_PCOUT[25])
                                                      3.851     7.824 r  mult_result0/PCOUT[25]
                         net (fo=1, unplaced)         0.055     7.879    mult_result0_n_128
                         DSP48E1                                      r  mult_result0__0/PCIN[25]
  -------------------------------------------------------------------    -------------------

                         (clock clk rise edge)       10.000    10.000 r  
                         propagated clock network latency
                                                      0.924    10.924    
                         clock pessimism              0.000    10.924    
                         clock uncertainty           -0.235    10.689    
                         DSP48E1 (Setup_dsp48e1_CLK_PCIN[25])
                                                     -1.400     9.289    mult_result0__0
  -------------------------------------------------------------------
                         required time                          9.289    
                         arrival time                          -7.879    
  -------------------------------------------------------------------
                         slack                                  1.410    

Slack (MET) :             1.410ns  (required time - arrival time)
  Source:                 v_data[7]
                            (input port clocked by clk  {rise@0.000ns fall@5.000ns period=10.000ns})
  Destination:            mult_result0__0/PCIN[26]
                            (rising edge-triggered cell DSP48E1 clocked by clk  {rise@0.000ns fall@5.000ns period=10.000ns})
  Path Group:             clk
  Path Type:              Setup (Max at Slow Process Corner)
  Requirement:            10.000ns  (clk rise@10.000ns - clk rise@0.000ns)
  Data Path Delay:        4.879ns  (logic 3.851ns (78.930%)  route 1.028ns (21.070%))
  Logic Levels:           1  (DSP48E1=1)
  Input Delay:            3.000ns
  Clock Path Skew:        0.924ns (DCD - SCD + CPR)
    Destination Clock Delay (DCD):    0.924ns = ( 10.924 - 10.000 ) 
    Source Clock Delay      (SCD):    0.000ns
    Clock Pessimism Removal (CPR):    0.000ns
  Clock Uncertainty:      0.235ns  ((TSJ^2 + TIJ^2)^1/2 + DJ) / 2 + PE + UU
    Total System Jitter     (TSJ):    0.071ns
    Total Input Jitter      (TIJ):    0.000ns
    Discrete Jitter          (DJ):    0.000ns
    Phase Error              (PE):    0.000ns
    User Uncertainty         (UU):    0.200ns

    Location             Delay type                Incr(ns)  Path(ns)    Netlist Resource(s)
  -------------------------------------------------------------------    -------------------
                         (clock clk rise edge)        0.000     0.000 r  
                         propagated clock network latency
                                                      0.000     0.000    
                         input delay                  3.000     3.000    
                                                      0.000     3.000 r  v_data[7] (IN)
                         net (fo=21, unset)           0.973     3.973    v_data[7]
                                                                      r  mult_result0/B[17]
                         DSP48E1 (Prop_dsp48e1_B[17]_PCOUT[26])
                                                      3.851     7.824 r  mult_result0/PCOUT[26]
                         net (fo=1, unplaced)         0.055     7.879    mult_result0_n_127
                         DSP48E1                                      r  mult_result0__0/PCIN[26]
  -------------------------------------------------------------------    -------------------

                         (clock clk rise edge)       10.000    10.000 r  
                         propagated clock network latency
                                                      0.924    10.924    
                         clock pessimism              0.000    10.924    
                         clock uncertainty           -0.235    10.689    
                         DSP48E1 (Setup_dsp48e1_CLK_PCIN[26])
                                                     -1.400     9.289    mult_result0__0
  -------------------------------------------------------------------
                         required time                          9.289    
                         arrival time                          -7.879    
  -------------------------------------------------------------------
                         slack                                  1.410    

Slack (MET) :             1.410ns  (required time - arrival time)
  Source:                 v_data[7]
                            (input port clocked by clk  {rise@0.000ns fall@5.000ns period=10.000ns})
  Destination:            mult_result0__0/PCIN[27]
                            (rising edge-triggered cell DSP48E1 clocked by clk  {rise@0.000ns fall@5.000ns period=10.000ns})
  Path Group:             clk
  Path Type:              Setup (Max at Slow Process Corner)
  Requirement:            10.000ns  (clk rise@10.000ns - clk rise@0.000ns)
  Data Path Delay:        4.879ns  (logic 3.851ns (78.930%)  route 1.028ns (21.070%))
  Logic Levels:           1  (DSP48E1=1)
  Input Delay:            3.000ns
  Clock Path Skew:        0.924ns (DCD - SCD + CPR)
    Destination Clock Delay (DCD):    0.924ns = ( 10.924 - 10.000 ) 
    Source Clock Delay      (SCD):    0.000ns
    Clock Pessimism Removal (CPR):    0.000ns
  Clock Uncertainty:      0.235ns  ((TSJ^2 + TIJ^2)^1/2 + DJ) / 2 + PE + UU
    Total System Jitter     (TSJ):    0.071ns
    Total Input Jitter      (TIJ):    0.000ns
    Discrete Jitter          (DJ):    0.000ns
    Phase Error              (PE):    0.000ns
    User Uncertainty         (UU):    0.200ns

    Location             Delay type                Incr(ns)  Path(ns)    Netlist Resource(s)
  -------------------------------------------------------------------    -------------------
                         (clock clk rise edge)        0.000     0.000 r  
                         propagated clock network latency
                                                      0.000     0.000    
                         input delay                  3.000     3.000    
                                                      0.000     3.000 r  v_data[7] (IN)
                         net (fo=21, unset)           0.973     3.973    v_data[7]
                                                                      r  mult_result0/B[17]
                         DSP48E1 (Prop_dsp48e1_B[17]_PCOUT[27])
                                                      3.851     7.824 r  mult_result0/PCOUT[27]
                         net (fo=1, unplaced)         0.055     7.879    mult_result0_n_126
                         DSP48E1                                      r  mult_result0__0/PCIN[27]
  -------------------------------------------------------------------    -------------------

                         (clock clk rise edge)       10.000    10.000 r  
                         propagated clock network latency
                                                      0.924    10.924    
                         clock pessimism              0.000    10.924    
                         clock uncertainty           -0.235    10.689    
                         DSP48E1 (Setup_dsp48e1_CLK_PCIN[27])
                                                     -1.400     9.289    mult_result0__0
  -------------------------------------------------------------------
                         required time                          9.289    
                         arrival time                          -7.879    
  -------------------------------------------------------------------
                         slack                                  1.410    




