Copyright 1986-2022 Xilinx, Inc. All Rights Reserved. Copyright 2022-2024 Advanced Micro Devices, Inc. All Rights Reserved.
------------------------------------------------------------------------------------------------------------------------------------------------------------------------------------------------
| Tool Version : Vivado v.2024.2 (lin64) Build 5239630 Fri Nov 08 22:34:34 MST 2024
| Date         : Mon Apr 13 20:47:02 2026
| Host         : aleem-Latitude-5480 running 64-bit Ubuntu 24.04.4 LTS
| Command      : report_timing_summary -delay_type max -report_unconstrained -check_timing_verbose -max_paths 10 -input_pins -routable_nets -file ./synth_v3_1_timing_output/timing_summary.rpt
| Design       : streaming_attention_v3_1
| Device       : 7z020-clg400
| Speed File   : -1  PRODUCTION 1.12 2019-11-22
| Design State : Synthesized
------------------------------------------------------------------------------------------------------------------------------------------------------------------------------------------------

Timing Summary Report

------------------------------------------------------------------------------------------------
| Timer Settings
| --------------
------------------------------------------------------------------------------------------------

  Enable Multi Corner Analysis               :  Yes
  Enable Pessimism Removal                   :  Yes
  Pessimism Removal Resolution               :  Nearest Common Node
  Enable Input Delay Default Clock           :  No
  Enable Preset / Clear Arcs                 :  No
  Disable Flight Delays                      :  No
  Ignore I/O Paths                           :  No
  Timing Early Launch at Borrowing Latches   :  No
  Borrow Time for Max Delay Exceptions       :  Yes
  Merge Timing Exceptions                    :  Yes
  Inter-SLR Compensation                     :  Conservative

  Corner  Analyze    Analyze    
  Name    Max Paths  Min Paths  
  ------  ---------  ---------  
  Slow    Yes        Yes        
  Fast    Yes        Yes        


------------------------------------------------------------------------------------------------
| Report Methodology
| ------------------
------------------------------------------------------------------------------------------------

No report available as report_methodology has not been run prior. Run report_methodology on the current design for the summary of methodology violations.



check_timing report

Table of Contents
-----------------
1. checking no_clock (0)
2. checking constant_clock (0)
3. checking pulse_width_clock (0)
4. checking unconstrained_internal_endpoints (0)
5. checking no_input_delay (0)
6. checking no_output_delay (0)
7. checking multiple_clock (0)
8. checking generated_clocks (0)
9. checking loops (0)
10. checking partial_input_delay (29)
11. checking partial_output_delay (0)
12. checking latch_loops (0)

1. checking no_clock (0)
------------------------
 There are 0 register/latch pins with no clock.


2. checking constant_clock (0)
------------------------------
 There are 0 register/latch pins with constant_clock.


3. checking pulse_width_clock (0)
---------------------------------
 There are 0 register/latch pins which need pulse_width check


4. checking unconstrained_internal_endpoints (0)
------------------------------------------------
 There are 0 pins that are not constrained for maximum delay.

 There are 0 pins that are not constrained for maximum delay due to constant clock.


5. checking no_input_delay (0)
------------------------------
 There are 0 input ports with no input delay specified.

 There are 0 input ports with no input delay but user has a false path constraint.


6. checking no_output_delay (0)
-------------------------------
 There are 0 ports with no output delay specified.

 There are 0 ports with no output delay but user has a false path constraint

 There are 0 ports with no output delay but with a timing clock defined on it or propagating through it


7. checking multiple_clock (0)
------------------------------
 There are 0 register/latch pins with multiple clocks.


8. checking generated_clocks (0)
--------------------------------
 There are 0 generated clocks that are not connected to a clock source.


9. checking loops (0)
---------------------
 There are 0 combinational loops in the design.


10. checking partial_input_delay (29)
-------------------------------------
 There are 29 input ports with partial input delay specified. (HIGH)

k_data[0]
k_data[1]
k_data[2]
k_data[3]
k_data[4]
k_data[5]
k_data[6]
k_data[7]
q_data[0]
q_data[1]
q_data[2]
q_data[3]
q_data[4]
q_data[5]
q_data[6]
q_data[7]
rst_n
scale_shift[0]
scale_shift[1]
scale_shift[2]
start
v_data[0]
v_data[1]
v_data[2]
v_data[3]
v_data[4]
v_data[5]
v_data[6]
v_data[7]


11. checking partial_output_delay (0)
-------------------------------------
 There are 0 ports with partial output delay specified.


12. checking latch_loops (0)
----------------------------
 There are 0 combinational latch loops in the design through latch input



------------------------------------------------------------------------------------------------
| Design Timing Summary
| ---------------------
------------------------------------------------------------------------------------------------

    WNS(ns)      TNS(ns)  TNS Failing Endpoints  TNS Total Endpoints     WPWS(ns)     TPWS(ns)  TPWS Failing Endpoints  TPWS Total Endpoints  
    -------      -------  ---------------------  -------------------     --------     --------  ----------------------  --------------------  
      1.410        0.000                      0                 3174        4.500        0.000                       0                  1533  


All user specified timing constraints are met.


------------------------------------------------------------------------------------------------
| Clock Summary
| -------------
------------------------------------------------------------------------------------------------

Clock  Waveform(ns)       Period(ns)      Frequency(MHz)
-----  ------------       ----------      --------------
clk    {0.000 5.000}      10.000          100.000         


------------------------------------------------------------------------------------------------
| Intra Clock Table
| -----------------
------------------------------------------------------------------------------------------------

Clock             WNS(ns)      TNS(ns)  TNS Failing Endpoints  TNS Total Endpoints     WPWS(ns)     TPWS(ns)  TPWS Failing Endpoints  TPWS Total Endpoints  
-----             -------      -------  ---------------------  -------------------     --------     --------  ----------------------  --------------------  
clk                 1.410        0.000                      0                 3174        4.500        0.000                       0                  1533  


------------------------------------------------------------------------------------------------
| Inter Clock Table
| -----------------
------------------------------------------------------------------------------------------------

From Clock    To Clock          WNS(ns)      TNS(ns)  TNS Failing Endpoints  TNS Total Endpoints  
----------    --------          -------      -------  ---------------------  -------------------  


------------------------------------------------------------------------------------------------
| Other Path Groups Table
| -----------------------
------------------------------------------------------------------------------------------------

Path Group    From Clock    To Clock          WNS(ns)      TNS(ns)  TNS Failing Endpoints  TNS Total Endpoints  
----------    ----------    --------          -------      -------  ---------------------  -------------------  


------------------------------------------------------------------------------------------------
| User Ignored Path Table
| -----------------------
------------------------------------------------------------------------------------------------

Path Group    From Clock    To Clock    
----------    ----------    --------    
(none)                      clk           


------------------------------------------------------------------------------------------------
| Unconstrained Path Table
| ------------------------
------------------------------------------------------------------------------------------------

Path Group    From Clock    To Clock    
----------    ----------    --------    


------------------------------------------------------------------------------------------------
| Timing Details
| --------------
------------------------------------------------------------------------------------------------


---------------------------------------------------------------------------------------------------
From Clock:  clk
  To Clock:  clk

Setup :            0  Failing Endpoints,  Worst Slack        1.410ns,  Total Violation        0.000ns
Hold  :           NA  Failing Endpoints,  Worst Slack           NA  ,  Total Violation           NA
PW    :            0  Failing Endpoints,  Worst Slack        4.500ns,  Total Violation        0.000ns
---------------------------------------------------------------------------------------------------


Max Delay Paths
--------------------------------------------------------------------------------------
Slack (MET) :             1.410ns  (required time - arrival time)
  Source:                 v_data[7]
                            (input port clocked by clk  {rise@0.000ns fall@5.000ns period=10.000ns})
  Destination:            mult_result0__0/PCIN[0]
                            (rising edge-triggered cell DSP48E1 clocked by clk  {rise@0.000ns fall@5.000ns period=10.000ns})
  Path Group:             clk
  Path Type:              Setup (Max at Slow Process Corner)
  Requirement:            10.000ns  (clk rise@10.000ns - clk rise@0.000ns)
  Data Path Delay:        4.879ns  (logic 3.851ns (78.930%)  route 1.028ns (21.070%))
  Logic Levels:           1  (DSP48E1=1)
  Input Delay:            3.000ns
  Clock Path Skew:        0.924ns (DCD - SCD + CPR)
    Destination Clock Delay (DCD):    0.924ns = ( 10.924 - 10.000 ) 
    Source Clock Delay      (SCD):    0.000ns
    Clock Pessimism Removal (CPR):    0.000ns
  Clock Uncertainty:      0.235ns  ((TSJ^2 + TIJ^2)^1/2 + DJ) / 2 + PE + UU
    Total System Jitter     (TSJ):    0.071ns
    Total Input Jitter      (TIJ):    0.000ns
    Discrete Jitter          (DJ):    0.000ns
    Phase Error              (PE):    0.000ns
    User Uncertainty         (UU):    0.200ns

    Location             Delay type                Incr(ns)  Path(ns)    Netlist Resource(s)
  -------------------------------------------------------------------    -------------------
                         (clock clk rise edge)        0.000     0.000 r  
                         input delay                  3.000     3.000    
                                                      0.000     3.000 r  v_data[7] (IN)
                         net (fo=21, unset)           0.973     3.973    v_data[7]
                                                                      r  mult_result0/B[17]
                         DSP48E1 (Prop_dsp48e1_B[17]_PCOUT[0])
                                                      3.851     7.824 r  mult_result0/PCOUT[0]
                         net (fo=1, unplaced)         0.055     7.879    mult_result0_n_153
                         DSP48E1                                      r  mult_result0__0/PCIN[0]
  -------------------------------------------------------------------    -------------------

                         (clock clk rise edge)       10.000    10.000 r  
                                                      0.000    10.000 r  clk (IN)
                         net (fo=1532, unset)         0.924    10.924    clk
                         DSP48E1                                      r  mult_result0__0/CLK
                         clock pessimism              0.000    10.924    
                         clock uncertainty           -0.235    10.689    
                         DSP48E1 (Setup_dsp48e1_CLK_PCIN[0])
                                                     -1.400     9.289    mult_result0__0
  -------------------------------------------------------------------
                         required time                          9.289    
                         arrival time                          -7.879    
  -------------------------------------------------------------------
                         slack                                  1.410    

Slack (MET) :             1.410ns  (required time - arrival time)
  Source:                 v_data[7]
                            (input port clocked by clk  {rise@0.000ns fall@5.000ns period=10.000ns})
  Destination:            mult_result0__0/PCIN[10]
                            (rising edge-triggered cell DSP48E1 clocked by clk  {rise@0.000ns fall@5.000ns period=10.000ns})
  Path Group:             clk
  Path Type:              Setup (Max at Slow Process Corner)
  Requirement:            10.000ns  (clk rise@10.000ns - clk rise@0.000ns)
  Data Path Delay:        4.879ns  (logic 3.851ns (78.930%)  route 1.028ns (21.070%))
  Logic Levels:           1  (DSP48E1=1)
  Input Delay:            3.000ns
  Clock Path Skew:        0.924ns (DCD - SCD + CPR)
    Destination Clock Delay (DCD):    0.924ns = ( 10.924 - 10.000 ) 
    Source Clock Delay      (SCD):    0.000ns
    Clock Pessimism Removal (CPR):    0.000ns
  Clock Uncertainty:      0.235ns  ((TSJ^2 + TIJ^2)^1/2 + DJ) / 2 + PE + UU
    Total System Jitter     (TSJ):    0.071ns
    Total Input Jitter      (TIJ):    0.000ns
    Discrete Jitter          (DJ):    0.000ns
    Phase Error              (PE):    0.000ns
    User Uncertainty         (UU):    0.200ns

    Location             Delay type                Incr(ns)  Path(ns)    Netlist Resource(s)
  -------------------------------------------------------------------    -------------------
                         (clock clk rise edge)        0.000     0.000 r  
                         input delay                  3.000     3.000    
                                                      0.000     3.000 r  v_data[7] (IN)
                         net (fo=21, unset)           0.973     3.973    v_data[7]
                                                                      r  mult_result0/B[17]
                         DSP48E1 (Prop_dsp48e1_B[17]_PCOUT[10])
                                                      3.851     7.824 r  mult_result0/PCOUT[10]
                         net (fo=1, unplaced)         0.055     7.879    mult_result0_n_143
                         DSP48E1                                      r  mult_result0__0/PCIN[10]
  -------------------------------------------------------------------    -------------------

                         (clock clk rise edge)       10.000    10.000 r  
                                                      0.000    10.000 r  clk (IN)
                         net (fo=1532, unset)         0.924    10.924    clk
                         DSP48E1                                      r  mult_result0__0/CLK
                         clock pessimism              0.000    10.924    
                         clock uncertainty           -0.235    10.689    
                         DSP48E1 (Setup_dsp48e1_CLK_PCIN[10])
                                                     -1.400     9.289    mult_result0__0
  -------------------------------------------------------------------
                         required time                          9.289    
                         arrival time                          -7.879    
  -------------------------------------------------------------------
                         slack                                  1.410    

Slack (MET) :             1.410ns  (required time - arrival time)
  Source:                 v_data[7]
                            (input port clocked by clk  {rise@0.000ns fall@5.000ns period=10.000ns})
  Destination:            mult_result0__0/PCIN[11]
                            (rising edge-triggered cell DSP48E1 clocked by clk  {rise@0.000ns fall@5.000ns period=10.000ns})
  Path Group:             clk
  Path Type:              Setup (Max at Slow Process Corner)
  Requirement:            10.000ns  (clk rise@10.000ns - clk rise@0.000ns)
  Data Path Delay:        4.879ns  (logic 3.851ns (78.930%)  route 1.028ns (21.070%))
  Logic Levels:           1  (DSP48E1=1)
  Input Delay:            3.000ns
  Clock Path Skew:        0.924ns (DCD - SCD + CPR)
    Destination Clock Delay (DCD):    0.924ns = ( 10.924 - 10.000 ) 
    Source Clock Delay      (SCD):    0.000ns
    Clock Pessimism Removal (CPR):    0.000ns
  Clock Uncertainty:      0.235ns  ((TSJ^2 + TIJ^2)^1/2 + DJ) / 2 + PE + UU
    Total System Jitter     (TSJ):    0.071ns
    Total Input Jitter      (TIJ):    0.000ns
    Discrete Jitter          (DJ):    0.000ns
    Phase Error              (PE):    0.000ns
    User Uncertainty         (UU):    0.200ns

    Location             Delay type                Incr(ns)  Path(ns)    Netlist Resource(s)
  -------------------------------------------------------------------    -------------------
                         (clock clk rise edge)        0.000     0.000 r  
                         input delay                  3.000     3.000    
                                                      0.000     3.000 r  v_data[7] (IN)
                         net (fo=21, unset)           0.973     3.973    v_data[7]
                                                                      r  mult_result0/B[17]
                         DSP48E1 (Prop_dsp48e1_B[17]_PCOUT[11])
                                                      3.851     7.824 r  mult_result0/PCOUT[11]
                         net (fo=1, unplaced)         0.055     7.879    mult_result0_n_142
                         DSP48E1                                      r  mult_result0__0/PCIN[11]
  -------------------------------------------------------------------    -------------------

                         (clock clk rise edge)       10.000    10.000 r  
                                                      0.000    10.000 r  clk (IN)
                         net (fo=1532, unset)         0.924    10.924    clk
                         DSP48E1                                      r  mult_result0__0/CLK
                         clock pessimism              0.000    10.924    
                         clock uncertainty           -0.235    10.689    
                         DSP48E1 (Setup_dsp48e1_CLK_PCIN[11])
                                                     -1.400     9.289    mult_result0__0
  -------------------------------------------------------------------
                         required time                          9.289    
                         arrival time                          -7.879    
  -------------------------------------------------------------------
                         slack                                  1.410    

Slack (MET) :             1.410ns  (required time - arrival time)
  Source:                 v_data[7]
                            (input port clocked by clk  {rise@0.000ns fall@5.000ns period=10.000ns})
  Destination:            mult_result0__0/PCIN[12]
                            (rising edge-triggered cell DSP48E1 clocked by clk  {rise@0.000ns fall@5.000ns period=10.000ns})
  Path Group:             clk
  Path Type:              Setup (Max at Slow Process Corner)
  Requirement:            10.000ns  (clk rise@10.000ns - clk rise@0.000ns)
  Data Path Delay:        4.879ns  (logic 3.851ns (78.930%)  route 1.028ns (21.070%))
  Logic Levels:           1  (DSP48E1=1)
  Input Delay:            3.000ns
  Clock Path Skew:        0.924ns (DCD - SCD + CPR)
    Destination Clock Delay (DCD):    0.924ns = ( 10.924 - 10.000 ) 
    Source Clock Delay      (SCD):    0.000ns
    Clock Pessimism Removal (CPR):    0.000ns
  Clock Uncertainty:      0.235ns  ((TSJ^2 + TIJ^2)^1/2 + DJ) / 2 + PE + UU
    Total System Jitter     (TSJ):    0.071ns
    Total Input Jitter      (TIJ):    0.000ns
    Discrete Jitter          (DJ):    0.000ns
    Phase Error              (PE):    0.000ns
    User Uncertainty         (UU):    0.200ns

    Location             Delay type                Incr(ns)  Path(ns)    Netlist Resource(s)
  -------------------------------------------------------------------    -------------------
                         (clock clk rise edge)        0.000     0.000 r  
                         input delay                  3.000     3.000    
                                                      0.000     3.000 r  v_data[7] (IN)
                         net (fo=21, unset)           0.973     3.973    v_data[7]
                                                                      r  mult_result0/B[17]
                         DSP48E1 (Prop_dsp48e1_B[17]_PCOUT[12])
                                                      3.851     7.824 r  mult_result0/PCOUT[12]
                         net (fo=1, unplaced)         0.055     7.879    mult_result0_n_141
                         DSP48E1                                      r  mult_result0__0/PCIN[12]
  -------------------------------------------------------------------    -------------------

                         (clock clk rise edge)       10.000    10.000 r  
                                                      0.000    10.000 r  clk (IN)
                         net (fo=1532, unset)         0.924    10.924    clk
                         DSP48E1                                      r  mult_result0__0/CLK
                         clock pessimism              0.000    10.924    
                         clock uncertainty           -0.235    10.689    
                         DSP48E1 (Setup_dsp48e1_CLK_PCIN[12])
                                                     -1.400     9.289    mult_result0__0
  -------------------------------------------------------------------
                         required time                          9.289    
                         arrival time                          -7.879    
  -------------------------------------------------------------------
                         slack                                  1.410    

Slack (MET) :             1.410ns  (required time - arrival time)
  Source:                 v_data[7]
                            (input port clocked by clk  {rise@0.000ns fall@5.000ns period=10.000ns})
  Destination:            mult_result0__0/PCIN[13]
                            (rising edge-triggered cell DSP48E1 clocked by clk  {rise@0.000ns fall@5.000ns period=10.000ns})
  Path Group:             clk
  Path Type:              Setup (Max at Slow Process Corner)
  Requirement:            10.000ns  (clk rise@10.000ns - clk rise@0.000ns)
  Data Path Delay:        4.879ns  (logic 3.851ns (78.930%)  route 1.028ns (21.070%))
  Logic Levels:           1  (DSP48E1=1)
  Input Delay:            3.000ns
  Clock Path Skew:        0.924ns (DCD - SCD + CPR)
    Destination Clock Delay (DCD):    0.924ns = ( 10.924 - 10.000 ) 
    Source Clock Delay      (SCD):    0.000ns
    Clock Pessimism Removal (CPR):    0.000ns
  Clock Uncertainty:      0.235ns  ((TSJ^2 + TIJ^2)^1/2 + DJ) / 2 + PE + UU
    Total System Jitter     (TSJ):    0.071ns
    Total Input Jitter      (TIJ):    0.000ns
    Discrete Jitter          (DJ):    0.000ns
    Phase Error              (PE):    0.000ns
    User Uncertainty         (UU):    0.200ns

    Location             Delay type                Incr(ns)  Path(ns)    Netlist Resource(s)
  -------------------------------------------------------------------    -------------------
                         (clock clk rise edge)        0.000     0.000 r  
                         input delay                  3.000     3.000    
                                                      0.000     3.000 r  v_data[7] (IN)
                         net (fo=21, unset)           0.973     3.973    v_data[7]
                                                                      r  mult_result0/B[17]
                         DSP48E1 (Prop_dsp48e1_B[17]_PCOUT[13])
                                                      3.851     7.824 r  mult_result0/PCOUT[13]
                         net (fo=1, unplaced)         0.055     7.879    mult_result0_n_140
                         DSP48E1                                      r  mult_result0__0/PCIN[13]
  -------------------------------------------------------------------    -------------------

                         (clock clk rise edge)       10.000    10.000 r  
                                                      0.000    10.000 r  clk (IN)
                         net (fo=1532, unset)         0.924    10.924    clk
                         DSP48E1                                      r  mult_result0__0/CLK
                         clock pessimism              0.000    10.924    
                         clock uncertainty           -0.235    10.689    
                         DSP48E1 (Setup_dsp48e1_CLK_PCIN[13])
                                                     -1.400     9.289    mult_result0__0
  -------------------------------------------------------------------
                         required time                          9.289    
                         arrival time                          -7.879    
  -------------------------------------------------------------------
                         slack                                  1.410    

Slack (MET) :             1.410ns  (required time - arrival time)
  Source:                 v_data[7]
                            (input port clocked by clk  {rise@0.000ns fall@5.000ns period=10.000ns})
  Destination:            mult_result0__0/PCIN[14]
                            (rising edge-triggered cell DSP48E1 clocked by clk  {rise@0.000ns fall@5.000ns period=10.000ns})
  Path Group:             clk
  Path Type:              Setup (Max at Slow Process Corner)
  Requirement:            10.000ns  (clk rise@10.000ns - clk rise@0.000ns)
  Data Path Delay:        4.879ns  (logic 3.851ns (78.930%)  route 1.028ns (21.070%))
  Logic Levels:           1  (DSP48E1=1)
  Input Delay:            3.000ns
  Clock Path Skew:        0.924ns (DCD - SCD + CPR)
    Destination Clock Delay (DCD):    0.924ns = ( 10.924 - 10.000 ) 
    Source Clock Delay      (SCD):    0.000ns
    Clock Pessimism Removal (CPR):    0.000ns
  Clock Uncertainty:      0.235ns  ((TSJ^2 + TIJ^2)^1/2 + DJ) / 2 + PE + UU
    Total System Jitter     (TSJ):    0.071ns
    Total Input Jitter      (TIJ):    0.000ns
    Discrete Jitter          (DJ):    0.000ns
    Phase Error              (PE):    0.000ns
    User Uncertainty         (UU):    0.200ns

    Location             Delay type                Incr(ns)  Path(ns)    Netlist Resource(s)
  -------------------------------------------------------------------    -------------------
                         (clock clk rise edge)        0.000     0.000 r  
                         input delay                  3.000     3.000    
                                                      0.000     3.000 r  v_data[7] (IN)
                         net (fo=21, unset)           0.973     3.973    v_data[7]
                                                                      r  mult_result0/B[17]
                         DSP48E1 (Prop_dsp48e1_B[17]_PCOUT[14])
                                                      3.851     7.824 r  mult_result0/PCOUT[14]
                         net (fo=1, unplaced)         0.055     7.879    mult_result0_n_139
                         DSP48E1                                      r  mult_result0__0/PCIN[14]
  -------------------------------------------------------------------    -------------------

                         (clock clk rise edge)       10.000    10.000 r  
                                                      0.000    10.000 r  clk (IN)
                         net (fo=1532, unset)         0.924    10.924    clk
                         DSP48E1                                      r  mult_result0__0/CLK
                         clock pessimism              0.000    10.924    
                         clock uncertainty           -0.235    10.689    
                         DSP48E1 (Setup_dsp48e1_CLK_PCIN[14])
                                                     -1.400     9.289    mult_result0__0
  -------------------------------------------------------------------
                         required time                          9.289    
                         arrival time                          -7.879    
  -------------------------------------------------------------------
                         slack                                  1.410    

Slack (MET) :             1.410ns  (required time - arrival time)
  Source:                 v_data[7]
                            (input port clocked by clk  {rise@0.000ns fall@5.000ns period=10.000ns})
  Destination:            mult_result0__0/PCIN[15]
                            (rising edge-triggered cell DSP48E1 clocked by clk  {rise@0.000ns fall@5.000ns period=10.000ns})
  Path Group:             clk
  Path Type:              Setup (Max at Slow Process Corner)
  Requirement:            10.000ns  (clk rise@10.000ns - clk rise@0.000ns)
  Data Path Delay:        4.879ns  (logic 3.851ns (78.930%)  route 1.028ns (21.070%))
  Logic Levels:           1  (DSP48E1=1)
  Input Delay:            3.000ns
  Clock Path Skew:        0.924ns (DCD - SCD + CPR)
    Destination Clock Delay (DCD):    0.924ns = ( 10.924 - 10.000 ) 
    Source Clock Delay      (SCD):    0.000ns
    Clock Pessimism Removal (CPR):    0.000ns
  Clock Uncertainty:      0.235ns  ((TSJ^2 + TIJ^2)^1/2 + DJ) / 2 + PE + UU
    Total System Jitter     (TSJ):    0.071ns
    Total Input Jitter      (TIJ):    0.000ns
    Discrete Jitter          (DJ):    0.000ns
    Phase Error              (PE):    0.000ns
    User Uncertainty         (UU):    0.200ns

    Location             Delay type                Incr(ns)  Path(ns)    Netlist Resource(s)
  -------------------------------------------------------------------    -------------------
                         (clock clk rise edge)        0.000     0.000 r  
                         input delay                  3.000     3.000    
                                                      0.000     3.000 r  v_data[7] (IN)
                         net (fo=21, unset)           0.973     3.973    v_data[7]
                                                                      r  mult_result0/B[17]
                         DSP48E1 (Prop_dsp48e1_B[17]_PCOUT[15])
                                                      3.851     7.824 r  mult_result0/PCOUT[15]
                         net (fo=1, unplaced)         0.055     7.879    mult_result0_n_138
                         DSP48E1                                      r  mult_result0__0/PCIN[15]
  -------------------------------------------------------------------    -------------------

                         (clock clk rise edge)       10.000    10.000 r  
                                                      0.000    10.000 r  clk (IN)
                         net (fo=1532, unset)         0.924    10.924    clk
                         DSP48E1                                      r  mult_result0__0/CLK
                         clock pessimism              0.000    10.924    
                         clock uncertainty           -0.235    10.689    
                         DSP48E1 (Setup_dsp48e1_CLK_PCIN[15])
                                                     -1.400     9.289    mult_result0__0
  -------------------------------------------------------------------
                         required time                          9.289    
                         arrival time                          -7.879    
  -------------------------------------------------------------------
                         slack                                  1.410    

Slack (MET) :             1.410ns  (required time - arrival time)
  Source:                 v_data[7]
                            (input port clocked by clk  {rise@0.000ns fall@5.000ns period=10.000ns})
  Destination:            mult_result0__0/PCIN[16]
                            (rising edge-triggered cell DSP48E1 clocked by clk  {rise@0.000ns fall@5.000ns period=10.000ns})
  Path Group:             clk
  Path Type:              Setup (Max at Slow Process Corner)
  Requirement:            10.000ns  (clk rise@10.000ns - clk rise@0.000ns)
  Data Path Delay:        4.879ns  (logic 3.851ns (78.930%)  route 1.028ns (21.070%))
  Logic Levels:           1  (DSP48E1=1)
  Input Delay:            3.000ns
  Clock Path Skew:        0.924ns (DCD - SCD + CPR)
    Destination Clock Delay (DCD):    0.924ns = ( 10.924 - 10.000 ) 
    Source Clock Delay      (SCD):    0.000ns
    Clock Pessimism Removal (CPR):    0.000ns
  Clock Uncertainty:      0.235ns  ((TSJ^2 + TIJ^2)^1/2 + DJ) / 2 + PE + UU
    Total System Jitter     (TSJ):    0.071ns
    Total Input Jitter      (TIJ):    0.000ns
    Discrete Jitter          (DJ):    0.000ns
    Phase Error              (PE):    0.000ns
    User Uncertainty         (UU):    0.200ns

    Location             Delay type                Incr(ns)  Path(ns)    Netlist Resource(s)
  -------------------------------------------------------------------    -------------------
                         (clock clk rise edge)        0.000     0.000 r  
                         input delay                  3.000     3.000    
                                                      0.000     3.000 r  v_data[7] (IN)
                         net (fo=21, unset)           0.973     3.973    v_data[7]
                                                                      r  mult_result0/B[17]
                         DSP48E1 (Prop_dsp48e1_B[17]_PCOUT[16])
                                                      3.851     7.824 r  mult_result0/PCOUT[16]
                         net (fo=1, unplaced)         0.055     7.879    mult_result0_n_137
                         DSP48E1                                      r  mult_result0__0/PCIN[16]
  -------------------------------------------------------------------    -------------------

                         (clock clk rise edge)       10.000    10.000 r  
                                                      0.000    10.000 r  clk (IN)
                         net (fo=1532, unset)         0.924    10.924    clk
                         DSP48E1                                      r  mult_result0__0/CLK
                         clock pessimism              0.000    10.924    
                         clock uncertainty           -0.235    10.689    
                         DSP48E1 (Setup_dsp48e1_CLK_PCIN[16])
                                                     -1.400     9.289    mult_result0__0
  -------------------------------------------------------------------
                         required time                          9.289    
                         arrival time                          -7.879    
  -------------------------------------------------------------------
                         slack                                  1.410    

Slack (MET) :             1.410ns  (required time - arrival time)
  Source:                 v_data[7]
                            (input port clocked by clk  {rise@0.000ns fall@5.000ns period=10.000ns})
  Destination:            mult_result0__0/PCIN[17]
                            (rising edge-triggered cell DSP48E1 clocked by clk  {rise@0.000ns fall@5.000ns period=10.000ns})
  Path Group:             clk
  Path Type:              Setup (Max at Slow Process Corner)
  Requirement:            10.000ns  (clk rise@10.000ns - clk rise@0.000ns)
  Data Path Delay:        4.879ns  (logic 3.851ns (78.930%)  route 1.028ns (21.070%))
  Logic Levels:           1  (DSP48E1=1)
  Input Delay:            3.000ns
  Clock Path Skew:        0.924ns (DCD - SCD + CPR)
    Destination Clock Delay (DCD):    0.924ns = ( 10.924 - 10.000 ) 
    Source Clock Delay      (SCD):    0.000ns
    Clock Pessimism Removal (CPR):    0.000ns
  Clock Uncertainty:      0.235ns  ((TSJ^2 + TIJ^2)^1/2 + DJ) / 2 + PE + UU
    Total System Jitter     (TSJ):    0.071ns
    Total Input Jitter      (TIJ):    0.000ns
    Discrete Jitter          (DJ):    0.000ns
    Phase Error              (PE):    0.000ns
    User Uncertainty         (UU):    0.200ns

    Location             Delay type                Incr(ns)  Path(ns)    Netlist Resource(s)
  -------------------------------------------------------------------    -------------------
                         (clock clk rise edge)        0.000     0.000 r  
                         input delay                  3.000     3.000    
                                                      0.000     3.000 r  v_data[7] (IN)
                         net (fo=21, unset)           0.973     3.973    v_data[7]
                                                                      r  mult_result0/B[17]
                         DSP48E1 (Prop_dsp48e1_B[17]_PCOUT[17])
                                                      3.851     7.824 r  mult_result0/PCOUT[17]
                         net (fo=1, unplaced)         0.055     7.879    mult_result0_n_136
                         DSP48E1                                      r  mult_result0__0/PCIN[17]
  -------------------------------------------------------------------    -------------------

                         (clock clk rise edge)       10.000    10.000 r  
                                                      0.000    10.000 r  clk (IN)
                         net (fo=1532, unset)         0.924    10.924    clk
                         DSP48E1                                      r  mult_result0__0/CLK
                         clock pessimism              0.000    10.924    
                         clock uncertainty           -0.235    10.689    
                         DSP48E1 (Setup_dsp48e1_CLK_PCIN[17])
                                                     -1.400     9.289    mult_result0__0
  -------------------------------------------------------------------
                         required time                          9.289    
                         arrival time                          -7.879    
  -------------------------------------------------------------------
                         slack                                  1.410    

Slack (MET) :             1.410ns  (required time - arrival time)
  Source:                 v_data[7]
                            (input port clocked by clk  {rise@0.000ns fall@5.000ns period=10.000ns})
  Destination:            mult_result0__0/PCIN[18]
                            (rising edge-triggered cell DSP48E1 clocked by clk  {rise@0.000ns fall@5.000ns period=10.000ns})
  Path Group:             clk
  Path Type:              Setup (Max at Slow Process Corner)
  Requirement:            10.000ns  (clk rise@10.000ns - clk rise@0.000ns)
  Data Path Delay:        4.879ns  (logic 3.851ns (78.930%)  route 1.028ns (21.070%))
  Logic Levels:           1  (DSP48E1=1)
  Input Delay:            3.000ns
  Clock Path Skew:        0.924ns (DCD - SCD + CPR)
    Destination Clock Delay (DCD):    0.924ns = ( 10.924 - 10.000 ) 
    Source Clock Delay      (SCD):    0.000ns
    Clock Pessimism Removal (CPR):    0.000ns
  Clock Uncertainty:      0.235ns  ((TSJ^2 + TIJ^2)^1/2 + DJ) / 2 + PE + UU
    Total System Jitter     (TSJ):    0.071ns
    Total Input Jitter      (TIJ):    0.000ns
    Discrete Jitter          (DJ):    0.000ns
    Phase Error              (PE):    0.000ns
    User Uncertainty         (UU):    0.200ns

    Location             Delay type                Incr(ns)  Path(ns)    Netlist Resource(s)
  -------------------------------------------------------------------    -------------------
                         (clock clk rise edge)        0.000     0.000 r  
                         input delay                  3.000     3.000    
                                                      0.000     3.000 r  v_data[7] (IN)
                         net (fo=21, unset)           0.973     3.973    v_data[7]
                                                                      r  mult_result0/B[17]
                         DSP48E1 (Prop_dsp48e1_B[17]_PCOUT[18])
                                                      3.851     7.824 r  mult_result0/PCOUT[18]
                         net (fo=1, unplaced)         0.055     7.879    mult_result0_n_135
                         DSP48E1                                      r  mult_result0__0/PCIN[18]
  -------------------------------------------------------------------    -------------------

                         (clock clk rise edge)       10.000    10.000 r  
                                                      0.000    10.000 r  clk (IN)
                         net (fo=1532, unset)         0.924    10.924    clk
                         DSP48E1                                      r  mult_result0__0/CLK
                         clock pessimism              0.000    10.924    
                         clock uncertainty           -0.235    10.689    
                         DSP48E1 (Setup_dsp48e1_CLK_PCIN[18])
                                                     -1.400     9.289    mult_result0__0
  -------------------------------------------------------------------
                         required time                          9.289    
                         arrival time                          -7.879    
  -------------------------------------------------------------------
                         slack                                  1.410    





Pulse Width Checks
--------------------------------------------------------------------------------------
Clock Name:         clk
Waveform(ns):       { 0.000 5.000 }
Period(ns):         10.000
Sources:            { clk }

Check Type        Corner  Lib Pin      Reference Pin  Required(ns)  Actual(ns)  Slack(ns)  Location  Pin
Min Period        n/a     DSP48E1/CLK  n/a            2.154         10.000      7.846                mult_result0__0/CLK
Min Period        n/a     FDCE/C       n/a            1.000         10.000      9.000                FSM_sequential_state_reg[0]/C
Min Period        n/a     FDCE/C       n/a            1.000         10.000      9.000                FSM_sequential_state_reg[1]/C
Min Period        n/a     FDCE/C       n/a            1.000         10.000      9.000                FSM_sequential_state_reg[2]/C
Min Period        n/a     FDCE/C       n/a            1.000         10.000      9.000                FSM_sequential_state_reg[3]/C
Min Period        n/a     FDCE/C       n/a            1.000         10.000      9.000                busy_reg/C
Min Period        n/a     FDCE/C       n/a            1.000         10.000      9.000                done_reg/C
Min Period        n/a     FDCE/C       n/a            1.000         10.000      9.000                elem_idx_reg[0]/C
Min Period        n/a     FDCE/C       n/a            1.000         10.000      9.000                elem_idx_reg[0]_rep/C
Min Period        n/a     FDCE/C       n/a            1.000         10.000      9.000                elem_idx_reg[0]_rep__0/C
Low Pulse Width   Slow    FDCE/C       n/a            0.500         5.000       4.500                FSM_sequential_state_reg[0]/C
Low Pulse Width   Fast    FDCE/C       n/a            0.500         5.000       4.500                FSM_sequential_state_reg[0]/C
Low Pulse Width   Slow    FDCE/C       n/a            0.500         5.000       4.500                FSM_sequential_state_reg[1]/C
Low Pulse Width   Fast    FDCE/C       n/a            0.500         5.000       4.500                FSM_sequential_state_reg[1]/C
Low Pulse Width   Slow    FDCE/C       n/a            0.500         5.000       4.500                FSM_sequential_state_reg[2]/C
Low Pulse Width   Fast    FDCE/C       n/a            0.500         5.000       4.500                FSM_sequential_state_reg[2]/C
Low Pulse Width   Slow    FDCE/C       n/a            0.500         5.000       4.500                FSM_sequential_state_reg[3]/C
Low Pulse Width   Fast    FDCE/C       n/a            0.500         5.000       4.500                FSM_sequential_state_reg[3]/C
Low Pulse Width   Slow    FDCE/C       n/a            0.500         5.000       4.500                busy_reg/C
Low Pulse Width   Fast    FDCE/C       n/a            0.500         5.000       4.500                busy_reg/C
High Pulse Width  Slow    FDCE/C       n/a            0.500         5.000       4.500                FSM_sequential_state_reg[0]/C
High Pulse Width  Fast    FDCE/C       n/a            0.500         5.000       4.500                FSM_sequential_state_reg[0]/C
High Pulse Width  Slow    FDCE/C       n/a            0.500         5.000       4.500                FSM_sequential_state_reg[1]/C
High Pulse Width  Fast    FDCE/C       n/a            0.500         5.000       4.500                FSM_sequential_state_reg[1]/C
High Pulse Width  Slow    FDCE/C       n/a            0.500         5.000       4.500                FSM_sequential_state_reg[2]/C
High Pulse Width  Fast    FDCE/C       n/a            0.500         5.000       4.500                FSM_sequential_state_reg[2]/C
High Pulse Width  Slow    FDCE/C       n/a            0.500         5.000       4.500                FSM_sequential_state_reg[3]/C
High Pulse Width  Fast    FDCE/C       n/a            0.500         5.000       4.500                FSM_sequential_state_reg[3]/C
High Pulse Width  Slow    FDCE/C       n/a            0.500         5.000       4.500                busy_reg/C
High Pulse Width  Fast    FDCE/C       n/a            0.500         5.000       4.500                busy_reg/C



--------------------------------------------------------------------------------------
Path Group:  (none)
From Clock:  
  To Clock:  clk

Max Delay          1532 Endpoints
Min Delay             0 Endpoints
--------------------------------------------------------------------------------------


Max Delay Paths
--------------------------------------------------------------------------------------
Slack:                    inf
  Source:                 rst_n
                            (input port)
  Destination:            FSM_sequential_state_reg[0]/CLR
                            (recovery check against rising-edge clock clk  {rise@0.000ns fall@5.000ns period=10.000ns})
  Path Group:             (none)
  Path Type:              Recovery (Max at Slow Process Corner)
  Data Path Delay:        2.013ns  (logic 0.124ns (6.160%)  route 1.889ns (93.840%))
  Logic Levels:           1  (LUT1=1)
  Clock Path Skew:        0.924ns (DCD - SCD + CPR)
    Destination Clock Delay (DCD):    0.924ns
    Source Clock Delay      (SCD):    0.000ns
    Clock Pessimism Removal (CPR):    0.000ns
  Clock Uncertainty:      0.225ns  ((TSJ^2 + TIJ^2)^1/2 + DJ) / 2 + PE + UU
    Total System Jitter     (TSJ):    0.050ns
    Total Input Jitter      (TIJ):    0.000ns
    Discrete Jitter          (DJ):    0.000ns
    Phase Error              (PE):    0.000ns
    User Uncertainty         (UU):    0.200ns
  Timing Exception:       False Path

    Location             Delay type                Incr(ns)  Path(ns)    Netlist Resource(s)
  -------------------------------------------------------------------    -------------------
                                                      0.000     0.000 r  rst_n (IN)
                         net (fo=0)                   0.973     0.973    softmax_inst/rst_n
                                                                      r  softmax_inst/done_i_2/I0
                         LUT1 (Prop_lut1_I0_O)        0.124     1.097 f  softmax_inst/done_i_2/O
                         net (fo=1532, unplaced)      0.916     2.013    softmax_inst_n_69
                         FDCE                                         f  FSM_sequential_state_reg[0]/CLR
  -------------------------------------------------------------------    -------------------

                         (clock clk rise edge)        0.000     0.000 r  
                                                      0.000     0.000 r  clk (IN)
                         net (fo=1532, unset)         0.924     0.924    clk
                         FDCE                                         r  FSM_sequential_state_reg[0]/C

Slack:                    inf
  Source:                 rst_n
                            (input port)
  Destination:            FSM_sequential_state_reg[1]/CLR
                            (recovery check against rising-edge clock clk  {rise@0.000ns fall@5.000ns period=10.000ns})
  Path Group:             (none)
  Path Type:              Recovery (Max at Slow Process Corner)
  Data Path Delay:        2.013ns  (logic 0.124ns (6.160%)  route 1.889ns (93.840%))
  Logic Levels:           1  (LUT1=1)
  Clock Path Skew:        0.924ns (DCD - SCD + CPR)
    Destination Clock Delay (DCD):    0.924ns
    Source Clock Delay      (SCD):    0.000ns
    Clock Pessimism Removal (CPR):    0.000ns
  Clock Uncertainty:      0.225ns  ((TSJ^2 + TIJ^2)^1/2 + DJ) / 2 + PE + UU
    Total System Jitter     (TSJ):    0.050ns
    Total Input Jitter      (TIJ):    0.000ns
    Discrete Jitter          (DJ):    0.000ns
    Phase Error              (PE):    0.000ns
    User Uncertainty         (UU):    0.200ns
  Timing Exception:       False Path

    Location             Delay type                Incr(ns)  Path(ns)    Netlist Resource(s)
  -------------------------------------------------------------------    -------------------
                                                      0.000     0.000 r  rst_n (IN)
                         net (fo=0)                   0.973     0.973    softmax_inst/rst_n
                                                                      r  softmax_inst/done_i_2/I0
                         LUT1 (Prop_lut1_I0_O)        0.124     1.097 f  softmax_inst/done_i_2/O
                         net (fo=1532, unplaced)      0.916     2.013    softmax_inst_n_69
                         FDCE                                         f  FSM_sequential_state_reg[1]/CLR
  -------------------------------------------------------------------    -------------------

                         (clock clk rise edge)        0.000     0.000 r  
                                                      0.000     0.000 r  clk (IN)
                         net (fo=1532, unset)         0.924     0.924    clk
                         FDCE                                         r  FSM_sequential_state_reg[1]/C

Slack:                    inf
  Source:                 rst_n
                            (input port)
  Destination:            FSM_sequential_state_reg[2]/CLR
                            (recovery check against rising-edge clock clk  {rise@0.000ns fall@5.000ns period=10.000ns})
  Path Group:             (none)
  Path Type:              Recovery (Max at Slow Process Corner)
  Data Path Delay:        2.013ns  (logic 0.124ns (6.160%)  route 1.889ns (93.840%))
  Logic Levels:           1  (LUT1=1)
  Clock Path Skew:        0.924ns (DCD - SCD + CPR)
    Destination Clock Delay (DCD):    0.924ns
    Source Clock Delay      (SCD):    0.000ns
    Clock Pessimism Removal (CPR):    0.000ns
  Clock Uncertainty:      0.225ns  ((TSJ^2 + TIJ^2)^1/2 + DJ) / 2 + PE + UU
    Total System Jitter     (TSJ):    0.050ns
    Total Input Jitter      (TIJ):    0.000ns
    Discrete Jitter          (DJ):    0.000ns
    Phase Error              (PE):    0.000ns
    User Uncertainty         (UU):    0.200ns
  Timing Exception:       False Path

    Location             Delay type                Incr(ns)  Path(ns)    Netlist Resource(s)
  -------------------------------------------------------------------    -------------------
                                                      0.000     0.000 r  rst_n (IN)
                         net (fo=0)                   0.973     0.973    softmax_inst/rst_n
                                                                      r  softmax_inst/done_i_2/I0
                         LUT1 (Prop_lut1_I0_O)        0.124     1.097 f  softmax_inst/done_i_2/O
                         net (fo=1532, unplaced)      0.916     2.013    softmax_inst_n_69
                         FDCE                                         f  FSM_sequential_state_reg[2]/CLR
  -------------------------------------------------------------------    -------------------

                         (clock clk rise edge)        0.000     0.000 r  
                                                      0.000     0.000 r  clk (IN)
                         net (fo=1532, unset)         0.924     0.924    clk
                         FDCE                                         r  FSM_sequential_state_reg[2]/C

Slack:                    inf
  Source:                 rst_n
                            (input port)
  Destination:            FSM_sequential_state_reg[3]/CLR
                            (recovery check against rising-edge clock clk  {rise@0.000ns fall@5.000ns period=10.000ns})
  Path Group:             (none)
  Path Type:              Recovery (Max at Slow Process Corner)
  Data Path Delay:        2.013ns  (logic 0.124ns (6.160%)  route 1.889ns (93.840%))
  Logic Levels:           1  (LUT1=1)
  Clock Path Skew:        0.924ns (DCD - SCD + CPR)
    Destination Clock Delay (DCD):    0.924ns
    Source Clock Delay      (SCD):    0.000ns
    Clock Pessimism Removal (CPR):    0.000ns
  Clock Uncertainty:      0.225ns  ((TSJ^2 + TIJ^2)^1/2 + DJ) / 2 + PE + UU
    Total System Jitter     (TSJ):    0.050ns
    Total Input Jitter      (TIJ):    0.000ns
    Discrete Jitter          (DJ):    0.000ns
    Phase Error              (PE):    0.000ns
    User Uncertainty         (UU):    0.200ns
  Timing Exception:       False Path

    Location             Delay type                Incr(ns)  Path(ns)    Netlist Resource(s)
  -------------------------------------------------------------------    -------------------
                                                      0.000     0.000 r  rst_n (IN)
                         net (fo=0)                   0.973     0.973    softmax_inst/rst_n
                                                                      r  softmax_inst/done_i_2/I0
                         LUT1 (Prop_lut1_I0_O)        0.124     1.097 f  softmax_inst/done_i_2/O
                         net (fo=1532, unplaced)      0.916     2.013    softmax_inst_n_69
                         FDCE                                         f  FSM_sequential_state_reg[3]/CLR
  -------------------------------------------------------------------    -------------------

                         (clock clk rise edge)        0.000     0.000 r  
                                                      0.000     0.000 r  clk (IN)
                         net (fo=1532, unset)         0.924     0.924    clk
                         FDCE                                         r  FSM_sequential_state_reg[3]/C

Slack:                    inf
  Source:                 rst_n
                            (input port)
  Destination:            busy_reg/CLR
                            (recovery check against rising-edge clock clk  {rise@0.000ns fall@5.000ns period=10.000ns})
  Path Group:             (none)
  Path Type:              Recovery (Max at Slow Process Corner)
  Data Path Delay:        2.013ns  (logic 0.124ns (6.160%)  route 1.889ns (93.840%))
  Logic Levels:           1  (LUT1=1)
  Clock Path Skew:        0.924ns (DCD - SCD + CPR)
    Destination Clock Delay (DCD):    0.924ns
    Source Clock Delay      (SCD):    0.000ns
    Clock Pessimism Removal (CPR):    0.000ns
  Clock Uncertainty:      0.225ns  ((TSJ^2 + TIJ^2)^1/2 + DJ) / 2 + PE + UU
    Total System Jitter     (TSJ):    0.050ns
    Total Input Jitter      (TIJ):    0.000ns
    Discrete Jitter          (DJ):    0.000ns
    Phase Error              (PE):    0.000ns
    User Uncertainty         (UU):    0.200ns
  Timing Exception:       False Path

    Location             Delay type                Incr(ns)  Path(ns)    Netlist Resource(s)
  -------------------------------------------------------------------    -------------------
                                                      0.000     0.000 r  rst_n (IN)
                         net (fo=0)                   0.973     0.973    softmax_inst/rst_n
                                                                      r  softmax_inst/done_i_2/I0
                         LUT1 (Prop_lut1_I0_O)        0.124     1.097 f  softmax_inst/done_i_2/O
                         net (fo=1532, unplaced)      0.916     2.013    softmax_inst_n_69
                         FDCE                                         f  busy_reg/CLR
  -------------------------------------------------------------------    -------------------

                         (clock clk rise edge)        0.000     0.000 r  
                                                      0.000     0.000 r  clk (IN)
                         net (fo=1532, unset)         0.924     0.924    clk
                         FDCE                                         r  busy_reg/C

Slack:                    inf
  Source:                 rst_n
                            (input port)
  Destination:            done_reg/CLR
                            (recovery check against rising-edge clock clk  {rise@0.000ns fall@5.000ns period=10.000ns})
  Path Group:             (none)
  Path Type:              Recovery (Max at Slow Process Corner)
  Data Path Delay:        2.013ns  (logic 0.124ns (6.160%)  route 1.889ns (93.840%))
  Logic Levels:           1  (LUT1=1)
  Clock Path Skew:        0.924ns (DCD - SCD + CPR)
    Destination Clock Delay (DCD):    0.924ns
    Source Clock Delay      (SCD):    0.000ns
    Clock Pessimism Removal (CPR):    0.000ns
  Clock Uncertainty:      0.225ns  ((TSJ^2 + TIJ^2)^1/2 + DJ) / 2 + PE + UU
    Total System Jitter     (TSJ):    0.050ns
    Total Input Jitter      (TIJ):    0.000ns
    Discrete Jitter          (DJ):    0.000ns
    Phase Error              (PE):    0.000ns
    User Uncertainty         (UU):    0.200ns
  Timing Exception:       False Path

    Location             Delay type                Incr(ns)  Path(ns)    Netlist Resource(s)
  -------------------------------------------------------------------    -------------------
                                                      0.000     0.000 r  rst_n (IN)
                         net (fo=0)                   0.973     0.973    softmax_inst/rst_n
                                                                      r  softmax_inst/done_i_2/I0
                         LUT1 (Prop_lut1_I0_O)        0.124     1.097 f  softmax_inst/done_i_2/O
                         net (fo=1532, unplaced)      0.916     2.013    softmax_inst_n_69
                         FDCE                                         f  done_reg/CLR
  -------------------------------------------------------------------    -------------------

                         (clock clk rise edge)        0.000     0.000 r  
                                                      0.000     0.000 r  clk (IN)
                         net (fo=1532, unset)         0.924     0.924    clk
                         FDCE                                         r  done_reg/C

Slack:                    inf
  Source:                 rst_n
                            (input port)
  Destination:            elem_idx_reg[0]/CLR
                            (recovery check against rising-edge clock clk  {rise@0.000ns fall@5.000ns period=10.000ns})
  Path Group:             (none)
  Path Type:              Recovery (Max at Slow Process Corner)
  Data Path Delay:        2.013ns  (logic 0.124ns (6.160%)  route 1.889ns (93.840%))
  Logic Levels:           1  (LUT1=1)
  Clock Path Skew:        0.924ns (DCD - SCD + CPR)
    Destination Clock Delay (DCD):    0.924ns
    Source Clock Delay      (SCD):    0.000ns
    Clock Pessimism Removal (CPR):    0.000ns
  Clock Uncertainty:      0.225ns  ((TSJ^2 + TIJ^2)^1/2 + DJ) / 2 + PE + UU
    Total System Jitter     (TSJ):    0.050ns
    Total Input Jitter      (TIJ):    0.000ns
    Discrete Jitter          (DJ):    0.000ns
    Phase Error              (PE):    0.000ns
    User Uncertainty         (UU):    0.200ns
  Timing Exception:       False Path

    Location             Delay type                Incr(ns)  Path(ns)    Netlist Resource(s)
  -------------------------------------------------------------------    -------------------
                                                      0.000     0.000 r  rst_n (IN)
                         net (fo=0)                   0.973     0.973    softmax_inst/rst_n
                                                                      r  softmax_inst/done_i_2/I0
                         LUT1 (Prop_lut1_I0_O)        0.124     1.097 f  softmax_inst/done_i_2/O
                         net (fo=1532, unplaced)      0.916     2.013    softmax_inst_n_69
                         FDCE                                         f  elem_idx_reg[0]/CLR
  -------------------------------------------------------------------    -------------------

                         (clock clk rise edge)        0.000     0.000 r  
                                                      0.000     0.000 r  clk (IN)
                         net (fo=1532, unset)         0.924     0.924    clk
                         FDCE                                         r  elem_idx_reg[0]/C

Slack:                    inf
  Source:                 rst_n
                            (input port)
  Destination:            elem_idx_reg[0]_rep/CLR
                            (recovery check against rising-edge clock clk  {rise@0.000ns fall@5.000ns period=10.000ns})
  Path Group:             (none)
  Path Type:              Recovery (Max at Slow Process Corner)
  Data Path Delay:        2.013ns  (logic 0.124ns (6.160%)  route 1.889ns (93.840%))
  Logic Levels:           1  (LUT1=1)
  Clock Path Skew:        0.924ns (DCD - SCD + CPR)
    Destination Clock Delay (DCD):    0.924ns
    Source Clock Delay      (SCD):    0.000ns
    Clock Pessimism Removal (CPR):    0.000ns
  Clock Uncertainty:      0.225ns  ((TSJ^2 + TIJ^2)^1/2 + DJ) / 2 + PE + UU
    Total System Jitter     (TSJ):    0.050ns
    Total Input Jitter      (TIJ):    0.000ns
    Discrete Jitter          (DJ):    0.000ns
    Phase Error              (PE):    0.000ns
    User Uncertainty         (UU):    0.200ns
  Timing Exception:       False Path

    Location             Delay type                Incr(ns)  Path(ns)    Netlist Resource(s)
  -------------------------------------------------------------------    -------------------
                                                      0.000     0.000 r  rst_n (IN)
                         net (fo=0)                   0.973     0.973    softmax_inst/rst_n
                                                                      r  softmax_inst/done_i_2/I0
                         LUT1 (Prop_lut1_I0_O)        0.124     1.097 f  softmax_inst/done_i_2/O
                         net (fo=1532, unplaced)      0.916     2.013    softmax_inst_n_69
                         FDCE                                         f  elem_idx_reg[0]_rep/CLR
  -------------------------------------------------------------------    -------------------

                         (clock clk rise edge)        0.000     0.000 r  
                                                      0.000     0.000 r  clk (IN)
                         net (fo=1532, unset)         0.924     0.924    clk
                         FDCE                                         r  elem_idx_reg[0]_rep/C

Slack:                    inf
  Source:                 rst_n
                            (input port)
  Destination:            elem_idx_reg[0]_rep__0/CLR
                            (recovery check against rising-edge clock clk  {rise@0.000ns fall@5.000ns period=10.000ns})
  Path Group:             (none)
  Path Type:              Recovery (Max at Slow Process Corner)
  Data Path Delay:        2.013ns  (logic 0.124ns (6.160%)  route 1.889ns (93.840%))
  Logic Levels:           1  (LUT1=1)
  Clock Path Skew:        0.924ns (DCD - SCD + CPR)
    Destination Clock Delay (DCD):    0.924ns
    Source Clock Delay      (SCD):    0.000ns
    Clock Pessimism Removal (CPR):    0.000ns
  Clock Uncertainty:      0.225ns  ((TSJ^2 + TIJ^2)^1/2 + DJ) / 2 + PE + UU
    Total System Jitter     (TSJ):    0.050ns
    Total Input Jitter      (TIJ):    0.000ns
    Discrete Jitter          (DJ):    0.000ns
    Phase Error              (PE):    0.000ns
    User Uncertainty         (UU):    0.200ns
  Timing Exception:       False Path

    Location             Delay type                Incr(ns)  Path(ns)    Netlist Resource(s)
  -------------------------------------------------------------------    -------------------
                                                      0.000     0.000 r  rst_n (IN)
                         net (fo=0)                   0.973     0.973    softmax_inst/rst_n
                                                                      r  softmax_inst/done_i_2/I0
                         LUT1 (Prop_lut1_I0_O)        0.124     1.097 f  softmax_inst/done_i_2/O
                         net (fo=1532, unplaced)      0.916     2.013    softmax_inst_n_69
                         FDCE                                         f  elem_idx_reg[0]_rep__0/CLR
  -------------------------------------------------------------------    -------------------

                         (clock clk rise edge)        0.000     0.000 r  
                                                      0.000     0.000 r  clk (IN)
                         net (fo=1532, unset)         0.924     0.924    clk
                         FDCE                                         r  elem_idx_reg[0]_rep__0/C

Slack:                    inf
  Source:                 rst_n
                            (input port)
  Destination:            elem_idx_reg[0]_rep__1/CLR
                            (recovery check against rising-edge clock clk  {rise@0.000ns fall@5.000ns period=10.000ns})
  Path Group:             (none)
  Path Type:              Recovery (Max at Slow Process Corner)
  Data Path Delay:        2.013ns  (logic 0.124ns (6.160%)  route 1.889ns (93.840%))
  Logic Levels:           1  (LUT1=1)
  Clock Path Skew:        0.924ns (DCD - SCD + CPR)
    Destination Clock Delay (DCD):    0.924ns
    Source Clock Delay      (SCD):    0.000ns
    Clock Pessimism Removal (CPR):    0.000ns
  Clock Uncertainty:      0.225ns  ((TSJ^2 + TIJ^2)^1/2 + DJ) / 2 + PE + UU
    Total System Jitter     (TSJ):    0.050ns
    Total Input Jitter      (TIJ):    0.000ns
    Discrete Jitter          (DJ):    0.000ns
    Phase Error              (PE):    0.000ns
    User Uncertainty         (UU):    0.200ns
  Timing Exception:       False Path

    Location             Delay type                Incr(ns)  Path(ns)    Netlist Resource(s)
  -------------------------------------------------------------------    -------------------
                                                      0.000     0.000 r  rst_n (IN)
                         net (fo=0)                   0.973     0.973    softmax_inst/rst_n
                                                                      r  softmax_inst/done_i_2/I0
                         LUT1 (Prop_lut1_I0_O)        0.124     1.097 f  softmax_inst/done_i_2/O
                         net (fo=1532, unplaced)      0.916     2.013    softmax_inst_n_69
                         FDCE                                         f  elem_idx_reg[0]_rep__1/CLR
  -------------------------------------------------------------------    -------------------

                         (clock clk rise edge)        0.000     0.000 r  
                                                      0.000     0.000 r  clk (IN)
                         net (fo=1532, unset)         0.924     0.924    clk
                         FDCE                                         r  elem_idx_reg[0]_rep__1/C





